Archive member included to satisfy reference by file (symbol)

/Users/riccardobenevelli/Library/Application Support/Code/User/globalStorage/bmd.stm32-for-vscode/@xpack-dev-tools/arm-none-eabi-gcc/11.3.1-1.1.2/.content/bin/../lib/gcc/arm-none-eabi/11.3.1/../../../../arm-none-eabi/lib/thumb/v7e-m+fp/hard/libc_nano.a(libc_a-atexit.o)
                              /Users/riccardobenevelli/Library/Application Support/Code/User/globalStorage/bmd.stm32-for-vscode/@xpack-dev-tools/arm-none-eabi-gcc/11.3.1-1.1.2/.content/bin/../lib/gcc/arm-none-eabi/11.3.1/../../../../arm-none-eabi/lib/thumb/v7e-m+fp/hard/crt0.o (atexit)
/Users/riccardobenevelli/Library/Application Support/Code/User/globalStorage/bmd.stm32-for-vscode/@xpack-dev-tools/arm-none-eabi-gcc/11.3.1-1.1.2/.content/bin/../lib/gcc/arm-none-eabi/11.3.1/../../../../arm-none-eabi/lib/thumb/v7e-m+fp/hard/libc_nano.a(libc_a-exit.o)
                              /Users/riccardobenevelli/Library/Application Support/Code/User/globalStorage/bmd.stm32-for-vscode/@xpack-dev-tools/arm-none-eabi-gcc/11.3.1-1.1.2/.content/bin/../lib/gcc/arm-none-eabi/11.3.1/../../../../arm-none-eabi/lib/thumb/v7e-m+fp/hard/crt0.o (exit)
/Users/riccardobenevelli/Library/Application Support/Code/User/globalStorage/bmd.stm32-for-vscode/@xpack-dev-tools/arm-none-eabi-gcc/11.3.1-1.1.2/.content/bin/../lib/gcc/arm-none-eabi/11.3.1/../../../../arm-none-eabi/lib/thumb/v7e-m+fp/hard/libc_nano.a(libc_a-findfp.o)
                              /Users/riccardobenevelli/Library/Application Support/Code/User/globalStorage/bmd.stm32-for-vscode/@xpack-dev-tools/arm-none-eabi-gcc/11.3.1-1.1.2/.content/bin/../lib/gcc/arm-none-eabi/11.3.1/../../../../arm-none-eabi/lib/thumb/v7e-m+fp/hard/libc_nano.a(libc_a-exit.o) (__stdio_exit_handler)
/Users/riccardobenevelli/Library/Application Support/Code/User/globalStorage/bmd.stm32-for-vscode/@xpack-dev-tools/arm-none-eabi-gcc/11.3.1-1.1.2/.content/bin/../lib/gcc/arm-none-eabi/11.3.1/../../../../arm-none-eabi/lib/thumb/v7e-m+fp/hard/libc_nano.a(libc_a-fwalk.o)
                              /Users/riccardobenevelli/Library/Application Support/Code/User/globalStorage/bmd.stm32-for-vscode/@xpack-dev-tools/arm-none-eabi-gcc/11.3.1-1.1.2/.content/bin/../lib/gcc/arm-none-eabi/11.3.1/../../../../arm-none-eabi/lib/thumb/v7e-m+fp/hard/libc_nano.a(libc_a-findfp.o) (_fwalk_sglue)
/Users/riccardobenevelli/Library/Application Support/Code/User/globalStorage/bmd.stm32-for-vscode/@xpack-dev-tools/arm-none-eabi-gcc/11.3.1-1.1.2/.content/bin/../lib/gcc/arm-none-eabi/11.3.1/../../../../arm-none-eabi/lib/thumb/v7e-m+fp/hard/libc_nano.a(libc_a-sprintf.o)
                              build/main.o (sprintf)
/Users/riccardobenevelli/Library/Application Support/Code/User/globalStorage/bmd.stm32-for-vscode/@xpack-dev-tools/arm-none-eabi-gcc/11.3.1-1.1.2/.content/bin/../lib/gcc/arm-none-eabi/11.3.1/../../../../arm-none-eabi/lib/thumb/v7e-m+fp/hard/libc_nano.a(libc_a-stdio.o)
                              /Users/riccardobenevelli/Library/Application Support/Code/User/globalStorage/bmd.stm32-for-vscode/@xpack-dev-tools/arm-none-eabi-gcc/11.3.1-1.1.2/.content/bin/../lib/gcc/arm-none-eabi/11.3.1/../../../../arm-none-eabi/lib/thumb/v7e-m+fp/hard/libc_nano.a(libc_a-findfp.o) (__sread)
/Users/riccardobenevelli/Library/Application Support/Code/User/globalStorage/bmd.stm32-for-vscode/@xpack-dev-tools/arm-none-eabi-gcc/11.3.1-1.1.2/.content/bin/../lib/gcc/arm-none-eabi/11.3.1/../../../../arm-none-eabi/lib/thumb/v7e-m+fp/hard/libc_nano.a(libc_a-memset.o)
                              /Users/riccardobenevelli/Library/Application Support/Code/User/globalStorage/bmd.stm32-for-vscode/@xpack-dev-tools/arm-none-eabi-gcc/11.3.1-1.1.2/.content/bin/../lib/gcc/arm-none-eabi/11.3.1/../../../../arm-none-eabi/lib/thumb/v7e-m+fp/hard/crt0.o (memset)
/Users/riccardobenevelli/Library/Application Support/Code/User/globalStorage/bmd.stm32-for-vscode/@xpack-dev-tools/arm-none-eabi-gcc/11.3.1-1.1.2/.content/bin/../lib/gcc/arm-none-eabi/11.3.1/../../../../arm-none-eabi/lib/thumb/v7e-m+fp/hard/libc_nano.a(libc_a-closer.o)
                              /Users/riccardobenevelli/Library/Application Support/Code/User/globalStorage/bmd.stm32-for-vscode/@xpack-dev-tools/arm-none-eabi-gcc/11.3.1-1.1.2/.content/bin/../lib/gcc/arm-none-eabi/11.3.1/../../../../arm-none-eabi/lib/thumb/v7e-m+fp/hard/libc_nano.a(libc_a-stdio.o) (_close_r)
/Users/riccardobenevelli/Library/Application Support/Code/User/globalStorage/bmd.stm32-for-vscode/@xpack-dev-tools/arm-none-eabi-gcc/11.3.1-1.1.2/.content/bin/../lib/gcc/arm-none-eabi/11.3.1/../../../../arm-none-eabi/lib/thumb/v7e-m+fp/hard/libc_nano.a(libc_a-reent.o)
                              /Users/riccardobenevelli/Library/Application Support/Code/User/globalStorage/bmd.stm32-for-vscode/@xpack-dev-tools/arm-none-eabi-gcc/11.3.1-1.1.2/.content/bin/../lib/gcc/arm-none-eabi/11.3.1/../../../../arm-none-eabi/lib/thumb/v7e-m+fp/hard/libc_nano.a(libc_a-closer.o) (errno)
[...]
Memory Configuration

Name             Origin             Length             Attributes
RAM              0x0000000020000000 0x0000000000020000 xrw
FLASH            0x0000000008000000 0x0000000000080000 xr
*default*        0x0000000000000000 0xffffffffffffffff

Linker script and memory map

LOAD /Users/riccardobenevelli/Library/Application Support/Code/User/globalStorage/bmd.stm32-for-vscode/@xpack-dev-tools/arm-none-eabi-gcc/11.3.1-1.1.2/.content/bin/../lib/gcc/arm-none-eabi/11.3.1/thumb/v7e-m+fp/hard/crti.o
LOAD /Users/riccardobenevelli/Library/Application Support/Code/User/globalStorage/bmd.stm32-for-vscode/@xpack-dev-tools/arm-none-eabi-gcc/11.3.1-1.1.2/.content/bin/../lib/gcc/arm-none-eabi/11.3.1/thumb/v7e-m+fp/hard/crtbegin.o
LOAD /Users/riccardobenevelli/Library/Application Support/Code/User/globalStorage/bmd.stm32-for-vscode/@xpack-dev-tools/arm-none-eabi-gcc/11.3.1-1.1.2/.content/bin/../lib/gcc/arm-none-eabi/11.3.1/../../../../arm-none-eabi/lib/thumb/v7e-m+fp/hard/crt0.o
LOAD build/main.o
LOAD build/stm32g4xx_hal_msp.o
LOAD build/stm32g4xx_it.o
LOAD build/system_stm32g4xx.o
LOAD build/stm32g4xx_hal.o
LOAD build/stm32g4xx_hal_cortex.o
LOAD build/stm32g4xx_hal_dma.o
LOAD build/stm32g4xx_hal_dma_ex.o
LOAD build/stm32g4xx_hal_exti.o
LOAD build/stm32g4xx_hal_flash.o
LOAD build/stm32g4xx_hal_flash_ex.o
LOAD build/stm32g4xx_hal_flash_ramfunc.o
LOAD build/stm32g4xx_hal_gpio.o
LOAD build/stm32g4xx_hal_pwr.o
LOAD build/stm32g4xx_hal_pwr_ex.o
LOAD build/stm32g4xx_hal_rcc.o
LOAD build/stm32g4xx_hal_rcc_ex.o
LOAD build/stm32g4xx_hal_tim.o
LOAD build/stm32g4xx_hal_tim_ex.o
LOAD build/stm32g4xx_hal_uart.o
LOAD build/stm32g4xx_hal_uart_ex.o
LOAD build/startup_stm32g474xx.o
LOAD /Users/riccardobenevelli/Library/Application Support/Code/User/globalStorage/bmd.stm32-for-vscode/@xpack-dev-tools/arm-none-eabi-gcc/11.3.1-1.1.2/.content/bin/../lib/gcc/arm-none-eabi/11.3.1/../../../../arm-none-eabi/lib/thumb/v7e-m+fp/hard/libc_nano.a
LOAD /Users/riccardobenevelli/Library/Application Support/Code/User/globalStorage/bmd.stm32-for-vscode/@xpack-dev-tools/arm-none-eabi-gcc/11.3.1-1.1.2/.content/bin/../lib/gcc/arm-none-eabi/11.3.1/../../../../arm-none-eabi/lib/thumb/v7e-m+fp/hard/libm.a
LOAD /Users/riccardobenevelli/Library/Application Support/Code/User/globalStorage/bmd.stm32-for-vscode/@xpack-dev-tools/arm-none-eabi-gcc/11.3.1-1.1.2/.content/bin/../lib/gcc/arm-none-eabi/11.3.1/../../../../arm-none-eabi/lib/thumb/v7e-m+fp/hard/libnosys.a
START GROUP
LOAD /Users/riccardobenevelli/Library/Application Support/Code/User/globalStorage/bmd.stm32-for-vscode/@xpack-dev-tools/arm-none-eabi-gcc/11.3.1-1.1.2/.content/bin/../lib/gcc/arm-none-eabi/11.3.1/thumb/v7e-m+fp/hard/libgcc.a
LOAD /Users/riccardobenevelli/Library/Application Support/Code/User/globalStorage/bmd.stm32-for-vscode/@xpack-dev-tools/arm-none-eabi-gcc/11.3.1-1.1.2/.content/bin/../lib/gcc/arm-none-eabi/11.3.1/../../../../arm-none-eabi/lib/thumb/v7e-m+fp/hard/libc_nano.a
END GROUP
START GROUP
LOAD /Users/riccardobenevelli/Library/Application Support/Code/User/globalStorage/bmd.stm32-for-vscode/@xpack-dev-tools/arm-none-eabi-gcc/11.3.1-1.1.2/.content/bin/../lib/gcc/arm-none-eabi/11.3.1/thumb/v7e-m+fp/hard/libgcc.a
LOAD /Users/riccardobenevelli/Library/Application Support/Code/User/globalStorage/bmd.stm32-for-vscode/@xpack-dev-tools/arm-none-eabi-gcc/11.3.1-1.1.2/.content/bin/../lib/gcc/arm-none-eabi/11.3.1/../../../../arm-none-eabi/lib/thumb/v7e-m+fp/hard/libc_nano.a
END GROUP
LOAD /Users/riccardobenevelli/Library/Application Support/Code/User/globalStorage/bmd.stm32-for-vscode/@xpack-dev-tools/arm-none-eabi-gcc/11.3.1-1.1.2/.content/bin/../lib/gcc/arm-none-eabi/11.3.1/thumb/v7e-m+fp/hard/crtend.o
LOAD /Users/riccardobenevelli/Library/Application Support/Code/User/globalStorage/bmd.stm32-for-vscode/@xpack-dev-tools/arm-none-eabi-gcc/11.3.1-1.1.2/.content/bin/../lib/gcc/arm-none-eabi/11.3.1/thumb/v7e-m+fp/hard/crtn.o
                0x0000000020020000                _estack = (ORIGIN (RAM) + LENGTH (RAM))
                0x0000000000000200                _Min_Heap_Size = 0x200
                0x0000000000000400                _Min_Stack_Size = 0x400

.isr_vector     0x0000000008000000      0x1d8
                0x0000000008000000                . = ALIGN (0x4)
 *(.isr_vector)
 .isr_vector    0x0000000008000000      0x1d8 build/startup_stm32g474xx.o
                0x0000000008000000                g_pfnVectors
                0x00000000080001d8                . = ALIGN (0x4)

.text           0x00000000080001e0     0x2ae8
                0x00000000080001e0                . = ALIGN (0x4)
 *(.text)
 .text          0x00000000080001e0       0xa0 /Users/riccardobenevelli/Library/Application Support/Code/User/globalStorage/bmd.stm32-for-vscode/@xpack-dev-tools/arm-none-eabi-gcc/11.3.1-1.1.2/.content/bin/../lib/gcc/arm-none-eabi/11.3.1/../../../../arm-none-eabi/lib/thumb/v7e-m+fp/hard/libc_nano.a(libc_a-memchr.o)
                0x00000000080001e0                memchr
 .text          0x0000000008000280       0x30 /Users/riccardobenevelli/Library/Application Support/Code/User/globalStorage/bmd.stm32-for-vscode/@xpack-dev-tools/arm-none-eabi-gcc/11.3.1-1.1.2/.content/bin/../lib/gcc/arm-none-eabi/11.3.1/thumb/v7e-m+fp/hard/libgcc.a(_aeabi_uldivmod.o)
                0x0000000008000280                __aeabi_uldivmod
 .text          0x00000000080002b0        0x4 /Users/riccardobenevelli/Library/Application Support/Code/User/globalStorage/bmd.stm32-for-vscode/@xpack-dev-tools/arm-none-eabi-gcc/11.3.1-1.1.2/.content/bin/../lib/gcc/arm-none-eabi/11.3.1/thumb/v7e-m+fp/hard/libgcc.a(_dvmd_tls.o)
                0x00000000080002b0                __aeabi_ldiv0
                0x00000000080002b0                __aeabi_idiv0
 *(.text*)
 .text.__do_global_dtors_aux
                0x00000000080002b4       0x24 /Users/riccardobenevelli/Library/Application Support/Code/User/globalStorage/bmd.stm32-for-vscode/@xpack-dev-tools/arm-none-eabi-gcc/11.3.1-1.1.2/.content/bin/../lib/gcc/arm-none-eabi/11.3.1/thumb/v7e-m+fp/hard/crtbegin.o
 .text.frame_dummy
                0x00000000080002d8       0x1c /Users/riccardobenevelli/Library/Application Support/Code/User/globalStorage/bmd.stm32-for-vscode/@xpack-dev-tools/arm-none-eabi-gcc/11.3.1-1.1.2/.content/bin/../lib/gcc/arm-none-eabi/11.3.1/thumb/v7e-m+fp/hard/crtbegin.o
 .text.MX_GPIO_Init
                0x00000000080002f4       0xc0 build/main.o
 .text.Error_Handler
                0x00000000080003b4        0x4 build/main.o
                0x00000000080003b4                Error_Handler
 .text.MX_LPUART1_UART_Init
                0x00000000080003b8       0x60 build/main.o
 .text.MX_TIM16_Init
                0x0000000008000418       0x34 build/main.o
 .text.SystemClock_Config
                0x000000000800044c       0x76 build/main.o
                0x000000000800044c                SystemClock_Config
 *fill*         0x00000000080004c2        0x2 
 .text.main     0x00000000080004c4       0x78 build/main.o
                0x00000000080004c4                main
 .text.HAL_MspInit
                0x000000000800053c       0x38 build/stm32g4xx_hal_msp.o
                0x000000000800053c                HAL_MspInit
 .text.HAL_UART_MspInit
                0x0000000008000574       0x84 build/stm32g4xx_hal_msp.o
                0x0000000008000574                HAL_UART_MspInit
 .text.HAL_TIM_Base_MspInit
                0x00000000080005f8       0x2c build/stm32g4xx_hal_msp.o
                0x00000000080005f8                HAL_TIM_Base_MspInit
 .text.NMI_Handler
                0x0000000008000624        0x2 build/stm32g4xx_it.o
                0x0000000008000624                NMI_Handler
 .text.HardFault_Handler
                0x0000000008000626        0x2 build/stm32g4xx_it.o
                0x0000000008000626                HardFault_Handler
 .text.MemManage_Handler
                0x0000000008000628        0x2 build/stm32g4xx_it.o
                0x0000000008000628                MemManage_Handler
 .text.BusFault_Handler
                0x000000000800062a        0x2 build/stm32g4xx_it.o
                0x000000000800062a                BusFault_Handler
 .text.UsageFault_Handler
                0x000000000800062c        0x2 build/stm32g4xx_it.o
                0x000000000800062c                UsageFault_Handler
 .text.SVC_Handler
                0x000000000800062e        0x2 build/stm32g4xx_it.o
                0x000000000800062e                SVC_Handler
 .text.DebugMon_Handler
                0x0000000008000630        0x2 build/stm32g4xx_it.o
                0x0000000008000630                DebugMon_Handler
 .text.PendSV_Handler
                0x0000000008000632        0x2 build/stm32g4xx_it.o
                0x0000000008000632                PendSV_Handler
 .text.SysTick_Handler
                0x0000000008000634        0x8 build/stm32g4xx_it.o
                0x0000000008000634                SysTick_Handler
 .text.EXTI15_10_IRQHandler
                0x000000000800063c        0xc build/stm32g4xx_it.o
                0x000000000800063c                EXTI15_10_IRQHandler
 .text.SystemInit
                0x0000000008000648       0x14 build/system_stm32g4xx.o
                0x0000000008000648                SystemInit
 .text.HAL_InitTick
                0x000000000800065c       0x50 build/stm32g4xx_hal.o
                0x000000000800065c                HAL_InitTick
 .text.HAL_Init
                0x00000000080006ac       0x1e build/stm32g4xx_hal.o
                0x00000000080006ac                HAL_Init
 *fill*         0x00000000080006ca        0x2 
 .text.HAL_IncTick
                0x00000000080006cc       0x18 build/stm32g4xx_hal.o
                0x00000000080006cc                HAL_IncTick
 .text.HAL_GetTick
                0x00000000080006e4        0xc build/stm32g4xx_hal.o
                0x00000000080006e4                HAL_GetTick
 .text.HAL_NVIC_SetPriorityGrouping
                0x00000000080006f0       0x24 build/stm32g4xx_hal_cortex.o
                0x00000000080006f0                HAL_NVIC_SetPriorityGrouping
 .text.HAL_NVIC_SetPriority
                0x0000000008000714       0x70 build/stm32g4xx_hal_cortex.o
                0x0000000008000714                HAL_NVIC_SetPriority
 .text.HAL_NVIC_EnableIRQ
                0x0000000008000784       0x1c build/stm32g4xx_hal_cortex.o
                0x0000000008000784                HAL_NVIC_EnableIRQ
 .text.HAL_SYSTICK_Config
                0x00000000080007a0       0x28 build/stm32g4xx_hal_cortex.o
                0x00000000080007a0                HAL_SYSTICK_Config
 .text.HAL_GPIO_Init
                0x00000000080007c8      0x1d4 build/stm32g4xx_hal_gpio.o
                0x00000000080007c8                HAL_GPIO_Init
 .text.HAL_GPIO_WritePin
                0x000000000800099c        0xa build/stm32g4xx_hal_gpio.o
                0x000000000800099c                HAL_GPIO_WritePin
 .text.HAL_GPIO_TogglePin
                0x00000000080009a6       0x12 build/stm32g4xx_hal_gpio.o
                0x00000000080009a6                HAL_GPIO_TogglePin
 .text.HAL_GPIO_EXTI_Callback
                0x00000000080009b8        0x2 build/stm32g4xx_hal_gpio.o
                0x00000000080009b8                HAL_GPIO_EXTI_Callback
 *fill*         0x00000000080009ba        0x2 
 .text.HAL_GPIO_EXTI_IRQHandler
                0x00000000080009bc       0x1c build/stm32g4xx_hal_gpio.o
                0x00000000080009bc                HAL_GPIO_EXTI_IRQHandler
 .text.HAL_PWREx_ControlVoltageScaling
                0x00000000080009d8      0x10c build/stm32g4xx_hal_pwr_ex.o
                0x00000000080009d8                HAL_PWREx_ControlVoltageScaling
 .text.HAL_PWREx_DisableUCPDDeadBattery
                0x0000000008000ae4       0x10 build/stm32g4xx_hal_pwr_ex.o
                0x0000000008000ae4                HAL_PWREx_DisableUCPDDeadBattery
 .text.RCC_GetSysClockFreqFromPLLSource
                0x0000000008000af4       0x58 build/stm32g4xx_hal_rcc.o
 .text.HAL_RCC_OscConfig
                0x0000000008000b4c      0x4e8 build/stm32g4xx_hal_rcc.o
                0x0000000008000b4c                HAL_RCC_OscConfig
 .text.HAL_RCC_GetSysClockFreq
                0x0000000008001034       0x88 build/stm32g4xx_hal_rcc.o
                0x0000000008001034                HAL_RCC_GetSysClockFreq
 .text.HAL_RCC_ClockConfig
                0x00000000080010bc      0x1f8 build/stm32g4xx_hal_rcc.o
                0x00000000080010bc                HAL_RCC_ClockConfig
 .text.HAL_RCC_GetHCLKFreq
                0x00000000080012b4        0xc build/stm32g4xx_hal_rcc.o
                0x00000000080012b4                HAL_RCC_GetHCLKFreq
 .text.HAL_RCC_GetPCLK1Freq
                0x00000000080012c0       0x24 build/stm32g4xx_hal_rcc.o
                0x00000000080012c0                HAL_RCC_GetPCLK1Freq
 .text.HAL_RCC_GetPCLK2Freq
                0x00000000080012e4       0x24 build/stm32g4xx_hal_rcc.o
                0x00000000080012e4                HAL_RCC_GetPCLK2Freq
 .text.HAL_RCCEx_PeriphCLKConfig
                0x0000000008001308      0x378 build/stm32g4xx_hal_rcc_ex.o
                0x0000000008001308                HAL_RCCEx_PeriphCLKConfig
 .text.HAL_TIM_Base_Start
                0x0000000008001680       0x8c build/stm32g4xx_hal_tim.o
                0x0000000008001680                HAL_TIM_Base_Start
 .text.TIM_Base_SetConfig
                0x000000000800170c       0xe0 build/stm32g4xx_hal_tim.o
                0x000000000800170c                TIM_Base_SetConfig
 .text.HAL_TIM_Base_Init
                0x00000000080017ec       0x60 build/stm32g4xx_hal_tim.o
                0x00000000080017ec                HAL_TIM_Base_Init
 .text.UART_SetConfig
                0x000000000800184c      0x388 build/stm32g4xx_hal_uart.o
                0x000000000800184c                UART_SetConfig
 .text.UART_AdvFeatureConfig
                0x0000000008001bd4       0xca build/stm32g4xx_hal_uart.o
                0x0000000008001bd4                UART_AdvFeatureConfig
 .text.UART_WaitOnFlagUntilTimeout
                0x0000000008001c9e       0xd8 build/stm32g4xx_hal_uart.o
                0x0000000008001c9e                UART_WaitOnFlagUntilTimeout
 .text.HAL_UART_Transmit
                0x0000000008001d76       0xde build/stm32g4xx_hal_uart.o
                0x0000000008001d76                HAL_UART_Transmit
 .text.UART_CheckIdleState
                0x0000000008001e54       0x74 build/stm32g4xx_hal_uart.o
                0x0000000008001e54                UART_CheckIdleState
 .text.HAL_UART_Init
                0x0000000008001ec8       0x66 build/stm32g4xx_hal_uart.o
                0x0000000008001ec8                HAL_UART_Init
 *fill*         0x0000000008001f2e        0x2 
 .text.UARTEx_SetNbDataToProcess
                0x0000000008001f30       0x4c build/stm32g4xx_hal_uart_ex.o
 .text.HAL_UARTEx_DisableFifoMode
                0x0000000008001f7c       0x3e build/stm32g4xx_hal_uart_ex.o
                0x0000000008001f7c                HAL_UARTEx_DisableFifoMode
 .text.HAL_UARTEx_SetTxFifoThreshold
                0x0000000008001fba       0x4a build/stm32g4xx_hal_uart_ex.o
                0x0000000008001fba                HAL_UARTEx_SetTxFifoThreshold
 .text.HAL_UARTEx_SetRxFifoThreshold
                0x0000000008002004       0x4a build/stm32g4xx_hal_uart_ex.o
                0x0000000008002004                HAL_UARTEx_SetRxFifoThreshold
 *fill*         0x000000000800204e        0x2 
 .text.Reset_Handler
                0x0000000008002050       0x50 build/startup_stm32g474xx.o
                0x0000000008002050                Reset_Handler
 .text.Default_Handler
                0x00000000080020a0        0x2 build/startup_stm32g474xx.o
                0x00000000080020a0                TIM1_BRK_TIM15_IRQHandler
                0x00000000080020a0                EXTI2_IRQHandler
                0x00000000080020a0                TIM8_TRG_COM_IRQHandler
                0x00000000080020a0                TIM8_CC_IRQHandler
                0x00000000080020a0                HRTIM1_Master_IRQHandler
                0x00000000080020a0                SPI4_IRQHandler
                0x00000000080020a0                FDCAN3_IT0_IRQHandler
                0x00000000080020a0                TIM1_CC_IRQHandler
                0x00000000080020a0                HRTIM1_FLT_IRQHandler
                0x00000000080020a0                HRTIM1_TIMF_IRQHandler
                0x00000000080020a0                USB_HP_IRQHandler
                0x00000000080020a0                CORDIC_IRQHandler
                0x00000000080020a0                HRTIM1_TIMD_IRQHandler
                0x00000000080020a0                DMA2_Channel8_IRQHandler
                0x00000000080020a0                EXTI3_IRQHandler
                0x00000000080020a0                I2C3_ER_IRQHandler
                0x00000000080020a0                EXTI0_IRQHandler
                0x00000000080020a0                I2C2_EV_IRQHandler
                0x00000000080020a0                FPU_IRQHandler
                0x00000000080020a0                FDCAN1_IT1_IRQHandler
                0x00000000080020a0                TIM1_UP_TIM16_IRQHandler
                0x00000000080020a0                ADC1_2_IRQHandler
                0x00000000080020a0                HRTIM1_TIME_IRQHandler
                0x00000000080020a0                SPI1_IRQHandler
                0x00000000080020a0                TIM6_DAC_IRQHandler
                0x00000000080020a0                HRTIM1_TIMC_IRQHandler
                0x00000000080020a0                TIM8_UP_IRQHandler
                0x00000000080020a0                DMA2_Channel2_IRQHandler
                0x00000000080020a0                DMA1_Channel4_IRQHandler
                0x00000000080020a0                TIM20_TRG_COM_IRQHandler
                0x00000000080020a0                USART3_IRQHandler
                0x00000000080020a0                DMA1_Channel7_IRQHandler
                0x00000000080020a0                UART5_IRQHandler
                0x00000000080020a0                ADC3_IRQHandler
                0x00000000080020a0                TIM4_IRQHandler
                0x00000000080020a0                DMA2_Channel1_IRQHandler
                0x00000000080020a0                QUADSPI_IRQHandler
                0x00000000080020a0                I2C1_EV_IRQHandler
                0x00000000080020a0                DMA1_Channel6_IRQHandler
                0x00000000080020a0                UART4_IRQHandler
                0x00000000080020a0                DMA2_Channel4_IRQHandler
                0x00000000080020a0                TIM3_IRQHandler
                0x00000000080020a0                RCC_IRQHandler
                0x00000000080020a0                TIM20_UP_IRQHandler
                0x00000000080020a0                DMA1_Channel1_IRQHandler
                0x00000000080020a0                Default_Handler
                0x00000000080020a0                DMA2_Channel7_IRQHandler
                0x00000000080020a0                RTC_TAMP_LSECSS_IRQHandler
                0x00000000080020a0                FMAC_IRQHandler
                0x00000000080020a0                DMA1_Channel8_IRQHandler
                0x00000000080020a0                HRTIM1_TIMA_IRQHandler
                0x00000000080020a0                TIM7_DAC_IRQHandler
                0x00000000080020a0                FDCAN3_IT1_IRQHandler
                0x00000000080020a0                TIM5_IRQHandler
                0x00000000080020a0                UCPD1_IRQHandler
                0x00000000080020a0                I2C3_EV_IRQHandler
                0x00000000080020a0                EXTI9_5_IRQHandler
                0x00000000080020a0                RTC_WKUP_IRQHandler
                0x00000000080020a0                PVD_PVM_IRQHandler
                0x00000000080020a0                SPI2_IRQHandler
                0x00000000080020a0                ADC5_IRQHandler
                0x00000000080020a0                DMA2_Channel5_IRQHandler
                0x00000000080020a0                CRS_IRQHandler
                0x00000000080020a0                DMA1_Channel5_IRQHandler
                0x00000000080020a0                USB_LP_IRQHandler
                0x00000000080020a0                EXTI4_IRQHandler
                0x00000000080020a0                RNG_IRQHandler
                0x00000000080020a0                HRTIM1_TIMB_IRQHandler
                0x00000000080020a0                TIM1_TRG_COM_TIM17_IRQHandler
                0x00000000080020a0                FDCAN2_IT1_IRQHandler
                0x00000000080020a0                DMA1_Channel3_IRQHandler
                0x00000000080020a0                ADC4_IRQHandler
                0x00000000080020a0                WWDG_IRQHandler
                0x00000000080020a0                I2C4_EV_IRQHandler
                0x00000000080020a0                FDCAN2_IT0_IRQHandler
                0x00000000080020a0                LPUART1_IRQHandler
                0x00000000080020a0                DMA2_Channel6_IRQHandler
                0x00000000080020a0                FDCAN1_IT0_IRQHandler
                0x00000000080020a0                TIM2_IRQHandler
                0x00000000080020a0                COMP7_IRQHandler
                0x00000000080020a0                COMP1_2_3_IRQHandler
                0x00000000080020a0                EXTI1_IRQHandler
                0x00000000080020a0                USART2_IRQHandler
                0x00000000080020a0                COMP4_5_6_IRQHandler
                0x00000000080020a0                TIM20_BRK_IRQHandler
                0x00000000080020a0                I2C2_ER_IRQHandler
                0x00000000080020a0                DMA1_Channel2_IRQHandler
                0x00000000080020a0                TIM8_BRK_IRQHandler
                0x00000000080020a0                FLASH_IRQHandler
                0x00000000080020a0                TIM20_CC_IRQHandler
                0x00000000080020a0                USART1_IRQHandler
                0x00000000080020a0                SPI3_IRQHandler
                0x00000000080020a0                I2C1_ER_IRQHandler
                0x00000000080020a0                FMC_IRQHandler
                0x00000000080020a0                LPTIM1_IRQHandler
                0x00000000080020a0                DMAMUX_OVR_IRQHandler
                0x00000000080020a0                I2C4_ER_IRQHandler
                0x00000000080020a0                USBWakeUp_IRQHandler
                0x00000000080020a0                SAI1_IRQHandler
                0x00000000080020a0                DMA2_Channel3_IRQHandler
                0x00000000080020a0                RTC_Alarm_IRQHandler
 *fill*         0x00000000080020a2        0x2 
 .text.sprintf  0x00000000080020a4       0x40 /Users/riccardobenevelli/Library/Application Support/Code/User/globalStorage/bmd.stm32-for-vscode/@xpack-dev-tools/arm-none-eabi-gcc/11.3.1-1.1.2/.content/bin/../lib/gcc/arm-none-eabi/11.3.1/../../../../arm-none-eabi/lib/thumb/v7e-m+fp/hard/libc_nano.a(libc_a-sprintf.o)
                0x00000000080020a4                sprintf
                0x00000000080020a4                siprintf
 .text.memset   0x00000000080020e4       0x10 /Users/riccardobenevelli/Library/Application Support/Code/User/globalStorage/bmd.stm32-for-vscode/@xpack-dev-tools/arm-none-eabi-gcc/11.3.1-1.1.2/.content/bin/../lib/gcc/arm-none-eabi/11.3.1/../../../../arm-none-eabi/lib/thumb/v7e-m+fp/hard/libc_nano.a(libc_a-memset.o)
                0x00000000080020e4                memset
 .text.__libc_init_array
                0x00000000080020f4       0x48 /Users/riccardobenevelli/Library/Application Support/Code/User/globalStorage/bmd.stm32-for-vscode/@xpack-dev-tools/arm-none-eabi-gcc/11.3.1-1.1.2/.content/bin/../lib/gcc/arm-none-eabi/11.3.1/../../../../arm-none-eabi/lib/thumb/v7e-m+fp/hard/libc_nano.a(libc_a-init.o)
                0x00000000080020f4                __libc_init_array
 .text.__retarget_lock_acquire_recursive
                0x000000000800213c        0x2 /Users/riccardobenevelli/Library/Application Support/Code/User/globalStorage/bmd.stm32-for-vscode/@xpack-dev-tools/arm-none-eabi-gcc/11.3.1-1.1.2/.content/bin/../lib/gcc/arm-none-eabi/11.3.1/../../../../arm-none-eabi/lib/thumb/v7e-m+fp/hard/libc_nano.a(libc_a-lock.o)
                0x000000000800213c                __retarget_lock_acquire_recursive
 .text.__retarget_lock_release_recursive
                0x000000000800213e        0x2 /Users/riccardobenevelli/Library/Application Support/Code/User/globalStorage/bmd.stm32-for-vscode/@xpack-dev-tools/arm-none-eabi-gcc/11.3.1-1.1.2/.content/bin/../lib/gcc/arm-none-eabi/11.3.1/../../../../arm-none-eabi/lib/thumb/v7e-m+fp/hard/libc_nano.a(libc_a-lock.o)
                0x000000000800213e                __retarget_lock_release_recursive
 .text._free_r  0x0000000008002140       0x98 /Users/riccardobenevelli/Library/Application Support/Code/User/globalStorage/bmd.stm32-for-vscode/@xpack-dev-tools/arm-none-eabi-gcc/11.3.1-1.1.2/.content/bin/../lib/gcc/arm-none-eabi/11.3.1/../../../../arm-none-eabi/lib/thumb/v7e-m+fp/hard/libc_nano.a(libc_a-freer.o)
                0x0000000008002140                _free_r
 .text.sbrk_aligned
                0x00000000080021d8       0x40 /Users/riccardobenevelli/Library/Application Support/Code/User/globalStorage/bmd.stm32-for-vscode/@xpack-dev-tools/arm-none-eabi-gcc/11.3.1-1.1.2/.content/bin/../lib/gcc/arm-none-eabi/11.3.1/../../../../arm-none-eabi/lib/thumb/v7e-m+fp/hard/libc_nano.a(libc_a-mallocr.o)
 .text._malloc_r
                0x0000000008002218       0xec /Users/riccardobenevelli/Library/Application Support/Code/User/globalStorage/bmd.stm32-for-vscode/@xpack-dev-tools/arm-none-eabi-gcc/11.3.1-1.1.2/.content/bin/../lib/gcc/arm-none-eabi/11.3.1/../../../../arm-none-eabi/lib/thumb/v7e-m+fp/hard/libc_nano.a(libc_a-mallocr.o)
                0x0000000008002218                _malloc_r
 .text.__malloc_lock
                0x0000000008002304        0xc /Users/riccardobenevelli/Library/Application Support/Code/User/globalStorage/bmd.stm32-for-vscode/@xpack-dev-tools/arm-none-eabi-gcc/11.3.1-1.1.2/.content/bin/../lib/gcc/arm-none-eabi/11.3.1/../../../../arm-none-eabi/lib/thumb/v7e-m+fp/hard/libc_nano.a(libc_a-mlock.o)
                0x0000000008002304                __malloc_lock
 .text.__malloc_unlock
                0x0000000008002310        0xc /Users/riccardobenevelli/Library/Application Support/Code/User/globalStorage/bmd.stm32-for-vscode/@xpack-dev-tools/arm-none-eabi-gcc/11.3.1-1.1.2/.content/bin/../lib/gcc/arm-none-eabi/11.3.1/../../../../arm-none-eabi/lib/thumb/v7e-m+fp/hard/libc_nano.a(libc_a-mlock.o)
                0x0000000008002310                __malloc_unlock
 .text.__ssputs_r
                0x000000000800231c       0xb4 /Users/riccardobenevelli/Library/Application Support/Code/User/globalStorage/bmd.stm32-for-vscode/@xpack-dev-tools/arm-none-eabi-gcc/11.3.1-1.1.2/.content/bin/../lib/gcc/arm-none-eabi/11.3.1/../../../../arm-none-eabi/lib/thumb/v7e-m+fp/hard/libc_nano.a(libc_a-nano-svfprintf.o)
                0x000000000800231c                __ssputs_r
 .text._svfprintf_r
                0x00000000080023d0      0x1fc /Users/riccardobenevelli/Library/Application Support/Code/User/globalStorage/bmd.stm32-for-vscode/@xpack-dev-tools/arm-none-eabi-gcc/11.3.1-1.1.2/.content/bin/../lib/gcc/arm-none-eabi/11.3.1/../../../../arm-none-eabi/lib/thumb/v7e-m+fp/hard/libc_nano.a(libc_a-nano-svfprintf.o)
                0x00000000080023d0                _svfprintf_r
                0x00000000080023d0                _svfiprintf_r
 .text._printf_common
                0x00000000080025cc       0xda /Users/riccardobenevelli/Library/Application Support/Code/User/globalStorage/bmd.stm32-for-vscode/@xpack-dev-tools/arm-none-eabi-gcc/11.3.1-1.1.2/.content/bin/../lib/gcc/arm-none-eabi/11.3.1/../../../../arm-none-eabi/lib/thumb/v7e-m+fp/hard/libc_nano.a(libc_a-nano-vfprintf_i.o)
                0x00000000080025cc                _printf_common
 *fill*         0x00000000080026a6        0x2 
 .text._printf_i
                0x00000000080026a8      0x244 /Users/riccardobenevelli/Library/Application Support/Code/User/globalStorage/bmd.stm32-for-vscode/@xpack-dev-tools/arm-none-eabi-gcc/11.3.1-1.1.2/.content/bin/../lib/gcc/arm-none-eabi/11.3.1/../../../../arm-none-eabi/lib/thumb/v7e-m+fp/hard/libc_nano.a(libc_a-nano-vfprintf_i.o)
                0x00000000080026a8                _printf_i
 .text.memmove  0x00000000080028ec       0x34 /Users/riccardobenevelli/Library/Application Support/Code/User/globalStorage/bmd.stm32-for-vscode/@xpack-dev-tools/arm-none-eabi-gcc/11.3.1-1.1.2/.content/bin/../lib/gcc/arm-none-eabi/11.3.1/../../../../arm-none-eabi/lib/thumb/v7e-m+fp/hard/libc_nano.a(libc_a-memmove.o)
                0x00000000080028ec                memmove
 .text._sbrk_r  0x0000000008002920       0x20 /Users/riccardobenevelli/Library/Application Support/Code/User/globalStorage/bmd.stm32-for-vscode/@xpack-dev-tools/arm-none-eabi-gcc/11.3.1-1.1.2/.content/bin/../lib/gcc/arm-none-eabi/11.3.1/../../../../arm-none-eabi/lib/thumb/v7e-m+fp/hard/libc_nano.a(libc_a-sbrkr.o)
                0x0000000008002920                _sbrk_r
 .text.memcpy   0x0000000008002940       0x1c /Users/riccardobenevelli/Library/Application Support/Code/User/globalStorage/bmd.stm32-for-vscode/@xpack-dev-tools/arm-none-eabi-gcc/11.3.1-1.1.2/.content/bin/../lib/gcc/arm-none-eabi/11.3.1/../../../../arm-none-eabi/lib/thumb/v7e-m+fp/hard/libc_nano.a(libc_a-memcpy-stub.o)
                0x0000000008002940                memcpy
 .text._realloc_r
                0x000000000800295c       0x5e /Users/riccardobenevelli/Library/Application Support/Code/User/globalStorage/bmd.stm32-for-vscode/@xpack-dev-tools/arm-none-eabi-gcc/11.3.1-1.1.2/.content/bin/../lib/gcc/arm-none-eabi/11.3.1/../../../../arm-none-eabi/lib/thumb/v7e-m+fp/hard/libc_nano.a(libc_a-reallocr.o)
                0x000000000800295c                _realloc_r
 .text._malloc_usable_size_r
                0x00000000080029ba       0x10 /Users/riccardobenevelli/Library/Application Support/Code/User/globalStorage/bmd.stm32-for-vscode/@xpack-dev-tools/arm-none-eabi-gcc/11.3.1-1.1.2/.content/bin/../lib/gcc/arm-none-eabi/11.3.1/../../../../arm-none-eabi/lib/thumb/v7e-m+fp/hard/libc_nano.a(libc_a-msizer.o)
                0x00000000080029ba                _malloc_usable_size_r
 *fill*         0x00000000080029ca        0x2 
 .text._sbrk    0x00000000080029cc       0x1c /Users/riccardobenevelli/Library/Application Support/Code/User/globalStorage/bmd.stm32-for-vscode/@xpack-dev-tools/arm-none-eabi-gcc/11.3.1-1.1.2/.content/bin/../lib/gcc/arm-none-eabi/11.3.1/../../../../arm-none-eabi/lib/thumb/v7e-m+fp/hard/libnosys.a(sbrk.o)
                0x00000000080029cc                _sbrk
 .text.__udivmoddi4
                0x00000000080029e8      0x2c8 /Users/riccardobenevelli/Library/Application Support/Code/User/globalStorage/bmd.stm32-for-vscode/@xpack-dev-tools/arm-none-eabi-gcc/11.3.1-1.1.2/.content/bin/../lib/gcc/arm-none-eabi/11.3.1/thumb/v7e-m+fp/hard/libgcc.a(_udivmoddi4.o)
                0x00000000080029e8                __udivmoddi4
 *(.glue_7)
 .glue_7        0x0000000008002cb0        0x0 linker stubs
 *(.glue_7t)
 .glue_7t       0x0000000008002cb0        0x0 linker stubs
 *(.eh_frame)
 .eh_frame      0x0000000008002cb0        0x0 /Users/riccardobenevelli/Library/Application Support/Code/User/globalStorage/bmd.stm32-for-vscode/@xpack-dev-tools/arm-none-eabi-gcc/11.3.1-1.1.2/.content/bin/../lib/gcc/arm-none-eabi/11.3.1/thumb/v7e-m+fp/hard/crtbegin.o
 *(.init)
 .init          0x0000000008002cb0        0x4 /Users/riccardobenevelli/Library/Application Support/Code/User/globalStorage/bmd.stm32-for-vscode/@xpack-dev-tools/arm-none-eabi-gcc/11.3.1-1.1.2/.content/bin/../lib/gcc/arm-none-eabi/11.3.1/thumb/v7e-m+fp/hard/crti.o
                0x0000000008002cb0                _init
 .init          0x0000000008002cb4        0x8 /Users/riccardobenevelli/Library/Application Support/Code/User/globalStorage/bmd.stm32-for-vscode/@xpack-dev-tools/arm-none-eabi-gcc/11.3.1-1.1.2/.content/bin/../lib/gcc/arm-none-eabi/11.3.1/thumb/v7e-m+fp/hard/crtn.o
 *(.fini)
 .fini          0x0000000008002cbc        0x4 /Users/riccardobenevelli/Library/Application Support/Code/User/globalStorage/bmd.stm32-for-vscode/@xpack-dev-tools/arm-none-eabi-gcc/11.3.1-1.1.2/.content/bin/../lib/gcc/arm-none-eabi/11.3.1/thumb/v7e-m+fp/hard/crti.o
                0x0000000008002cbc                _fini
 .fini          0x0000000008002cc0        0x8 /Users/riccardobenevelli/Library/Application Support/Code/User/globalStorage/bmd.stm32-for-vscode/@xpack-dev-tools/arm-none-eabi-gcc/11.3.1-1.1.2/.content/bin/../lib/gcc/arm-none-eabi/11.3.1/thumb/v7e-m+fp/hard/crtn.o
                0x0000000008002cc8                . = ALIGN (0x4)
                0x0000000008002cc8                _etext = .

.vfp11_veneer   0x0000000008002cc8        0x0
 .vfp11_veneer  0x0000000008002cc8        0x0 linker stubs

.v4_bx          0x0000000008002cc8        0x0
 .v4_bx         0x0000000008002cc8        0x0 linker stubs

.iplt           0x0000000008002cc8        0x0
 .iplt          0x0000000008002cc8        0x0 /Users/riccardobenevelli/Library/Application Support/Code/User/globalStorage/bmd.stm32-for-vscode/@xpack-dev-tools/arm-none-eabi-gcc/11.3.1-1.1.2/.content/bin/../lib/gcc/arm-none-eabi/11.3.1/thumb/v7e-m+fp/hard/crtbegin.o

.rodata         0x0000000008002cc8       0x9c
                0x0000000008002cc8                . = ALIGN (0x4)
 *(.rodata)
 *(.rodata*)
 .rodata.main.str1.4
                0x0000000008002cc8       0x26 build/main.o
 *fill*         0x0000000008002cee        0x2 
 .rodata.AHBPrescTable
                0x0000000008002cf0       0x10 build/system_stm32g4xx.o
                0x0000000008002cf0                AHBPrescTable
 .rodata.APBPrescTable
                0x0000000008002d00        0x8 build/system_stm32g4xx.o
                0x0000000008002d00                APBPrescTable
 .rodata.UARTPrescTable
                0x0000000008002d08       0x18 build/stm32g4xx_hal_uart.o
                0x0000000008002d08                UARTPrescTable
 .rodata.denominator.0
                0x0000000008002d20        0x8 build/stm32g4xx_hal_uart_ex.o
 .rodata.numerator.1
                0x0000000008002d28        0x8 build/stm32g4xx_hal_uart_ex.o
 .rodata._svfprintf_r.str1.1
                0x0000000008002d30       0x11 /Users/riccardobenevelli/Library/Application Support/Code/User/globalStorage/bmd.stm32-for-vscode/@xpack-dev-tools/arm-none-eabi-gcc/11.3.1-1.1.2/.content/bin/../lib/gcc/arm-none-eabi/11.3.1/../../../../arm-none-eabi/lib/thumb/v7e-m+fp/hard/libc_nano.a(libc_a-nano-svfprintf.o)
 .rodata._printf_i.str1.1
                0x0000000008002d41       0x22 /Users/riccardobenevelli/Library/Application Support/Code/User/globalStorage/bmd.stm32-for-vscode/@xpack-dev-tools/arm-none-eabi-gcc/11.3.1-1.1.2/.content/bin/../lib/gcc/arm-none-eabi/11.3.1/../../../../arm-none-eabi/lib/thumb/v7e-m+fp/hard/libc_nano.a(libc_a-nano-vfprintf_i.o)
                0x0000000008002d64                . = ALIGN (0x4)
 *fill*         0x0000000008002d63        0x1 

.ARM.extab
 *(.ARM.extab* .gnu.linkonce.armextab.*)

.ARM            0x0000000008002d64        0x8
                0x0000000008002d64                __exidx_start = .
 *(.ARM.exidx*)
 .ARM.exidx.text.__udivmoddi4
                0x0000000008002d64        0x8 /Users/riccardobenevelli/Library/Application Support/Code/User/globalStorage/bmd.stm32-for-vscode/@xpack-dev-tools/arm-none-eabi-gcc/11.3.1-1.1.2/.content/bin/../lib/gcc/arm-none-eabi/11.3.1/thumb/v7e-m+fp/hard/libgcc.a(_udivmoddi4.o)
                0x0000000008002d6c                __exidx_end = .

.rel.dyn        0x0000000008002d6c        0x0
 .rel.iplt      0x0000000008002d6c        0x0 /Users/riccardobenevelli/Library/Application Support/Code/User/globalStorage/bmd.stm32-for-vscode/@xpack-dev-tools/arm-none-eabi-gcc/11.3.1-1.1.2/.content/bin/../lib/gcc/arm-none-eabi/11.3.1/thumb/v7e-m+fp/hard/crtbegin.o

.preinit_array  0x0000000008002d6c        0x0
                0x0000000008002d6c                PROVIDE (__preinit_array_start = .)
 *(.preinit_array*)
                0x0000000008002d6c                PROVIDE (__preinit_array_end = .)

.init_array     0x0000000008002d6c        0x4
                0x0000000008002d6c                PROVIDE (__init_array_start = .)
 *(SORT_BY_NAME(.init_array.*))
 *(.init_array*)
 .init_array    0x0000000008002d6c        0x4 /Users/riccardobenevelli/Library/Application Support/Code/User/globalStorage/bmd.stm32-for-vscode/@xpack-dev-tools/arm-none-eabi-gcc/11.3.1-1.1.2/.content/bin/../lib/gcc/arm-none-eabi/11.3.1/thumb/v7e-m+fp/hard/crtbegin.o
                0x0000000008002d70                PROVIDE (__init_array_end = .)

.fini_array     0x0000000008002d70        0x4
                0x0000000008002d70                PROVIDE (__fini_array_start = .)
 *(SORT_BY_NAME(.fini_array.*))
 *(.fini_array*)
 .fini_array    0x0000000008002d70        0x4 /Users/riccardobenevelli/Library/Application Support/Code/User/globalStorage/bmd.stm32-for-vscode/@xpack-dev-tools/arm-none-eabi-gcc/11.3.1-1.1.2/.content/bin/../lib/gcc/arm-none-eabi/11.3.1/thumb/v7e-m+fp/hard/crtbegin.o
                0x0000000008002d74                PROVIDE (__fini_array_end = .)
                0x0000000008002d74                _sidata = LOADADDR (.data)

.data           0x0000000020000000       0x5c load address 0x0000000008002d74
                0x0000000020000000                . = ALIGN (0x4)
                0x0000000020000000                _sdata = .
 *(.data)
 *(.data*)
 .data.SystemCoreClock
                0x0000000020000000        0x4 build/system_stm32g4xx.o
                0x0000000020000000                SystemCoreClock
 .data.uwTickFreq
                0x0000000020000004        0x4 build/stm32g4xx_hal.o
                0x0000000020000004                uwTickFreq
 .data.uwTickPrio
                0x0000000020000008        0x4 build/stm32g4xx_hal.o
                0x0000000020000008                uwTickPrio
 .data._impure_data
                0x000000002000000c       0x4c /Users/riccardobenevelli/Library/Application Support/Code/User/globalStorage/bmd.stm32-for-vscode/@xpack-dev-tools/arm-none-eabi-gcc/11.3.1-1.1.2/.content/bin/../lib/gcc/arm-none-eabi/11.3.1/../../../../arm-none-eabi/lib/thumb/v7e-m+fp/hard/libc_nano.a(libc_a-impure.o)
                0x000000002000000c                _impure_data
 .data._impure_ptr
                0x0000000020000058        0x4 /Users/riccardobenevelli/Library/Application Support/Code/User/globalStorage/bmd.stm32-for-vscode/@xpack-dev-tools/arm-none-eabi-gcc/11.3.1-1.1.2/.content/bin/../lib/gcc/arm-none-eabi/11.3.1/../../../../arm-none-eabi/lib/thumb/v7e-m+fp/hard/libc_nano.a(libc_a-impure.o)
                0x0000000020000058                _impure_ptr
                0x000000002000005c                . = ALIGN (0x4)
                0x000000002000005c                _edata = .

.igot.plt       0x000000002000005c        0x0 load address 0x0000000008002dd0
 .igot.plt      0x000000002000005c        0x0 /Users/riccardobenevelli/Library/Application Support/Code/User/globalStorage/bmd.stm32-for-vscode/@xpack-dev-tools/arm-none-eabi-gcc/11.3.1-1.1.2/.content/bin/../lib/gcc/arm-none-eabi/11.3.1/thumb/v7e-m+fp/hard/crtbegin.o
                0x000000002000005c                . = ALIGN (0x4)

.bss            0x000000002000005c      0x248 load address 0x0000000008002dd0
                0x000000002000005c                _sbss = .
                0x000000002000005c                __bss_start__ = _sbss
 *(.bss)
 *(.bss*)
 .bss.completed.1
                0x000000002000005c        0x1 /Users/riccardobenevelli/Library/Application Support/Code/User/globalStorage/bmd.stm32-for-vscode/@xpack-dev-tools/arm-none-eabi-gcc/11.3.1-1.1.2/.content/bin/../lib/gcc/arm-none-eabi/11.3.1/thumb/v7e-m+fp/hard/crtbegin.o
 *fill*         0x000000002000005d        0x3 
 .bss.object.0  0x0000000020000060       0x18 /Users/riccardobenevelli/Library/Application Support/Code/User/globalStorage/bmd.stm32-for-vscode/@xpack-dev-tools/arm-none-eabi-gcc/11.3.1-1.1.2/.content/bin/../lib/gcc/arm-none-eabi/11.3.1/thumb/v7e-m+fp/hard/crtbegin.o
 .bss.hlpuart1  0x0000000020000078       0x90 build/main.o
                0x0000000020000078                hlpuart1
 .bss.htim16    0x0000000020000108       0x4c build/main.o
                0x0000000020000108                htim16
 .bss.uwTick    0x0000000020000154        0x4 build/stm32g4xx_hal.o
                0x0000000020000154                uwTick
 .bss.__sf      0x0000000020000158      0x138 /Users/riccardobenevelli/Library/Application Support/Code/User/globalStorage/bmd.stm32-for-vscode/@xpack-dev-tools/arm-none-eabi-gcc/11.3.1-1.1.2/.content/bin/../lib/gcc/arm-none-eabi/11.3.1/../../../../arm-none-eabi/lib/thumb/v7e-m+fp/hard/libc_nano.a(libc_a-findfp.o)
                0x0000000020000158                __sf
 .bss.errno     0x0000000020000290        0x4 /Users/riccardobenevelli/Library/Application Support/Code/User/globalStorage/bmd.stm32-for-vscode/@xpack-dev-tools/arm-none-eabi-gcc/11.3.1-1.1.2/.content/bin/../lib/gcc/arm-none-eabi/11.3.1/../../../../arm-none-eabi/lib/thumb/v7e-m+fp/hard/libc_nano.a(libc_a-reent.o)
                0x0000000020000290                errno
 .bss.__lock___malloc_recursive_mutex
                0x0000000020000294        0x1 /Users/riccardobenevelli/Library/Application Support/Code/User/globalStorage/bmd.stm32-for-vscode/@xpack-dev-tools/arm-none-eabi-gcc/11.3.1-1.1.2/.content/bin/../lib/gcc/arm-none-eabi/11.3.1/../../../../arm-none-eabi/lib/thumb/v7e-m+fp/hard/libc_nano.a(libc_a-lock.o)
                0x0000000020000294                __lock___malloc_recursive_mutex
 *fill*         0x0000000020000295        0x3 
 .bss.__malloc_free_list
                0x0000000020000298        0x4 /Users/riccardobenevelli/Library/Application Support/Code/User/globalStorage/bmd.stm32-for-vscode/@xpack-dev-tools/arm-none-eabi-gcc/11.3.1-1.1.2/.content/bin/../lib/gcc/arm-none-eabi/11.3.1/../../../../arm-none-eabi/lib/thumb/v7e-m+fp/hard/libc_nano.a(libc_a-mallocr.o)
                0x0000000020000298                __malloc_free_list
 .bss.__malloc_sbrk_start
                0x000000002000029c        0x4 /Users/riccardobenevelli/Library/Application Support/Code/User/globalStorage/bmd.stm32-for-vscode/@xpack-dev-tools/arm-none-eabi-gcc/11.3.1-1.1.2/.content/bin/../lib/gcc/arm-none-eabi/11.3.1/../../../../arm-none-eabi/lib/thumb/v7e-m+fp/hard/libc_nano.a(libc_a-mallocr.o)
                0x000000002000029c                __malloc_sbrk_start
 .bss.heap_end.0
                0x00000000200002a0        0x4 /Users/riccardobenevelli/Library/Application Support/Code/User/globalStorage/bmd.stm32-for-vscode/@xpack-dev-tools/arm-none-eabi-gcc/11.3.1-1.1.2/.content/bin/../lib/gcc/arm-none-eabi/11.3.1/../../../../arm-none-eabi/lib/thumb/v7e-m+fp/hard/libnosys.a(sbrk.o)
 *(COMMON)
                0x00000000200002a4                . = ALIGN (0x4)
                0x00000000200002a4                _ebss = .
                0x00000000200002a4                __bss_end__ = _ebss

._user_heap_stack
                0x00000000200002a4      0x604 load address 0x0000000008002dd0
                0x00000000200002a8                . = ALIGN (0x8)
 *fill*         0x00000000200002a4        0x4 
                0x00000000200002a8                PROVIDE (end = .)
                [!provide]                        PROVIDE (_end = .)
                0x00000000200004a8                . = (. + _Min_Heap_Size)
 *fill*         0x00000000200002a8      0x200 
                0x00000000200008a8                . = (. + _Min_Stack_Size)
 *fill*         0x00000000200004a8      0x400 
                0x00000000200008a8                . = ALIGN (0x8)

/DISCARD/
 libc.a(*)
 libm.a(*)
 libgcc.a(*)

.ARM.attributes
                0x0000000000000000       0x30
 *(.ARM.attributes)
 .ARM.attributes
                0x0000000000000000       0x1e /Users/riccardobenevelli/Library/Application Support/Code/User/globalStorage/bmd.stm32-for-vscode/@xpack-dev-tools/arm-none-eabi-gcc/11.3.1-1.1.2/.content/bin/../lib/gcc/arm-none-eabi/11.3.1/thumb/v7e-m+fp/hard/crti.o
 .ARM.attributes
                0x000000000000001e       0x34 /Users/riccardobenevelli/Library/Application Support/Code/User/globalStorage/bmd.stm32-for-vscode/@xpack-dev-tools/arm-none-eabi-gcc/11.3.1-1.1.2/.content/bin/../lib/gcc/arm-none-eabi/11.3.1/thumb/v7e-m+fp/hard/crtbegin.o
 .ARM.attributes
                0x0000000000000052       0x34 build/main.o
 .ARM.attributes
                0x0000000000000086       0x34 build/stm32g4xx_hal_msp.o
 .ARM.attributes
                0x00000000000000ba       0x34 build/stm32g4xx_it.o
 .ARM.attributes
                0x00000000000000ee       0x34 build/system_stm32g4xx.o
 .ARM.attributes
                0x0000000000000122       0x34 build/stm32g4xx_hal.o
 .ARM.attributes
                0x0000000000000156       0x34 build/stm32g4xx_hal_cortex.o
 .ARM.attributes
                0x000000000000018a       0x34 build/stm32g4xx_hal_gpio.o
 .ARM.attributes
                0x00000000000001be       0x34 build/stm32g4xx_hal_pwr_ex.o
 .ARM.attributes
                0x00000000000001f2       0x34 build/stm32g4xx_hal_rcc.o
 .ARM.attributes
                0x0000000000000226       0x34 build/stm32g4xx_hal_rcc_ex.o
 .ARM.attributes
                0x000000000000025a       0x34 build/stm32g4xx_hal_tim.o
 .ARM.attributes
                0x000000000000028e       0x34 build/stm32g4xx_hal_uart.o
 .ARM.attributes
                0x00000000000002c2       0x34 build/stm32g4xx_hal_uart_ex.o
 .ARM.attributes
                0x00000000000002f6       0x21 build/startup_stm32g474xx.o
 .ARM.attributes
                0x0000000000000317       0x34 /Users/riccardobenevelli/Library/Application Support/Code/User/globalStorage/bmd.stm32-for-vscode/@xpack-dev-tools/arm-none-eabi-gcc/11.3.1-1.1.2/.content/bin/../lib/gcc/arm-none-eabi/11.3.1/../../../../arm-none-eabi/lib/thumb/v7e-m+fp/hard/libc_nano.a(libc_a-findfp.o)
 .ARM.attributes
                0x000000000000034b       0x34 /Users/riccardobenevelli/Library/Application Support/Code/User/globalStorage/bmd.stm32-for-vscode/@xpack-dev-tools/arm-none-eabi-gcc/11.3.1-1.1.2/.content/bin/../lib/gcc/arm-none-eabi/11.3.1/../../../../arm-none-eabi/lib/thumb/v7e-m+fp/hard/libc_nano.a(libc_a-sprintf.o)
 .ARM.attributes
                0x000000000000037f       0x34 /Users/riccardobenevelli/Library/Application Support/Code/User/globalStorage/bmd.stm32-for-vscode/@xpack-dev-tools/arm-none-eabi-gcc/11.3.1-1.1.2/.content/bin/../lib/gcc/arm-none-eabi/11.3.1/../../../../arm-none-eabi/lib/thumb/v7e-m+fp/hard/libc_nano.a(libc_a-memset.o)
 .ARM.attributes
                0x00000000000003b3       0x34 /Users/riccardobenevelli/Library/Application Support/Code/User/globalStorage/bmd.stm32-for-vscode/@xpack-dev-tools/arm-none-eabi-gcc/11.3.1-1.1.2/.content/bin/../lib/gcc/arm-none-eabi/11.3.1/../../../../arm-none-eabi/lib/thumb/v7e-m+fp/hard/libc_nano.a(libc_a-reent.o)
 .ARM.attributes
                0x00000000000003e7       0x34 /Users/riccardobenevelli/Library/Application Support/Code/User/globalStorage/bmd.stm32-for-vscode/@xpack-dev-tools/arm-none-eabi-gcc/11.3.1-1.1.2/.content/bin/../lib/gcc/arm-none-eabi/11.3.1/../../../../arm-none-eabi/lib/thumb/v7e-m+fp/hard/libc_nano.a(libc_a-impure.o)
 .ARM.attributes
                0x000000000000041b       0x34 /Users/riccardobenevelli/Library/Application Support/Code/User/globalStorage/bmd.stm32-for-vscode/@xpack-dev-tools/arm-none-eabi-gcc/11.3.1-1.1.2/.content/bin/../lib/gcc/arm-none-eabi/11.3.1/../../../../arm-none-eabi/lib/thumb/v7e-m+fp/hard/libc_nano.a(libc_a-init.o)
 .ARM.attributes
                0x000000000000044f       0x34 /Users/riccardobenevelli/Library/Application Support/Code/User/globalStorage/bmd.stm32-for-vscode/@xpack-dev-tools/arm-none-eabi-gcc/11.3.1-1.1.2/.content/bin/../lib/gcc/arm-none-eabi/11.3.1/../../../../arm-none-eabi/lib/thumb/v7e-m+fp/hard/libc_nano.a(libc_a-lock.o)
 .ARM.attributes
                0x0000000000000483       0x34 /Users/riccardobenevelli/Library/Application Support/Code/User/globalStorage/bmd.stm32-for-vscode/@xpack-dev-tools/arm-none-eabi-gcc/11.3.1-1.1.2/.content/bin/../lib/gcc/arm-none-eabi/11.3.1/../../../../arm-none-eabi/lib/thumb/v7e-m+fp/hard/libc_nano.a(libc_a-freer.o)
 .ARM.attributes
                0x00000000000004b7       0x34 /Users/riccardobenevelli/Library/Application Support/Code/User/globalStorage/bmd.stm32-for-vscode/@xpack-dev-tools/arm-none-eabi-gcc/11.3.1-1.1.2/.content/bin/../lib/gcc/arm-none-eabi/11.3.1/../../../../arm-none-eabi/lib/thumb/v7e-m+fp/hard/libc_nano.a(libc_a-mallocr.o)
 .ARM.attributes
                0x00000000000004eb       0x34 /Users/riccardobenevelli/Library/Application Support/Code/User/globalStorage/bmd.stm32-for-vscode/@xpack-dev-tools/arm-none-eabi-gcc/11.3.1-1.1.2/.content/bin/../lib/gcc/arm-none-eabi/11.3.1/../../../../arm-none-eabi/lib/thumb/v7e-m+fp/hard/libc_nano.a(libc_a-mlock.o)
 .ARM.attributes
                0x000000000000051f       0x34 /Users/riccardobenevelli/Library/Application Support/Code/User/globalStorage/bmd.stm32-for-vscode/@xpack-dev-tools/arm-none-eabi-gcc/11.3.1-1.1.2/.content/bin/../lib/gcc/arm-none-eabi/11.3.1/../../../../arm-none-eabi/lib/thumb/v7e-m+fp/hard/libc_nano.a(libc_a-nano-svfprintf.o)
 .ARM.attributes
                0x0000000000000553       0x34 /Users/riccardobenevelli/Library/Application Support/Code/User/globalStorage/bmd.stm32-for-vscode/@xpack-dev-tools/arm-none-eabi-gcc/11.3.1-1.1.2/.content/bin/../lib/gcc/arm-none-eabi/11.3.1/../../../../arm-none-eabi/lib/thumb/v7e-m+fp/hard/libc_nano.a(libc_a-nano-vfprintf_i.o)
 .ARM.attributes
                0x0000000000000587       0x34 /Users/riccardobenevelli/Library/Application Support/Code/User/globalStorage/bmd.stm32-for-vscode/@xpack-dev-tools/arm-none-eabi-gcc/11.3.1-1.1.2/.content/bin/../lib/gcc/arm-none-eabi/11.3.1/../../../../arm-none-eabi/lib/thumb/v7e-m+fp/hard/libc_nano.a(libc_a-memmove.o)
 .ARM.attributes
                0x00000000000005bb       0x34 /Users/riccardobenevelli/Library/Application Support/Code/User/globalStorage/bmd.stm32-for-vscode/@xpack-dev-tools/arm-none-eabi-gcc/11.3.1-1.1.2/.content/bin/../lib/gcc/arm-none-eabi/11.3.1/../../../../arm-none-eabi/lib/thumb/v7e-m+fp/hard/libc_nano.a(libc_a-sbrkr.o)
 .ARM.attributes
                0x00000000000005ef       0x1c /Users/riccardobenevelli/Library/Application Support/Code/User/globalStorage/bmd.stm32-for-vscode/@xpack-dev-tools/arm-none-eabi-gcc/11.3.1-1.1.2/.content/bin/../lib/gcc/arm-none-eabi/11.3.1/../../../../arm-none-eabi/lib/thumb/v7e-m+fp/hard/libc_nano.a(libc_a-memchr.o)
 .ARM.attributes
                0x000000000000060b       0x34 /Users/riccardobenevelli/Library/Application Support/Code/User/globalStorage/bmd.stm32-for-vscode/@xpack-dev-tools/arm-none-eabi-gcc/11.3.1-1.1.2/.content/bin/../lib/gcc/arm-none-eabi/11.3.1/../../../../arm-none-eabi/lib/thumb/v7e-m+fp/hard/libc_nano.a(libc_a-memcpy-stub.o)
 .ARM.attributes
                0x000000000000063f       0x34 /Users/riccardobenevelli/Library/Application Support/Code/User/globalStorage/bmd.stm32-for-vscode/@xpack-dev-tools/arm-none-eabi-gcc/11.3.1-1.1.2/.content/bin/../lib/gcc/arm-none-eabi/11.3.1/../../../../arm-none-eabi/lib/thumb/v7e-m+fp/hard/libc_nano.a(libc_a-reallocr.o)
 .ARM.attributes
                0x0000000000000673       0x34 /Users/riccardobenevelli/Library/Application Support/Code/User/globalStorage/bmd.stm32-for-vscode/@xpack-dev-tools/arm-none-eabi-gcc/11.3.1-1.1.2/.content/bin/../lib/gcc/arm-none-eabi/11.3.1/../../../../arm-none-eabi/lib/thumb/v7e-m+fp/hard/libc_nano.a(libc_a-msizer.o)
 .ARM.attributes
                0x00000000000006a7       0x34 /Users/riccardobenevelli/Library/Application Support/Code/User/globalStorage/bmd.stm32-for-vscode/@xpack-dev-tools/arm-none-eabi-gcc/11.3.1-1.1.2/.content/bin/../lib/gcc/arm-none-eabi/11.3.1/../../../../arm-none-eabi/lib/thumb/v7e-m+fp/hard/libnosys.a(sbrk.o)
 .ARM.attributes
                0x00000000000006db       0x1e /Users/riccardobenevelli/Library/Application Support/Code/User/globalStorage/bmd.stm32-for-vscode/@xpack-dev-tools/arm-none-eabi-gcc/11.3.1-1.1.2/.content/bin/../lib/gcc/arm-none-eabi/11.3.1/thumb/v7e-m+fp/hard/libgcc.a(_aeabi_uldivmod.o)
 .ARM.attributes
                0x00000000000006f9       0x34 /Users/riccardobenevelli/Library/Application Support/Code/User/globalStorage/bmd.stm32-for-vscode/@xpack-dev-tools/arm-none-eabi-gcc/11.3.1-1.1.2/.content/bin/../lib/gcc/arm-none-eabi/11.3.1/thumb/v7e-m+fp/hard/libgcc.a(_udivmoddi4.o)
 .ARM.attributes
                0x000000000000072d       0x1e /Users/riccardobenevelli/Library/Application Support/Code/User/globalStorage/bmd.stm32-for-vscode/@xpack-dev-tools/arm-none-eabi-gcc/11.3.1-1.1.2/.content/bin/../lib/gcc/arm-none-eabi/11.3.1/thumb/v7e-m+fp/hard/libgcc.a(_dvmd_tls.o)
 .ARM.attributes
                0x000000000000074b       0x1e /Users/riccardobenevelli/Library/Application Support/Code/User/globalStorage/bmd.stm32-for-vscode/@xpack-dev-tools/arm-none-eabi-gcc/11.3.1-1.1.2/.content/bin/../lib/gcc/arm-none-eabi/11.3.1/thumb/v7e-m+fp/hard/crtn.o
OUTPUT(build/recruiting-sw.elf elf32-littlearm)
LOAD linker stubs
LOAD /Users/riccardobenevelli/Library/Application Support/Code/User/globalStorage/bmd.stm32-for-vscode/@xpack-dev-tools/arm-none-eabi-gcc/11.3.1-1.1.2/.content/bin/../lib/gcc/arm-none-eabi/11.3.1/../../../../arm-none-eabi/lib/thumb/v7e-m+fp/hard/libc.a
LOAD /Users/riccardobenevelli/Library/Application Support/Code/User/globalStorage/bmd.stm32-for-vscode/@xpack-dev-tools/arm-none-eabi-gcc/11.3.1-1.1.2/.content/bin/../lib/gcc/arm-none-eabi/11.3.1/../../../../arm-none-eabi/lib/thumb/v7e-m+fp/hard/libm.a
LOAD /Users/riccardobenevelli/Library/Application Support/Code/User/globalStorage/bmd.stm32-for-vscode/@xpack-dev-tools/arm-none-eabi-gcc/11.3.1-1.1.2/.content/bin/../lib/gcc/arm-none-eabi/11.3.1/thumb/v7e-m+fp/hard/libgcc.a

.comment        0x0000000000000000       0x39
 .comment       0x0000000000000000       0x39 /Users/riccardobenevelli/Library/Application Support/Code/User/globalStorage/bmd.stm32-for-vscode/@xpack-dev-tools/arm-none-eabi-gcc/11.3.1-1.1.2/.content/bin/../lib/gcc/arm-none-eabi/11.3.1/thumb/v7e-m+fp/hard/crtbegin.o
                                         0x3a (size before relaxing)
 .comment       0x0000000000000039       0x3a build/main.o
 .comment       0x0000000000000039       0x3a build/stm32g4xx_hal_msp.o
 .comment       0x0000000000000039       0x3a build/stm32g4xx_it.o
 .comment       0x0000000000000039       0x3a build/system_stm32g4xx.o
 .comment       0x0000000000000039       0x3a build/stm32g4xx_hal.o
 .comment       0x0000000000000039       0x3a build/stm32g4xx_hal_cortex.o
 .comment       0x0000000000000039       0x3a build/stm32g4xx_hal_gpio.o
 .comment       0x0000000000000039       0x3a build/stm32g4xx_hal_pwr_ex.o
 .comment       0x0000000000000039       0x3a build/stm32g4xx_hal_rcc.o
 .comment       0x0000000000000039       0x3a build/stm32g4xx_hal_rcc_ex.o
 .comment       0x0000000000000039       0x3a build/stm32g4xx_hal_tim.o
 .comment       0x0000000000000039       0x3a build/stm32g4xx_hal_uart.o
 .comment       0x0000000000000039       0x3a build/stm32g4xx_hal_uart_ex.o
 .comment       0x0000000000000039       0x3a /Users/riccardobenevelli/Library/Application Support/Code/User/globalStorage/bmd.stm32-for-vscode/@xpack-dev-tools/arm-none-eabi-gcc/11.3.1-1.1.2/.content/bin/../lib/gcc/arm-none-eabi/11.3.1/../../../../arm-none-eabi/lib/thumb/v7e-m+fp/hard/libc_nano.a(libc_a-findfp.o)
 .comment       0x0000000000000039       0x3a /Users/riccardobenevelli/Library/Application Support/Code/User/globalStorage/bmd.stm32-for-vscode/@xpack-dev-tools/arm-none-eabi-gcc/11.3.1-1.1.2/.content/bin/../lib/gcc/arm-none-eabi/11.3.1/../../../../arm-none-eabi/lib/thumb/v7e-m+fp/hard/libc_nano.a(libc_a-sprintf.o)
 .comment       0x0000000000000039       0x3a /Users/riccardobenevelli/Library/Application Support/Code/User/globalStorage/bmd.stm32-for-vscode/@xpack-dev-tools/arm-none-eabi-gcc/11.3.1-1.1.2/.content/bin/../lib/gcc/arm-none-eabi/11.3.1/../../../../arm-none-eabi/lib/thumb/v7e-m+fp/hard/libc_nano.a(libc_a-memset.o)
 .comment       0x0000000000000039       0x3a /Users/riccardobenevelli/Library/Application Support/Code/User/globalStorage/bmd.stm32-for-vscode/@xpack-dev-tools/arm-none-eabi-gcc/11.3.1-1.1.2/.content/bin/../lib/gcc/arm-none-eabi/11.3.1/../../../../arm-none-eabi/lib/thumb/v7e-m+fp/hard/libc_nano.a(libc_a-reent.o)
 .comment       0x0000000000000039       0x3a /Users/riccardobenevelli/Library/Application Support/Code/User/globalStorage/bmd.stm32-for-vscode/@xpack-dev-tools/arm-none-eabi-gcc/11.3.1-1.1.2/.content/bin/../lib/gcc/arm-none-eabi/11.3.1/../../../../arm-none-eabi/lib/thumb/v7e-m+fp/hard/libc_nano.a(libc_a-impure.o)
 .comment       0x0000000000000039       0x3a /Users/riccardobenevelli/Library/Application Support/Code/User/globalStorage/bmd.stm32-for-vscode/@xpack-dev-tools/arm-none-eabi-gcc/11.3.1-1.1.2/.content/bin/../lib/gcc/arm-none-eabi/11.3.1/../../../../arm-none-eabi/lib/thumb/v7e-m+fp/hard/libc_nano.a(libc_a-init.o)
 .comment       0x0000000000000039       0x3a /Users/riccardobenevelli/Library/Application Support/Code/User/globalStorage/bmd.stm32-for-vscode/@xpack-dev-tools/arm-none-eabi-gcc/11.3.1-1.1.2/.content/bin/../lib/gcc/arm-none-eabi/11.3.1/../../../../arm-none-eabi/lib/thumb/v7e-m+fp/hard/libc_nano.a(libc_a-lock.o)
 .comment       0x0000000000000039       0x3a /Users/riccardobenevelli/Library/Application Support/Code/User/globalStorage/bmd.stm32-for-vscode/@xpack-dev-tools/arm-none-eabi-gcc/11.3.1-1.1.2/.content/bin/../lib/gcc/arm-none-eabi/11.3.1/../../../../arm-none-eabi/lib/thumb/v7e-m+fp/hard/libc_nano.a(libc_a-freer.o)
 .comment       0x0000000000000039       0x3a /Users/riccardobenevelli/Library/Application Support/Code/User/globalStorage/bmd.stm32-for-vscode/@xpack-dev-tools/arm-none-eabi-gcc/11.3.1-1.1.2/.content/bin/../lib/gcc/arm-none-eabi/11.3.1/../../../../arm-none-eabi/lib/thumb/v7e-m+fp/hard/libc_nano.a(libc_a-mallocr.o)
 .comment       0x0000000000000039       0x3a /Users/riccardobenevelli/Library/Application Support/Code/User/globalStorage/bmd.stm32-for-vscode/@xpack-dev-tools/arm-none-eabi-gcc/11.3.1-1.1.2/.content/bin/../lib/gcc/arm-none-eabi/11.3.1/../../../../arm-none-eabi/lib/thumb/v7e-m+fp/hard/libc_nano.a(libc_a-mlock.o)
 .comment       0x0000000000000039       0x3a /Users/riccardobenevelli/Library/Application Support/Code/User/globalStorage/bmd.stm32-for-vscode/@xpack-dev-tools/arm-none-eabi-gcc/11.3.1-1.1.2/.content/bin/../lib/gcc/arm-none-eabi/11.3.1/../../../../arm-none-eabi/lib/thumb/v7e-m+fp/hard/libc_nano.a(libc_a-nano-svfprintf.o)
 .comment       0x0000000000000039       0x3a /Users/riccardobenevelli/Library/Application Support/Code/User/globalStorage/bmd.stm32-for-vscode/@xpack-dev-tools/arm-none-eabi-gcc/11.3.1-1.1.2/.content/bin/../lib/gcc/arm-none-eabi/11.3.1/../../../../arm-none-eabi/lib/thumb/v7e-m+fp/hard/libc_nano.a(libc_a-nano-vfprintf_i.o)
 .comment       0x0000000000000039       0x3a /Users/riccardobenevelli/Library/Application Support/Code/User/globalStorage/bmd.stm32-for-vscode/@xpack-dev-tools/arm-none-eabi-gcc/11.3.1-1.1.2/.content/bin/../lib/gcc/arm-none-eabi/11.3.1/../../../../arm-none-eabi/lib/thumb/v7e-m+fp/hard/libc_nano.a(libc_a-memmove.o)
 .comment       0x0000000000000039       0x3a /Users/riccardobenevelli/Library/Application Support/Code/User/globalStorage/bmd.stm32-for-vscode/@xpack-dev-tools/arm-none-eabi-gcc/11.3.1-1.1.2/.content/bin/../lib/gcc/arm-none-eabi/11.3.1/../../../../arm-none-eabi/lib/thumb/v7e-m+fp/hard/libc_nano.a(libc_a-sbrkr.o)
 .comment       0x0000000000000039       0x3a /Users/riccardobenevelli/Library/Application Support/Code/User/globalStorage/bmd.stm32-for-vscode/@xpack-dev-tools/arm-none-eabi-gcc/11.3.1-1.1.2/.content/bin/../lib/gcc/arm-none-eabi/11.3.1/../../../../arm-none-eabi/lib/thumb/v7e-m+fp/hard/libc_nano.a(libc_a-memcpy-stub.o)
 .comment       0x0000000000000039       0x3a /Users/riccardobenevelli/Library/Application Support/Code/User/globalStorage/bmd.stm32-for-vscode/@xpack-dev-tools/arm-none-eabi-gcc/11.3.1-1.1.2/.content/bin/../lib/gcc/arm-none-eabi/11.3.1/../../../../arm-none-eabi/lib/thumb/v7e-m+fp/hard/libc_nano.a(libc_a-reallocr.o)
 .comment       0x0000000000000039       0x3a /Users/riccardobenevelli/Library/Application Support/Code/User/globalStorage/bmd.stm32-for-vscode/@xpack-dev-tools/arm-none-eabi-gcc/11.3.1-1.1.2/.content/bin/../lib/gcc/arm-none-eabi/11.3.1/../../../../arm-none-eabi/lib/thumb/v7e-m+fp/hard/libc_nano.a(libc_a-msizer.o)
 .comment       0x0000000000000039       0x3a /Users/riccardobenevelli/Library/Application Support/Code/User/globalStorage/bmd.stm32-for-vscode/@xpack-dev-tools/arm-none-eabi-gcc/11.3.1-1.1.2/.content/bin/../lib/gcc/arm-none-eabi/11.3.1/../../../../arm-none-eabi/lib/thumb/v7e-m+fp/hard/libnosys.a(sbrk.o)
 .comment       0x0000000000000039       0x3a /Users/riccardobenevelli/Library/Application Support/Code/User/globalStorage/bmd.stm32-for-vscode/@xpack-dev-tools/arm-none-eabi-gcc/11.3.1-1.1.2/.content/bin/../lib/gcc/arm-none-eabi/11.3.1/thumb/v7e-m+fp/hard/libgcc.a(_udivmoddi4.o)

.debug_info     0x0000000000000000    0x12c12
 .debug_info    0x0000000000000000     0x18ee build/main.o
 .debug_info    0x00000000000018ee     0x121c build/stm32g4xx_hal_msp.o
 .debug_info    0x0000000000002b0a      0x16c build/stm32g4xx_it.o
 .debug_info    0x0000000000002c76      0x5a3 build/system_stm32g4xx.o
 .debug_info    0x0000000000003219      0xc0c build/stm32g4xx_hal.o
 .debug_info    0x0000000000003e25      0xffa build/stm32g4xx_hal_cortex.o
 .debug_info    0x0000000000004e1f      0x795 build/stm32g4xx_hal_gpio.o
 .debug_info    0x00000000000055b4      0x9bd build/stm32g4xx_hal_pwr_ex.o
 .debug_info    0x0000000000005f71      0xe39 build/stm32g4xx_hal_rcc.o
 .debug_info    0x0000000000006daa      0xe5a build/stm32g4xx_hal_rcc_ex.o
 .debug_info    0x0000000000007c04     0x3e56 build/stm32g4xx_hal_tim.o
 .debug_info    0x000000000000ba5a     0x5fa7 build/stm32g4xx_hal_uart.o
 .debug_info    0x0000000000011a01     0x11ee build/stm32g4xx_hal_uart_ex.o
 .debug_info    0x0000000000012bef       0x23 build/startup_stm32g474xx.o

.debug_abbrev   0x0000000000000000     0x1fa7
 .debug_abbrev  0x0000000000000000      0x30a build/main.o
 .debug_abbrev  0x000000000000030a      0x25c build/stm32g4xx_hal_msp.o
 .debug_abbrev  0x0000000000000566       0xbb build/stm32g4xx_it.o
 .debug_abbrev  0x0000000000000621      0x11e build/system_stm32g4xx.o
 .debug_abbrev  0x000000000000073f      0x27d build/stm32g4xx_hal.o
 .debug_abbrev  0x00000000000009bc      0x36b build/stm32g4xx_hal_cortex.o
 .debug_abbrev  0x0000000000000d27      0x1f9 build/stm32g4xx_hal_gpio.o
 .debug_abbrev  0x0000000000000f20      0x249 build/stm32g4xx_hal_pwr_ex.o
 .debug_abbrev  0x0000000000001169      0x2ab build/stm32g4xx_hal_rcc.o
 .debug_abbrev  0x0000000000001414      0x27f build/stm32g4xx_hal_rcc_ex.o
 .debug_abbrev  0x0000000000001693      0x299 build/stm32g4xx_hal_tim.o
 .debug_abbrev  0x000000000000192c      0x32e build/stm32g4xx_hal_uart.o
 .debug_abbrev  0x0000000000001c5a      0x33b build/stm32g4xx_hal_uart_ex.o
 .debug_abbrev  0x0000000000001f95       0x12 build/startup_stm32g474xx.o

.debug_loclists
                0x0000000000000000     0x97d0
 .debug_loclists
                0x0000000000000000       0x43 build/main.o
 .debug_loclists
                0x0000000000000043       0x49 build/stm32g4xx_hal_msp.o
 .debug_loclists
                0x000000000000008c       0x65 build/system_stm32g4xx.o
 .debug_loclists
                0x00000000000000f1      0x12f build/stm32g4xx_hal.o
 .debug_loclists
                0x0000000000000220      0x4d3 build/stm32g4xx_hal_cortex.o
 .debug_loclists
                0x00000000000006f3      0x267 build/stm32g4xx_hal_gpio.o
 .debug_loclists
                0x000000000000095a      0x59a build/stm32g4xx_hal_pwr_ex.o
 .debug_loclists
                0x0000000000000ef4      0x568 build/stm32g4xx_hal_rcc.o
 .debug_loclists
                0x000000000000145c      0xf45 build/stm32g4xx_hal_rcc_ex.o
 .debug_loclists
                0x00000000000023a1     0x37bf build/stm32g4xx_hal_tim.o
 .debug_loclists
                0x0000000000005b60     0x3509 build/stm32g4xx_hal_uart.o
 .debug_loclists
                0x0000000000009069      0x767 build/stm32g4xx_hal_uart_ex.o

.debug_aranges  0x0000000000000000      0xcc0
 .debug_aranges
                0x0000000000000000       0x48 build/main.o
 .debug_aranges
                0x0000000000000048       0x40 build/stm32g4xx_hal_msp.o
 .debug_aranges
                0x0000000000000088       0x68 build/stm32g4xx_it.o
 .debug_aranges
                0x00000000000000f0       0x28 build/system_stm32g4xx.o
 .debug_aranges
                0x0000000000000118      0x130 build/stm32g4xx_hal.o
 .debug_aranges
                0x0000000000000248       0xa8 build/stm32g4xx_hal_cortex.o
 .debug_aranges
                0x00000000000002f0       0x58 build/stm32g4xx_hal_gpio.o
 .debug_aranges
                0x0000000000000348      0x140 build/stm32g4xx_hal_pwr_ex.o
 .debug_aranges
                0x0000000000000488       0x98 build/stm32g4xx_hal_rcc.o
 .debug_aranges
                0x0000000000000520       0xb0 build/stm32g4xx_hal_rcc_ex.o
 .debug_aranges
                0x00000000000005d0      0x3e0 build/stm32g4xx_hal_tim.o
 .debug_aranges
                0x00000000000009b0      0x248 build/stm32g4xx_hal_uart.o
 .debug_aranges
                0x0000000000000bf8       0xa0 build/stm32g4xx_hal_uart_ex.o
 .debug_aranges
                0x0000000000000c98       0x28 build/startup_stm32g474xx.o

.debug_rnglists
                0x0000000000000000      0x9fa
 .debug_rnglists
                0x0000000000000000       0x32 build/main.o
 .debug_rnglists
                0x0000000000000032       0x2c build/stm32g4xx_hal_msp.o
 .debug_rnglists
                0x000000000000005e       0x49 build/stm32g4xx_it.o
 .debug_rnglists
                0x00000000000000a7       0x1a build/system_stm32g4xx.o
 .debug_rnglists
                0x00000000000000c1       0xdf build/stm32g4xx_hal.o
 .debug_rnglists
                0x00000000000001a0       0xa9 build/stm32g4xx_hal_cortex.o
 .debug_rnglists
                0x0000000000000249       0x3f build/stm32g4xx_hal_gpio.o
 .debug_rnglists
                0x0000000000000288       0xf1 build/stm32g4xx_hal_pwr_ex.o
 .debug_rnglists
                0x0000000000000379       0x81 build/stm32g4xx_hal_rcc.o
 .debug_rnglists
                0x00000000000003fa       0x92 build/stm32g4xx_hal_rcc_ex.o
 .debug_rnglists
                0x000000000000048c      0x314 build/stm32g4xx_hal_tim.o
 .debug_rnglists
                0x00000000000007a0      0x1cb build/stm32g4xx_hal_uart.o
 .debug_rnglists
                0x000000000000096b       0x76 build/stm32g4xx_hal_uart_ex.o
 .debug_rnglists
                0x00000000000009e1       0x19 build/startup_stm32g474xx.o

.debug_line     0x0000000000000000    0x11913
 .debug_line    0x0000000000000000      0x6bf build/main.o
 .debug_line    0x00000000000006bf      0x42a build/stm32g4xx_hal_msp.o
 .debug_line    0x0000000000000ae9      0x337 build/stm32g4xx_it.o
 .debug_line    0x0000000000000e20      0x30d build/system_stm32g4xx.o
 .debug_line    0x000000000000112d      0x74e build/stm32g4xx_hal.o
 .debug_line    0x000000000000187b      0x82d build/stm32g4xx_hal_cortex.o
 .debug_line    0x00000000000020a8      0x74e build/stm32g4xx_hal_gpio.o
 .debug_line    0x00000000000027f6      0xb11 build/stm32g4xx_hal_pwr_ex.o
 .debug_line    0x0000000000003307      0xea7 build/stm32g4xx_hal_rcc.o
 .debug_line    0x00000000000041ae     0x1317 build/stm32g4xx_hal_rcc_ex.o
 .debug_line    0x00000000000054c5     0x5233 build/stm32g4xx_hal_tim.o
 .debug_line    0x000000000000a6f8     0x63de build/stm32g4xx_hal_uart.o
 .debug_line    0x0000000000010ad6      0xdc6 build/stm32g4xx_hal_uart_ex.o
 .debug_line    0x000000000001189c       0x77 build/startup_stm32g474xx.o

.debug_str      0x0000000000000000     0x47ca
 .debug_str     0x0000000000000000     0x1476 build/main.o
                                       0x1562 (size before relaxing)
 .debug_str     0x0000000000001476      0x299 build/stm32g4xx_hal_msp.o
                                        0xea5 (size before relaxing)
 .debug_str     0x000000000000170f       0xe2 build/stm32g4xx_it.o
                                        0x254 (size before relaxing)
 .debug_str     0x00000000000017f1       0xd8 build/system_stm32g4xx.o
                                        0x3ae (size before relaxing)
 .debug_str     0x00000000000018c9      0x465 build/stm32g4xx_hal.o
                                        0xdff (size before relaxing)
 .debug_str     0x0000000000001d2e      0x42e build/stm32g4xx_hal_cortex.o
                                        0xd44 (size before relaxing)
 .debug_str     0x000000000000215c       0xe2 build/stm32g4xx_hal_gpio.o
                                        0x527 (size before relaxing)
 .debug_str     0x000000000000223e      0x4e8 build/stm32g4xx_hal_pwr_ex.o
                                        0x7c9 (size before relaxing)
 .debug_str     0x0000000000002726      0x286 build/stm32g4xx_hal_rcc.o
                                        0x83c (size before relaxing)
 .debug_str     0x00000000000029ac      0x372 build/stm32g4xx_hal_rcc_ex.o
                                        0xa4c (size before relaxing)
 .debug_str     0x0000000000002d1e      0xfd3 build/stm32g4xx_hal_tim.o
                                       0x187c (size before relaxing)
 .debug_str     0x0000000000003cf1      0x892 build/stm32g4xx_hal_uart.o
                                       0x11e9 (size before relaxing)
 .debug_str     0x0000000000004583      0x225 build/stm32g4xx_hal_uart_ex.o
                                        0xb03 (size before relaxing)
 .debug_str     0x00000000000047a8       0x22 build/startup_stm32g474xx.o
                                         0x51 (size before relaxing)

.debug_frame    0x0000000000000000     0x1fec
 .debug_frame   0x0000000000000000       0xac build/main.o
 .debug_frame   0x00000000000000ac       0x8c build/stm32g4xx_hal_msp.o
 .debug_frame   0x0000000000000138       0xc0 build/stm32g4xx_it.o
 .debug_frame   0x00000000000001f8       0x30 build/system_stm32g4xx.o
 .debug_frame   0x0000000000000228      0x274 build/stm32g4xx_hal.o
 .debug_frame   0x000000000000049c      0x148 build/stm32g4xx_hal_cortex.o
 .debug_frame   0x00000000000005e4       0xd0 build/stm32g4xx_hal_gpio.o
 .debug_frame   0x00000000000006b4      0x268 build/stm32g4xx_hal_pwr_ex.o
 .debug_frame   0x000000000000091c      0x198 build/stm32g4xx_hal_rcc.o
 .debug_frame   0x0000000000000ab4      0x1a0 build/stm32g4xx_hal_rcc_ex.o
 .debug_frame   0x0000000000000c54      0xb54 build/stm32g4xx_hal_tim.o
 .debug_frame   0x00000000000017a8      0x67c build/stm32g4xx_hal_uart.o
 .debug_frame   0x0000000000001e24      0x1c8 build/stm32g4xx_hal_uart_ex.o

.debug_line_str
                0x0000000000000000       0x45
 .debug_line_str
                0x0000000000000000       0x45 build/startup_stm32g474xx.o
                                         0x5b (size before relaxing)

Cross Reference Table

Symbol                                            File
ADC1_2_IRQHandler                                 build/startup_stm32g474xx.o
ADC3_IRQHandler                                   build/startup_stm32g474xx.o
ADC4_IRQHandler                                   build/startup_stm32g474xx.o
ADC5_IRQHandler                                   build/startup_stm32g474xx.o
AHBPrescTable                                     build/system_stm32g4xx.o
                                                  build/stm32g4xx_hal_rcc.o
APBPrescTable                                     build/system_stm32g4xx.o
                                                  build/stm32g4xx_hal_rcc.o
BusFault_Handler                                  build/stm32g4xx_it.o
COMP1_2_3_IRQHandler                              build/startup_stm32g474xx.o
COMP4_5_6_IRQHandler                              build/startup_stm32g474xx.o
COMP7_IRQHandler                                  build/startup_stm32g474xx.o
CORDIC_IRQHandler                                 build/startup_stm32g474xx.o
CRS_IRQHandler                                    build/startup_stm32g474xx.o
DMA1_Channel1_IRQHandler                          build/startup_stm32g474xx.o
DMA1_Channel2_IRQHandler                          build/startup_stm32g474xx.o
DMA1_Channel3_IRQHandler                          build/startup_stm32g474xx.o
DMA1_Channel4_IRQHandler                          build/startup_stm32g474xx.o
DMA1_Channel5_IRQHandler                          build/startup_stm32g474xx.o
DMA1_Channel6_IRQHandler                          build/startup_stm32g474xx.o
DMA1_Channel7_IRQHandler                          build/startup_stm32g474xx.o
DMA1_Channel8_IRQHandler                          build/startup_stm32g474xx.o
DMA2_Channel1_IRQHandler                          build/startup_stm32g474xx.o
DMA2_Channel2_IRQHandler                          build/startup_stm32g474xx.o
DMA2_Channel3_IRQHandler                          build/startup_stm32g474xx.o
DMA2_Channel4_IRQHandler                          build/startup_stm32g474xx.o
DMA2_Channel5_IRQHandler                          build/startup_stm32g474xx.o
DMA2_Channel6_IRQHandler                          build/startup_stm32g474xx.o
DMA2_Channel7_IRQHandler                          build/startup_stm32g474xx.o
DMA2_Channel8_IRQHandler                          build/startup_stm32g474xx.o
DMAMUX_OVR_IRQHandler                             build/startup_stm32g474xx.o
DebugMon_Handler                                  build/stm32g4xx_it.o
Default_Handler                                   build/startup_stm32g474xx.o
EXTI0_IRQHandler                                  build/startup_stm32g474xx.o
EXTI15_10_IRQHandler                              build/stm32g4xx_it.o
EXTI1_IRQHandler                                  build/startup_stm32g474xx.o
EXTI2_IRQHandler                                  build/startup_stm32g474xx.o
EXTI3_IRQHandler                                  build/startup_stm32g474xx.o
EXTI4_IRQHandler                                  build/startup_stm32g474xx.o
EXTI9_5_IRQHandler                                build/startup_stm32g474xx.o
Error_Handler                                     build/main.o
                                                  build/stm32g4xx_hal_msp.o
FDCAN1_IT0_IRQHandler                             build/startup_stm32g474xx.o
FDCAN1_IT1_IRQHandler                             build/startup_stm32g474xx.o
FDCAN2_IT0_IRQHandler                             build/startup_stm32g474xx.o
FDCAN2_IT1_IRQHandler                             build/startup_stm32g474xx.o
FDCAN3_IT0_IRQHandler                             build/startup_stm32g474xx.o
FDCAN3_IT1_IRQHandler                             build/startup_stm32g474xx.o
FLASH_FlushCaches                                 build/stm32g4xx_hal_flash_ex.o
                                                  build/stm32g4xx_hal_flash.o
FLASH_IRQHandler                                  build/startup_stm32g474xx.o
FLASH_PageErase                                   build/stm32g4xx_hal_flash_ex.o
                                                  build/stm32g4xx_hal_flash.o
FLASH_WaitForLastOperation                        build/stm32g4xx_hal_flash.o
                                                  build/stm32g4xx_hal_flash_ex.o
FMAC_IRQHandler                                   build/startup_stm32g474xx.o
FMC_IRQHandler                                    build/startup_stm32g474xx.o
FPU_IRQHandler                                    build/startup_stm32g474xx.o
HAL_DBGMCU_DisableDBGSleepMode                    build/stm32g4xx_hal.o
HAL_DBGMCU_DisableDBGStandbyMode                  build/stm32g4xx_hal.o
HAL_DBGMCU_DisableDBGStopMode                     build/stm32g4xx_hal.o
HAL_DBGMCU_EnableDBGSleepMode                     build/stm32g4xx_hal.o
HAL_DBGMCU_EnableDBGStandbyMode                   build/stm32g4xx_hal.o
HAL_DBGMCU_EnableDBGStopMode                      build/stm32g4xx_hal.o
HAL_DMAEx_ConfigMuxRequestGenerator               build/stm32g4xx_hal_dma_ex.o
HAL_DMAEx_ConfigMuxSync                           build/stm32g4xx_hal_dma_ex.o
HAL_DMAEx_DisableMuxRequestGenerator              build/stm32g4xx_hal_dma_ex.o
HAL_DMAEx_EnableMuxRequestGenerator               build/stm32g4xx_hal_dma_ex.o
HAL_DMAEx_MUX_IRQHandler                          build/stm32g4xx_hal_dma_ex.o
HAL_DMA_Abort                                     build/stm32g4xx_hal_dma.o
                                                  build/stm32g4xx_hal_uart.o
HAL_DMA_Abort_IT                                  build/stm32g4xx_hal_dma.o
                                                  build/stm32g4xx_hal_uart.o
                                                  build/stm32g4xx_hal_tim_ex.o
                                                  build/stm32g4xx_hal_tim.o
HAL_DMA_DeInit                                    build/stm32g4xx_hal_dma.o
HAL_DMA_GetError                                  build/stm32g4xx_hal_dma.o
                                                  build/stm32g4xx_hal_uart.o
HAL_DMA_GetState                                  build/stm32g4xx_hal_dma.o
HAL_DMA_IRQHandler                                build/stm32g4xx_hal_dma.o
HAL_DMA_Init                                      build/stm32g4xx_hal_dma.o
HAL_DMA_PollForTransfer                           build/stm32g4xx_hal_dma.o
HAL_DMA_RegisterCallback                          build/stm32g4xx_hal_dma.o
HAL_DMA_Start                                     build/stm32g4xx_hal_dma.o
HAL_DMA_Start_IT                                  build/stm32g4xx_hal_dma.o
                                                  build/stm32g4xx_hal_uart.o
                                                  build/stm32g4xx_hal_tim_ex.o
                                                  build/stm32g4xx_hal_tim.o
HAL_DMA_UnRegisterCallback                        build/stm32g4xx_hal_dma.o
HAL_DeInit                                        build/stm32g4xx_hal.o
HAL_Delay                                         build/stm32g4xx_hal.o
HAL_EXTI_ClearConfigLine                          build/stm32g4xx_hal_exti.o
HAL_EXTI_ClearPending                             build/stm32g4xx_hal_exti.o
HAL_EXTI_GenerateSWI                              build/stm32g4xx_hal_exti.o
HAL_EXTI_GetConfigLine                            build/stm32g4xx_hal_exti.o
HAL_EXTI_GetHandle                                build/stm32g4xx_hal_exti.o
HAL_EXTI_GetPending                               build/stm32g4xx_hal_exti.o
HAL_EXTI_IRQHandler                               build/stm32g4xx_hal_exti.o
HAL_EXTI_RegisterCallback                         build/stm32g4xx_hal_exti.o
HAL_EXTI_SetConfigLine                            build/stm32g4xx_hal_exti.o
HAL_FLASHEx_DisableDebugger                       build/stm32g4xx_hal_flash_ex.o
HAL_FLASHEx_DisableRunPowerDown                   build/stm32g4xx_hal_flash_ramfunc.o
HAL_FLASHEx_EnableDebugger                        build/stm32g4xx_hal_flash_ex.o
HAL_FLASHEx_EnableRunPowerDown                    build/stm32g4xx_hal_flash_ramfunc.o
HAL_FLASHEx_EnableSecMemProtection                build/stm32g4xx_hal_flash_ex.o
HAL_FLASHEx_Erase                                 build/stm32g4xx_hal_flash_ex.o
HAL_FLASHEx_Erase_IT                              build/stm32g4xx_hal_flash_ex.o
HAL_FLASHEx_OBGetConfig                           build/stm32g4xx_hal_flash_ex.o
HAL_FLASHEx_OBProgram                             build/stm32g4xx_hal_flash_ex.o
HAL_FLASHEx_OB_DBankConfig                        build/stm32g4xx_hal_flash_ramfunc.o
HAL_FLASH_EndOfOperationCallback                  build/stm32g4xx_hal_flash.o
HAL_FLASH_GetError                                build/stm32g4xx_hal_flash.o
HAL_FLASH_IRQHandler                              build/stm32g4xx_hal_flash.o
HAL_FLASH_Lock                                    build/stm32g4xx_hal_flash.o
HAL_FLASH_OB_Launch                               build/stm32g4xx_hal_flash.o
HAL_FLASH_OB_Lock                                 build/stm32g4xx_hal_flash.o
HAL_FLASH_OB_Unlock                               build/stm32g4xx_hal_flash.o
HAL_FLASH_OperationErrorCallback                  build/stm32g4xx_hal_flash.o
HAL_FLASH_Program                                 build/stm32g4xx_hal_flash.o
HAL_FLASH_Program_IT                              build/stm32g4xx_hal_flash.o
HAL_FLASH_Unlock                                  build/stm32g4xx_hal_flash.o
HAL_GPIO_DeInit                                   build/stm32g4xx_hal_gpio.o
                                                  build/stm32g4xx_hal_msp.o
HAL_GPIO_EXTI_Callback                            build/stm32g4xx_hal_gpio.o
HAL_GPIO_EXTI_IRQHandler                          build/stm32g4xx_hal_gpio.o
                                                  build/stm32g4xx_it.o
HAL_GPIO_Init                                     build/stm32g4xx_hal_gpio.o
                                                  build/stm32g4xx_hal_rcc_ex.o
                                                  build/stm32g4xx_hal_rcc.o
                                                  build/stm32g4xx_hal_msp.o
                                                  build/main.o
HAL_GPIO_LockPin                                  build/stm32g4xx_hal_gpio.o
HAL_GPIO_ReadPin                                  build/stm32g4xx_hal_gpio.o
HAL_GPIO_TogglePin                                build/stm32g4xx_hal_gpio.o
                                                  build/main.o
HAL_GPIO_WritePin                                 build/stm32g4xx_hal_gpio.o
                                                  build/main.o
HAL_GetDEVID                                      build/stm32g4xx_hal.o
HAL_GetHalVersion                                 build/stm32g4xx_hal.o
HAL_GetREVID                                      build/stm32g4xx_hal.o
HAL_GetTick                                       build/stm32g4xx_hal.o
                                                  build/stm32g4xx_hal_uart_ex.o
                                                  build/stm32g4xx_hal_uart.o
                                                  build/stm32g4xx_hal_tim_ex.o
                                                  build/stm32g4xx_hal_rcc_ex.o
                                                  build/stm32g4xx_hal_rcc.o
                                                  build/stm32g4xx_hal_flash.o
                                                  build/stm32g4xx_hal_dma.o
HAL_GetTickFreq                                   build/stm32g4xx_hal.o
HAL_GetTickPrio                                   build/stm32g4xx_hal.o
HAL_HalfDuplex_EnableReceiver                     build/stm32g4xx_hal_uart.o
HAL_HalfDuplex_EnableTransmitter                  build/stm32g4xx_hal_uart.o
HAL_HalfDuplex_Init                               build/stm32g4xx_hal_uart.o
HAL_IncTick                                       build/stm32g4xx_hal.o
                                                  build/stm32g4xx_it.o
HAL_Init                                          build/stm32g4xx_hal.o
                                                  build/main.o
HAL_InitTick                                      build/stm32g4xx_hal.o
                                                  build/stm32g4xx_hal_rcc.o
HAL_LIN_Init                                      build/stm32g4xx_hal_uart.o
HAL_LIN_SendBreak                                 build/stm32g4xx_hal_uart.o
HAL_MPU_ConfigRegion                              build/stm32g4xx_hal_cortex.o
HAL_MPU_Disable                                   build/stm32g4xx_hal_cortex.o
HAL_MPU_Enable                                    build/stm32g4xx_hal_cortex.o
HAL_MspDeInit                                     build/stm32g4xx_hal.o
HAL_MspInit                                       build/stm32g4xx_hal_msp.o
HAL_MultiProcessorEx_AddressLength_Set            build/stm32g4xx_hal_uart_ex.o
HAL_MultiProcessor_DisableMuteMode                build/stm32g4xx_hal_uart.o
HAL_MultiProcessor_EnableMuteMode                 build/stm32g4xx_hal_uart.o
HAL_MultiProcessor_EnterMuteMode                  build/stm32g4xx_hal_uart.o
HAL_MultiProcessor_Init                           build/stm32g4xx_hal_uart.o
HAL_NVIC_ClearPendingIRQ                          build/stm32g4xx_hal_cortex.o
HAL_NVIC_DisableIRQ                               build/stm32g4xx_hal_cortex.o
HAL_NVIC_EnableIRQ                                build/stm32g4xx_hal_cortex.o
                                                  build/main.o
HAL_NVIC_GetActive                                build/stm32g4xx_hal_cortex.o
HAL_NVIC_GetPendingIRQ                            build/stm32g4xx_hal_cortex.o
HAL_NVIC_GetPriority                              build/stm32g4xx_hal_cortex.o
HAL_NVIC_GetPriorityGrouping                      build/stm32g4xx_hal_cortex.o
HAL_NVIC_SetPendingIRQ                            build/stm32g4xx_hal_cortex.o
HAL_NVIC_SetPriority                              build/stm32g4xx_hal_cortex.o
                                                  build/stm32g4xx_hal.o
                                                  build/main.o
HAL_NVIC_SetPriorityGrouping                      build/stm32g4xx_hal_cortex.o
                                                  build/stm32g4xx_hal.o
HAL_NVIC_SystemReset                              build/stm32g4xx_hal_cortex.o
HAL_PWREx_ConfigPVM                               build/stm32g4xx_hal_pwr_ex.o
HAL_PWREx_ControlVoltageScaling                   build/stm32g4xx_hal_pwr_ex.o
                                                  build/main.o
HAL_PWREx_DisableBatteryCharging                  build/stm32g4xx_hal_pwr_ex.o
HAL_PWREx_DisableGPIOPullDown                     build/stm32g4xx_hal_pwr_ex.o
HAL_PWREx_DisableGPIOPullUp                       build/stm32g4xx_hal_pwr_ex.o
HAL_PWREx_DisableInternalWakeUpLine               build/stm32g4xx_hal_pwr_ex.o
HAL_PWREx_DisableLowPowerRunMode                  build/stm32g4xx_hal_pwr_ex.o
                                                  build/stm32g4xx_hal_pwr.o
HAL_PWREx_DisablePVM1                             build/stm32g4xx_hal_pwr_ex.o
HAL_PWREx_DisablePVM2                             build/stm32g4xx_hal_pwr_ex.o
HAL_PWREx_DisablePVM3                             build/stm32g4xx_hal_pwr_ex.o
HAL_PWREx_DisablePVM4                             build/stm32g4xx_hal_pwr_ex.o
HAL_PWREx_DisablePullUpPullDownConfig             build/stm32g4xx_hal_pwr_ex.o
HAL_PWREx_DisableSRAM2ContentRetention            build/stm32g4xx_hal_pwr_ex.o
HAL_PWREx_DisableUCPDDeadBattery                  build/stm32g4xx_hal_pwr_ex.o
                                                  build/stm32g4xx_hal_msp.o
HAL_PWREx_DisableUCPDStandbyMode                  build/stm32g4xx_hal_pwr_ex.o
HAL_PWREx_EnableBatteryCharging                   build/stm32g4xx_hal_pwr_ex.o
HAL_PWREx_EnableGPIOPullDown                      build/stm32g4xx_hal_pwr_ex.o
HAL_PWREx_EnableGPIOPullUp                        build/stm32g4xx_hal_pwr_ex.o
HAL_PWREx_EnableInternalWakeUpLine                build/stm32g4xx_hal_pwr_ex.o
HAL_PWREx_EnableLowPowerRunMode                   build/stm32g4xx_hal_pwr_ex.o
                                                  build/stm32g4xx_hal_pwr.o
HAL_PWREx_EnablePVM1                              build/stm32g4xx_hal_pwr_ex.o
HAL_PWREx_EnablePVM2                              build/stm32g4xx_hal_pwr_ex.o
HAL_PWREx_EnablePVM3                              build/stm32g4xx_hal_pwr_ex.o
HAL_PWREx_EnablePVM4                              build/stm32g4xx_hal_pwr_ex.o
HAL_PWREx_EnablePullUpPullDownConfig              build/stm32g4xx_hal_pwr_ex.o
HAL_PWREx_EnableSRAM2ContentRetention             build/stm32g4xx_hal_pwr_ex.o
HAL_PWREx_EnableUCPDDeadBattery                   build/stm32g4xx_hal_pwr_ex.o
HAL_PWREx_EnableUCPDStandbyMode                   build/stm32g4xx_hal_pwr_ex.o
HAL_PWREx_EnterSHUTDOWNMode                       build/stm32g4xx_hal_pwr_ex.o
HAL_PWREx_EnterSTOP0Mode                          build/stm32g4xx_hal_pwr_ex.o
                                                  build/stm32g4xx_hal_pwr.o
HAL_PWREx_EnterSTOP1Mode                          build/stm32g4xx_hal_pwr_ex.o
                                                  build/stm32g4xx_hal_pwr.o
HAL_PWREx_GetVoltageRange                         build/stm32g4xx_hal_pwr_ex.o
HAL_PWREx_PVD_PVM_IRQHandler                      build/stm32g4xx_hal_pwr_ex.o
HAL_PWREx_PVM1Callback                            build/stm32g4xx_hal_pwr_ex.o
HAL_PWREx_PVM2Callback                            build/stm32g4xx_hal_pwr_ex.o
HAL_PWREx_PVM3Callback                            build/stm32g4xx_hal_pwr_ex.o
HAL_PWREx_PVM4Callback                            build/stm32g4xx_hal_pwr_ex.o
HAL_PWR_ConfigPVD                                 build/stm32g4xx_hal_pwr.o
HAL_PWR_DeInit                                    build/stm32g4xx_hal_pwr.o
HAL_PWR_DisableBkUpAccess                         build/stm32g4xx_hal_pwr.o
                                                  build/stm32g4xx_hal_rcc_ex.o
HAL_PWR_DisablePVD                                build/stm32g4xx_hal_pwr.o
HAL_PWR_DisableSEVOnPend                          build/stm32g4xx_hal_pwr.o
HAL_PWR_DisableSleepOnExit                        build/stm32g4xx_hal_pwr.o
HAL_PWR_DisableWakeUpPin                          build/stm32g4xx_hal_pwr.o
HAL_PWR_EnableBkUpAccess                          build/stm32g4xx_hal_pwr.o
                                                  build/stm32g4xx_hal_rcc_ex.o
HAL_PWR_EnablePVD                                 build/stm32g4xx_hal_pwr.o
HAL_PWR_EnableSEVOnPend                           build/stm32g4xx_hal_pwr.o
HAL_PWR_EnableSleepOnExit                         build/stm32g4xx_hal_pwr.o
HAL_PWR_EnableWakeUpPin                           build/stm32g4xx_hal_pwr.o
HAL_PWR_EnterSLEEPMode                            build/stm32g4xx_hal_pwr.o
HAL_PWR_EnterSTANDBYMode                          build/stm32g4xx_hal_pwr.o
HAL_PWR_EnterSTOPMode                             build/stm32g4xx_hal_pwr.o
HAL_PWR_PVDCallback                               build/stm32g4xx_hal_pwr.o
                                                  build/stm32g4xx_hal_pwr_ex.o
HAL_RCCEx_CRSConfig                               build/stm32g4xx_hal_rcc_ex.o
HAL_RCCEx_CRSGetSynchronizationInfo               build/stm32g4xx_hal_rcc_ex.o
HAL_RCCEx_CRSSoftwareSynchronizationGenerate      build/stm32g4xx_hal_rcc_ex.o
HAL_RCCEx_CRSWaitSynchronization                  build/stm32g4xx_hal_rcc_ex.o
HAL_RCCEx_CRS_ErrorCallback                       build/stm32g4xx_hal_rcc_ex.o
HAL_RCCEx_CRS_ExpectedSyncCallback                build/stm32g4xx_hal_rcc_ex.o
HAL_RCCEx_CRS_IRQHandler                          build/stm32g4xx_hal_rcc_ex.o
HAL_RCCEx_CRS_SyncOkCallback                      build/stm32g4xx_hal_rcc_ex.o
HAL_RCCEx_CRS_SyncWarnCallback                    build/stm32g4xx_hal_rcc_ex.o
HAL_RCCEx_DisableLSCO                             build/stm32g4xx_hal_rcc_ex.o
HAL_RCCEx_DisableLSECSS                           build/stm32g4xx_hal_rcc_ex.o
HAL_RCCEx_EnableLSCO                              build/stm32g4xx_hal_rcc_ex.o
HAL_RCCEx_EnableLSECSS                            build/stm32g4xx_hal_rcc_ex.o
HAL_RCCEx_EnableLSECSS_IT                         build/stm32g4xx_hal_rcc_ex.o
HAL_RCCEx_GetPeriphCLKConfig                      build/stm32g4xx_hal_rcc_ex.o
HAL_RCCEx_GetPeriphCLKFreq                        build/stm32g4xx_hal_rcc_ex.o
HAL_RCCEx_LSECSS_Callback                         build/stm32g4xx_hal_rcc_ex.o
HAL_RCCEx_LSECSS_IRQHandler                       build/stm32g4xx_hal_rcc_ex.o
HAL_RCCEx_PeriphCLKConfig                         build/stm32g4xx_hal_rcc_ex.o
                                                  build/stm32g4xx_hal_msp.o
HAL_RCC_CSSCallback                               build/stm32g4xx_hal_rcc.o
HAL_RCC_ClockConfig                               build/stm32g4xx_hal_rcc.o
                                                  build/main.o
HAL_RCC_DeInit                                    build/stm32g4xx_hal_rcc.o
HAL_RCC_DisableLSECSS                             build/stm32g4xx_hal_rcc.o
HAL_RCC_EnableCSS                                 build/stm32g4xx_hal_rcc.o
HAL_RCC_EnableLSECSS                              build/stm32g4xx_hal_rcc.o
HAL_RCC_GetClockConfig                            build/stm32g4xx_hal_rcc.o
HAL_RCC_GetHCLKFreq                               build/stm32g4xx_hal_rcc.o
HAL_RCC_GetOscConfig                              build/stm32g4xx_hal_rcc.o
HAL_RCC_GetPCLK1Freq                              build/stm32g4xx_hal_rcc.o
                                                  build/stm32g4xx_hal_uart.o
                                                  build/stm32g4xx_hal_rcc_ex.o
HAL_RCC_GetPCLK2Freq                              build/stm32g4xx_hal_rcc.o
                                                  build/stm32g4xx_hal_uart.o
                                                  build/stm32g4xx_hal_rcc_ex.o
HAL_RCC_GetSysClockFreq                           build/stm32g4xx_hal_rcc.o
                                                  build/stm32g4xx_hal_uart.o
                                                  build/stm32g4xx_hal_rcc_ex.o
HAL_RCC_MCOConfig                                 build/stm32g4xx_hal_rcc.o
HAL_RCC_NMI_IRQHandler                            build/stm32g4xx_hal_rcc.o
HAL_RCC_OscConfig                                 build/stm32g4xx_hal_rcc.o
                                                  build/main.o
HAL_RS485Ex_Init                                  build/stm32g4xx_hal_uart_ex.o
HAL_ResumeTick                                    build/stm32g4xx_hal.o
HAL_SYSCFG_CCMSRAMErase                           build/stm32g4xx_hal.o
HAL_SYSCFG_CCMSRAM_WriteProtectionEnable          build/stm32g4xx_hal.o
HAL_SYSCFG_DisableIOSwitchBooster                 build/stm32g4xx_hal.o
HAL_SYSCFG_DisableIOSwitchVDD                     build/stm32g4xx_hal.o
HAL_SYSCFG_DisableMemorySwappingBank              build/stm32g4xx_hal.o
HAL_SYSCFG_DisableVREFBUF                         build/stm32g4xx_hal.o
HAL_SYSCFG_EnableIOSwitchBooster                  build/stm32g4xx_hal.o
HAL_SYSCFG_EnableIOSwitchVDD                      build/stm32g4xx_hal.o
HAL_SYSCFG_EnableMemorySwappingBank               build/stm32g4xx_hal.o
HAL_SYSCFG_EnableVREFBUF                          build/stm32g4xx_hal.o