Archive member included to satisfy reference by file (symbol)

/Users/riccardobenevelli/Library/Application Support/Code/User/globalStorage/bmd.stm32-for-vscode/@xpack-dev-tools/arm-none-eabi-gcc/11.3.1-1.1.2/.content/bin/../lib/gcc/arm-none-eabi/11.3.1/../../../../arm-none-eabi/lib/thumb/v7e-m+fp/hard/libc_nano.a(libc_a-atexit.o)
                              /Users/riccardobenevelli/Library/Application Support/Code/User/globalStorage/bmd.stm32-for-vscode/@xpack-dev-tools/arm-none-eabi-gcc/11.3.1-1.1.2/.content/bin/../lib/gcc/arm-none-eabi/11.3.1/../../../../arm-none-eabi/lib/thumb/v7e-m+fp/hard/crt0.o (atexit)
/Users/riccardobenevelli/Library/Application Support/Code/User/globalStorage/bmd.stm32-for-vscode/@xpack-dev-tools/arm-none-eabi-gcc/11.3.1-1.1.2/.content/bin/../lib/gcc/arm-none-eabi/11.3.1/../../../../arm-none-eabi/lib/thumb/v7e-m+fp/hard/libc_nano.a(libc_a-exit.o)
                              /Users/riccardobenevelli/Library/Application Support/Code/User/globalStorage/bmd.stm32-for-vscode/@xpack-dev-tools/arm-none-eabi-gcc/11.3.1-1.1.2/.content/bin/../lib/gcc/arm-none-eabi/11.3.1/../../../../arm-none-eabi/lib/thumb/v7e-m+fp/hard/crt0.o (exit)
/Users/riccardobenevelli/Library/Application Support/Code/User/globalStorage/bmd.stm32-for-vscode/@xpack-dev-tools/arm-none-eabi-gcc/11.3.1-1.1.2/.content/bin/../lib/gcc/arm-none-eabi/11.3.1/../../../../arm-none-eabi/lib/thumb/v7e-m+fp/hard/libc_nano.a(libc_a-nano-vfprintf_float.o)
                              (_printf_float)
/Users/riccardobenevelli/Library/Application Support/Code/User/globalStorage/bmd.stm32-for-vscode/@xpack-dev-tools/arm-none-eabi-gcc/11.3.1-1.1.2/.content/bin/../lib/gcc/arm-none-eabi/11.3.1/../../../../arm-none-eabi/lib/thumb/v7e-m+fp/hard/libc_nano.a(libc_a-nano-vfprintf_i.o)
                              /Users/riccardobenevelli/Library/Application Support/Code/User/globalStorage/bmd.stm32-for-vscode/@xpack-dev-tools/arm-none-eabi-gcc/11.3.1-1.1.2/.content/bin/../lib/gcc/arm-none-eabi/11.3.1/../../../../arm-none-eabi/lib/thumb/v7e-m+fp/hard/libc_nano.a(libc_a-nano-vfprintf_float.o) (_printf_common)
/Users/riccardobenevelli/Library/Application Support/Code/User/globalStorage/bmd.stm32-for-vscode/@xpack-dev-tools/arm-none-eabi-gcc/11.3.1-1.1.2/.content/bin/../lib/gcc/arm-none-eabi/11.3.1/../../../../arm-none-eabi/lib/thumb/v7e-m+fp/hard/libc_nano.a(libc_a-findfp.o)
                              /Users/riccardobenevelli/Library/Application Support/Code/User/globalStorage/bmd.stm32-for-vscode/@xpack-dev-tools/arm-none-eabi-gcc/11.3.1-1.1.2/.content/bin/../lib/gcc/arm-none-eabi/11.3.1/../../../../arm-none-eabi/lib/thumb/v7e-m+fp/hard/libc_nano.a(libc_a-exit.o) (__stdio_exit_handler)
/Users/riccardobenevelli/Library/Application Support/Code/User/globalStorage/bmd.stm32-for-vscode/@xpack-dev-tools/arm-none-eabi-gcc/11.3.1-1.1.2/.content/bin/../lib/gcc/arm-none-eabi/11.3.1/../../../../arm-none-eabi/lib/thumb/v7e-m+fp/hard/libc_nano.a(libc_a-fwalk.o)
                              /Users/riccardobenevelli/Library/Application Support/Code/User/globalStorage/bmd.stm32-for-vscode/@xpack-dev-tools/arm-none-eabi-gcc/11.3.1-1.1.2/.content/bin/../lib/gcc/arm-none-eabi/11.3.1/../../../../arm-none-eabi/lib/thumb/v7e-m+fp/hard/libc_nano.a(libc_a-findfp.o) (_fwalk_sglue)
/Users/riccardobenevelli/Library/Application Support/Code/User/globalStorage/bmd.stm32-for-vscode/@xpack-dev-tools/arm-none-eabi-gcc/11.3.1-1.1.2/.content/bin/../lib/gcc/arm-none-eabi/11.3.1/../../../../arm-none-eabi/lib/thumb/v7e-m+fp/hard/libc_nano.a(libc_a-sprintf.o)
                              build/main.o (sprintf)
/Users/riccardobenevelli/Library/Application Support/Code/User/globalStorage/bmd.stm32-for-vscode/@xpack-dev-tools/arm-none-eabi-gcc/11.3.1-1.1.2/.content/bin/../lib/gcc/arm-none-eabi/11.3.1/../../../../arm-none-eabi/lib/thumb/v7e-m+fp/hard/libc_nano.a(libc_a-stdio.o)
                              /Users/riccardobenevelli/Library/Application Support/Code/User/globalStorage/bmd.stm32-for-vscode/@xpack-dev-tools/arm-none-eabi-gcc/11.3.1-1.1.2/.content/bin/../lib/gcc/arm-none-eabi/11.3.1/../../../../arm-none-eabi/lib/thumb/v7e-m+fp/hard/libc_nano.a(libc_a-findfp.o) (__sread)
/Users/riccardobenevelli/Library/Application Support/Code/User/globalStorage/bmd.stm32-for-vscode/@xpack-dev-tools/arm-none-eabi-gcc/11.3.1-1.1.2/.content/bin/../lib/gcc/arm-none-eabi/11.3.1/../../../../arm-none-eabi/lib/thumb/v7e-m+fp/hard/libc_nano.a(libc_a-memset.o)
                              /Users/riccardobenevelli/Library/Application Support/Code/User/globalStorage/bmd.stm32-for-vscode/@xpack-dev-tools/arm-none-eabi-gcc/11.3.1-1.1.2/.content/bin/../lib/gcc/arm-none-eabi/11.3.1/../../../../arm-none-eabi/lib/thumb/v7e-m+fp/hard/crt0.o (memset)
[...]
Memory Configuration

Name             Origin             Length             Attributes
RAM              0x0000000020000000 0x0000000000020000 xrw
FLASH            0x0000000008000000 0x0000000000080000 xr
*default*        0x0000000000000000 0xffffffffffffffff

Linker script and memory map

LOAD /Users/riccardobenevelli/Library/Application Support/Code/User/globalStorage/bmd.stm32-for-vscode/@xpack-dev-tools/arm-none-eabi-gcc/11.3.1-1.1.2/.content/bin/../lib/gcc/arm-none-eabi/11.3.1/thumb/v7e-m+fp/hard/crti.o
LOAD /Users/riccardobenevelli/Library/Application Support/Code/User/globalStorage/bmd.stm32-for-vscode/@xpack-dev-tools/arm-none-eabi-gcc/11.3.1-1.1.2/.content/bin/../lib/gcc/arm-none-eabi/11.3.1/thumb/v7e-m+fp/hard/crtbegin.o
LOAD /Users/riccardobenevelli/Library/Application Support/Code/User/globalStorage/bmd.stm32-for-vscode/@xpack-dev-tools/arm-none-eabi-gcc/11.3.1-1.1.2/.content/bin/../lib/gcc/arm-none-eabi/11.3.1/../../../../arm-none-eabi/lib/thumb/v7e-m+fp/hard/crt0.o
LOAD build/main.o
LOAD build/stm32g4xx_hal_msp.o
LOAD build/stm32g4xx_it.o
LOAD build/system_stm32g4xx.o
LOAD build/stm32g4xx_hal.o
LOAD build/stm32g4xx_hal_adc.o
LOAD build/stm32g4xx_hal_adc_ex.o
LOAD build/stm32g4xx_hal_cortex.o
LOAD build/stm32g4xx_hal_dma.o
LOAD build/stm32g4xx_hal_dma_ex.o
LOAD build/stm32g4xx_hal_exti.o
LOAD build/stm32g4xx_hal_flash.o
LOAD build/stm32g4xx_hal_flash_ex.o
LOAD build/stm32g4xx_hal_flash_ramfunc.o
LOAD build/stm32g4xx_hal_gpio.o
LOAD build/stm32g4xx_hal_pwr.o
LOAD build/stm32g4xx_hal_pwr_ex.o
LOAD build/stm32g4xx_hal_rcc.o
LOAD build/stm32g4xx_hal_rcc_ex.o
LOAD build/stm32g4xx_hal_tim.o
LOAD build/stm32g4xx_hal_tim_ex.o
LOAD build/stm32g4xx_hal_uart.o
LOAD build/stm32g4xx_hal_uart_ex.o
LOAD build/stm32g4xx_ll_adc.o
LOAD build/startup_stm32g474xx.o
LOAD /Users/riccardobenevelli/Library/Application Support/Code/User/globalStorage/bmd.stm32-for-vscode/@xpack-dev-tools/arm-none-eabi-gcc/11.3.1-1.1.2/.content/bin/../lib/gcc/arm-none-eabi/11.3.1/../../../../arm-none-eabi/lib/thumb/v7e-m+fp/hard/libc_nano.a
LOAD /Users/riccardobenevelli/Library/Application Support/Code/User/globalStorage/bmd.stm32-for-vscode/@xpack-dev-tools/arm-none-eabi-gcc/11.3.1-1.1.2/.content/bin/../lib/gcc/arm-none-eabi/11.3.1/../../../../arm-none-eabi/lib/thumb/v7e-m+fp/hard/libm.a
LOAD /Users/riccardobenevelli/Library/Application Support/Code/User/globalStorage/bmd.stm32-for-vscode/@xpack-dev-tools/arm-none-eabi-gcc/11.3.1-1.1.2/.content/bin/../lib/gcc/arm-none-eabi/11.3.1/../../../../arm-none-eabi/lib/thumb/v7e-m+fp/hard/libnosys.a
START GROUP
LOAD /Users/riccardobenevelli/Library/Application Support/Code/User/globalStorage/bmd.stm32-for-vscode/@xpack-dev-tools/arm-none-eabi-gcc/11.3.1-1.1.2/.content/bin/../lib/gcc/arm-none-eabi/11.3.1/thumb/v7e-m+fp/hard/libgcc.a
LOAD /Users/riccardobenevelli/Library/Application Support/Code/User/globalStorage/bmd.stm32-for-vscode/@xpack-dev-tools/arm-none-eabi-gcc/11.3.1-1.1.2/.content/bin/../lib/gcc/arm-none-eabi/11.3.1/../../../../arm-none-eabi/lib/thumb/v7e-m+fp/hard/libc_nano.a
END GROUP
START GROUP
LOAD /Users/riccardobenevelli/Library/Application Support/Code/User/globalStorage/bmd.stm32-for-vscode/@xpack-dev-tools/arm-none-eabi-gcc/11.3.1-1.1.2/.content/bin/../lib/gcc/arm-none-eabi/11.3.1/thumb/v7e-m+fp/hard/libgcc.a
LOAD /Users/riccardobenevelli/Library/Application Support/Code/User/globalStorage/bmd.stm32-for-vscode/@xpack-dev-tools/arm-none-eabi-gcc/11.3.1-1.1.2/.content/bin/../lib/gcc/arm-none-eabi/11.3.1/../../../../arm-none-eabi/lib/thumb/v7e-m+fp/hard/libc_nano.a
END GROUP
LOAD /Users/riccardobenevelli/Library/Application Support/Code/User/globalStorage/bmd.stm32-for-vscode/@xpack-dev-tools/arm-none-eabi-gcc/11.3.1-1.1.2/.content/bin/../lib/gcc/arm-none-eabi/11.3.1/thumb/v7e-m+fp/hard/crtend.o
LOAD /Users/riccardobenevelli/Library/Application Support/Code/User/globalStorage/bmd.stm32-for-vscode/@xpack-dev-tools/arm-none-eabi-gcc/11.3.1-1.1.2/.content/bin/../lib/gcc/arm-none-eabi/11.3.1/thumb/v7e-m+fp/hard/crtn.o
                0x0000000020020000                _estack = (ORIGIN (RAM) + LENGTH (RAM))
                0x0000000000000200                _Min_Heap_Size = 0x200
                0x0000000000000400                _Min_Stack_Size = 0x400

.isr_vector     0x0000000008000000      0x1d8
                0x0000000008000000                . = ALIGN (0x4)
 *(.isr_vector)
 .isr_vector    0x0000000008000000      0x1d8 build/startup_stm32g474xx.o
                0x0000000008000000                g_pfnVectors
                0x00000000080001d8                . = ALIGN (0x4)

.text           0x00000000080001e0     0x70dc
                0x00000000080001e0                . = ALIGN (0x4)
 *(.text)
 .text          0x00000000080001e0       0xa0 /Users/riccardobenevelli/Library/Application Support/Code/User/globalStorage/bmd.stm32-for-vscode/@xpack-dev-tools/arm-none-eabi-gcc/11.3.1-1.1.2/.content/bin/../lib/gcc/arm-none-eabi/11.3.1/../../../../arm-none-eabi/lib/thumb/v7e-m+fp/hard/libc_nano.a(libc_a-memchr.o)
                0x00000000080001e0                memchr
 .text          0x0000000008000280       0x10 /Users/riccardobenevelli/Library/Application Support/Code/User/globalStorage/bmd.stm32-for-vscode/@xpack-dev-tools/arm-none-eabi-gcc/11.3.1-1.1.2/.content/bin/../lib/gcc/arm-none-eabi/11.3.1/../../../../arm-none-eabi/lib/thumb/v7e-m+fp/hard/libc_nano.a(libc_a-strlen.o)
                0x0000000008000280                strlen
 .text          0x0000000008000290      0x378 /Users/riccardobenevelli/Library/Application Support/Code/User/globalStorage/bmd.stm32-for-vscode/@xpack-dev-tools/arm-none-eabi-gcc/11.3.1-1.1.2/.content/bin/../lib/gcc/arm-none-eabi/11.3.1/thumb/v7e-m+fp/hard/libgcc.a(_arm_addsubdf3.o)
                0x0000000008000290                __aeabi_drsub
                0x0000000008000298                __subdf3
                0x0000000008000298                __aeabi_dsub
                0x000000000800029c                __aeabi_dadd
                0x000000000800029c                __adddf3
                0x0000000008000514                __aeabi_ui2d
                0x0000000008000514                __floatunsidf
                0x0000000008000534                __floatsidf
                0x0000000008000534                __aeabi_i2d
                0x0000000008000558                __extendsfdf2
                0x0000000008000558                __aeabi_f2d
                0x000000000800059c                __aeabi_ul2d
                0x000000000800059c                __floatundidf
                0x00000000080005ac                __aeabi_l2d
                0x00000000080005ac                __floatdidf
 .text          0x0000000008000608      0x424 /Users/riccardobenevelli/Library/Application Support/Code/User/globalStorage/bmd.stm32-for-vscode/@xpack-dev-tools/arm-none-eabi-gcc/11.3.1-1.1.2/.content/bin/../lib/gcc/arm-none-eabi/11.3.1/thumb/v7e-m+fp/hard/libgcc.a(_arm_muldivdf3.o)
                0x0000000008000608                __aeabi_dmul
                0x0000000008000608                __muldf3
                0x000000000800085c                __aeabi_ddiv
                0x000000000800085c                __divdf3
 .text          0x0000000008000a2c      0x110 /Users/riccardobenevelli/Library/Application Support/Code/User/globalStorage/bmd.stm32-for-vscode/@xpack-dev-tools/arm-none-eabi-gcc/11.3.1-1.1.2/.content/bin/../lib/gcc/arm-none-eabi/11.3.1/thumb/v7e-m+fp/hard/libgcc.a(_arm_cmpdf2.o)
                0x0000000008000a2c                __gedf2
                0x0000000008000a2c                __gtdf2
                0x0000000008000a34                __ledf2
                0x0000000008000a34                __ltdf2
                0x0000000008000a3c                __cmpdf2
                0x0000000008000a3c                __eqdf2
                0x0000000008000a3c                __nedf2
                0x0000000008000ab8                __aeabi_cdrcmple
                0x0000000008000ac8                __aeabi_cdcmple
                0x0000000008000ac8                __aeabi_cdcmpeq
                0x0000000008000ad8                __aeabi_dcmpeq
                0x0000000008000aec                __aeabi_dcmplt
                0x0000000008000b00                __aeabi_dcmple
                0x0000000008000b14                __aeabi_dcmpge
                0x0000000008000b28                __aeabi_dcmpgt
 .text          0x0000000008000b3c       0x2c /Users/riccardobenevelli/Library/Application Support/Code/User/globalStorage/bmd.stm32-for-vscode/@xpack-dev-tools/arm-none-eabi-gcc/11.3.1-1.1.2/.content/bin/../lib/gcc/arm-none-eabi/11.3.1/thumb/v7e-m+fp/hard/libgcc.a(_arm_unorddf2.o)
                0x0000000008000b3c                __aeabi_dcmpun
                0x0000000008000b3c                __unorddf2
 .text          0x0000000008000b68       0x50 /Users/riccardobenevelli/Library/Application Support/Code/User/globalStorage/bmd.stm32-for-vscode/@xpack-dev-tools/arm-none-eabi-gcc/11.3.1-1.1.2/.content/bin/../lib/gcc/arm-none-eabi/11.3.1/thumb/v7e-m+fp/hard/libgcc.a(_arm_fixdfsi.o)
                0x0000000008000b68                __fixdfsi
                0x0000000008000b68                __aeabi_d2iz
 .text          0x0000000008000bb8       0xa0 /Users/riccardobenevelli/Library/Application Support/Code/User/globalStorage/bmd.stm32-for-vscode/@xpack-dev-tools/arm-none-eabi-gcc/11.3.1-1.1.2/.content/bin/../lib/gcc/arm-none-eabi/11.3.1/thumb/v7e-m+fp/hard/libgcc.a(_arm_truncdfsf2.o)
                0x0000000008000bb8                __aeabi_d2f
                0x0000000008000bb8                __truncdfsf2
 .text          0x0000000008000c58       0x30 /Users/riccardobenevelli/Library/Application Support/Code/User/globalStorage/bmd.stm32-for-vscode/@xpack-dev-tools/arm-none-eabi-gcc/11.3.1-1.1.2/.content/bin/../lib/gcc/arm-none-eabi/11.3.1/thumb/v7e-m+fp/hard/libgcc.a(_aeabi_uldivmod.o)
                0x0000000008000c58                __aeabi_uldivmod
 .text          0x0000000008000c88        0x4 /Users/riccardobenevelli/Library/Application Support/Code/User/globalStorage/bmd.stm32-for-vscode/@xpack-dev-tools/arm-none-eabi-gcc/11.3.1-1.1.2/.content/bin/../lib/gcc/arm-none-eabi/11.3.1/thumb/v7e-m+fp/hard/libgcc.a(_dvmd_tls.o)
                0x0000000008000c88                __aeabi_ldiv0
                0x0000000008000c88                __aeabi_idiv0
 *(.text*)
 .text.__do_global_dtors_aux
                0x0000000008000c8c       0x24 /Users/riccardobenevelli/Library/Application Support/Code/User/globalStorage/bmd.stm32-for-vscode/@xpack-dev-tools/arm-none-eabi-gcc/11.3.1-1.1.2/.content/bin/../lib/gcc/arm-none-eabi/11.3.1/thumb/v7e-m+fp/hard/crtbegin.o
 .text.frame_dummy
                0x0000000008000cb0       0x1c /Users/riccardobenevelli/Library/Application Support/Code/User/globalStorage/bmd.stm32-for-vscode/@xpack-dev-tools/arm-none-eabi-gcc/11.3.1-1.1.2/.content/bin/../lib/gcc/arm-none-eabi/11.3.1/thumb/v7e-m+fp/hard/crtbegin.o
 .text.MX_GPIO_Init
                0x0000000008000ccc       0xd0 build/main.o
 .text.HAL_TIM_PeriodElapsedCallback
                0x0000000008000d9c       0xa4 build/main.o
                0x0000000008000d9c                HAL_TIM_PeriodElapsedCallback
 .text.HAL_GPIO_EXTI_Callback
                0x0000000008000e40       0x40 build/main.o
                0x0000000008000e40                HAL_GPIO_EXTI_Callback
 .text.Error_Handler
                0x0000000008000e80        0x4 build/main.o
                0x0000000008000e80                Error_Handler
 .text.MX_LPUART1_UART_Init
                0x0000000008000e84       0x60 build/main.o
 .text.MX_ADC1_Init
                0x0000000008000ee4       0x98 build/main.o
 .text.MX_TIM6_Init
                0x0000000008000f7c       0x50 build/main.o
 .text.MX_ADC2_Init
                0x0000000008000fcc       0x84 build/main.o
 .text.SystemClock_Config
                0x0000000008001050       0x74 build/main.o
                0x0000000008001050                SystemClock_Config
 *fill*         0x00000000080010c4        0x4 
 .text.main     0x00000000080010c8      0x384 build/main.o
                0x00000000080010c8                main
 .text.HAL_MspInit
                0x000000000800144c       0x38 build/stm32g4xx_hal_msp.o
                0x000000000800144c                HAL_MspInit
 .text.HAL_ADC_MspInit
                0x0000000008001484      0x108 build/stm32g4xx_hal_msp.o
                0x0000000008001484                HAL_ADC_MspInit
 .text.HAL_UART_MspInit
                0x000000000800158c       0x84 build/stm32g4xx_hal_msp.o
                0x000000000800158c                HAL_UART_MspInit
 .text.HAL_TIM_Base_MspInit
                0x0000000008001610       0x40 build/stm32g4xx_hal_msp.o
                0x0000000008001610                HAL_TIM_Base_MspInit
 .text.NMI_Handler
                0x0000000008001650        0x2 build/stm32g4xx_it.o
                0x0000000008001650                NMI_Handler
 .text.HardFault_Handler
                0x0000000008001652        0x2 build/stm32g4xx_it.o
                0x0000000008001652                HardFault_Handler
 .text.MemManage_Handler
                0x0000000008001654        0x2 build/stm32g4xx_it.o
                0x0000000008001654                MemManage_Handler
 .text.BusFault_Handler
                0x0000000008001656        0x2 build/stm32g4xx_it.o
                0x0000000008001656                BusFault_Handler
 .text.UsageFault_Handler
                0x0000000008001658        0x2 build/stm32g4xx_it.o
                0x0000000008001658                UsageFault_Handler
 .text.SVC_Handler
                0x000000000800165a        0x2 build/stm32g4xx_it.o
                0x000000000800165a                SVC_Handler
 .text.DebugMon_Handler
                0x000000000800165c        0x2 build/stm32g4xx_it.o
                0x000000000800165c                DebugMon_Handler
 .text.PendSV_Handler
                0x000000000800165e        0x2 build/stm32g4xx_it.o
                0x000000000800165e                PendSV_Handler
 .text.SysTick_Handler
                0x0000000008001660        0x8 build/stm32g4xx_it.o
                0x0000000008001660                SysTick_Handler
 .text.EXTI15_10_IRQHandler
                0x0000000008001668        0xc build/stm32g4xx_it.o
                0x0000000008001668                EXTI15_10_IRQHandler
 .text.TIM6_DAC_IRQHandler
                0x0000000008001674       0x10 build/stm32g4xx_it.o
                0x0000000008001674                TIM6_DAC_IRQHandler
 .text.SystemInit
                0x0000000008001684       0x14 build/system_stm32g4xx.o
                0x0000000008001684                SystemInit
 .text.HAL_InitTick
                0x0000000008001698       0x50 build/stm32g4xx_hal.o
                0x0000000008001698                HAL_InitTick
 .text.HAL_Init
                0x00000000080016e8       0x1e build/stm32g4xx_hal.o
                0x00000000080016e8                HAL_Init
 *fill*         0x0000000008001706        0x2 
 .text.HAL_IncTick
                0x0000000008001708       0x18 build/stm32g4xx_hal.o
                0x0000000008001708                HAL_IncTick
 .text.HAL_GetTick
                0x0000000008001720        0xc build/stm32g4xx_hal.o
                0x0000000008001720                HAL_GetTick
 .text.HAL_ADC_Init
                0x000000000800172c      0x2a8 build/stm32g4xx_hal_adc.o
                0x000000000800172c                HAL_ADC_Init
 .text.HAL_ADC_PollForConversion
                0x00000000080019d4      0x158 build/stm32g4xx_hal_adc.o
                0x00000000080019d4                HAL_ADC_PollForConversion
 .text.HAL_ADC_GetValue
                0x0000000008001b2c        0x6 build/stm32g4xx_hal_adc.o
                0x0000000008001b2c                HAL_ADC_GetValue
 *fill*         0x0000000008001b32        0x2 
 .text.HAL_ADC_ConfigChannel
                0x0000000008001b34      0x530 build/stm32g4xx_hal_adc.o
                0x0000000008001b34                HAL_ADC_ConfigChannel
 .text.ADC_ConversionStop
                0x0000000008002064      0x100 build/stm32g4xx_hal_adc.o
                0x0000000008002064                ADC_ConversionStop
 .text.ADC_Enable
                0x0000000008002164       0x98 build/stm32g4xx_hal_adc.o
                0x0000000008002164                ADC_Enable
 .text.HAL_ADC_Start
                0x00000000080021fc      0x134 build/stm32g4xx_hal_adc.o
                0x00000000080021fc                HAL_ADC_Start
 .text.ADC_Disable
                0x0000000008002330       0x94 build/stm32g4xx_hal_adc.o
                0x0000000008002330                ADC_Disable
 .text.HAL_ADC_Stop
                0x00000000080023c4       0x42 build/stm32g4xx_hal_adc.o
                0x00000000080023c4                HAL_ADC_Stop
 *fill*         0x0000000008002406        0x2 
 .text.HAL_ADCEx_MultiModeConfigChannel
                0x0000000008002408      0x1d4 build/stm32g4xx_hal_adc_ex.o
                0x0000000008002408                HAL_ADCEx_MultiModeConfigChannel
 .text.HAL_NVIC_SetPriorityGrouping
                0x00000000080025dc       0x24 build/stm32g4xx_hal_cortex.o
                0x00000000080025dc                HAL_NVIC_SetPriorityGrouping
 .text.HAL_NVIC_SetPriority
                0x0000000008002600       0x70 build/stm32g4xx_hal_cortex.o
                0x0000000008002600                HAL_NVIC_SetPriority
 .text.HAL_NVIC_EnableIRQ
                0x0000000008002670       0x1c build/stm32g4xx_hal_cortex.o
                0x0000000008002670                HAL_NVIC_EnableIRQ
 .text.HAL_SYSTICK_Config
                0x000000000800268c       0x28 build/stm32g4xx_hal_cortex.o
                0x000000000800268c                HAL_SYSTICK_Config
 .text.HAL_GPIO_Init
                0x00000000080026b4      0x1d4 build/stm32g4xx_hal_gpio.o
                0x00000000080026b4                HAL_GPIO_Init
 .text.HAL_GPIO_WritePin
                0x0000000008002888        0xa build/stm32g4xx_hal_gpio.o
                0x0000000008002888                HAL_GPIO_WritePin
 .text.HAL_GPIO_TogglePin
                0x0000000008002892       0x12 build/stm32g4xx_hal_gpio.o
                0x0000000008002892                HAL_GPIO_TogglePin
 .text.HAL_GPIO_EXTI_IRQHandler
                0x00000000080028a4       0x1c build/stm32g4xx_hal_gpio.o
                0x00000000080028a4                HAL_GPIO_EXTI_IRQHandler
 .text.HAL_PWREx_ControlVoltageScaling
                0x00000000080028c0      0x10c build/stm32g4xx_hal_pwr_ex.o
                0x00000000080028c0                HAL_PWREx_ControlVoltageScaling
 .text.HAL_PWREx_DisableUCPDDeadBattery
                0x00000000080029cc       0x10 build/stm32g4xx_hal_pwr_ex.o
                0x00000000080029cc                HAL_PWREx_DisableUCPDDeadBattery
 .text.RCC_GetSysClockFreqFromPLLSource
                0x00000000080029dc       0x58 build/stm32g4xx_hal_rcc.o
 .text.HAL_RCC_OscConfig
                0x0000000008002a34      0x4e8 build/stm32g4xx_hal_rcc.o
                0x0000000008002a34                HAL_RCC_OscConfig
 .text.HAL_RCC_GetSysClockFreq
                0x0000000008002f1c       0x88 build/stm32g4xx_hal_rcc.o
                0x0000000008002f1c                HAL_RCC_GetSysClockFreq
 .text.HAL_RCC_ClockConfig
                0x0000000008002fa4      0x1f8 build/stm32g4xx_hal_rcc.o
                0x0000000008002fa4                HAL_RCC_ClockConfig
 .text.HAL_RCC_GetHCLKFreq
                0x000000000800319c        0xc build/stm32g4xx_hal_rcc.o
                0x000000000800319c                HAL_RCC_GetHCLKFreq
 .text.HAL_RCC_GetPCLK1Freq
                0x00000000080031a8       0x24 build/stm32g4xx_hal_rcc.o
                0x00000000080031a8                HAL_RCC_GetPCLK1Freq
 .text.HAL_RCC_GetPCLK2Freq
                0x00000000080031cc       0x24 build/stm32g4xx_hal_rcc.o
                0x00000000080031cc                HAL_RCC_GetPCLK2Freq
 .text.HAL_RCCEx_PeriphCLKConfig
                0x00000000080031f0      0x378 build/stm32g4xx_hal_rcc_ex.o
                0x00000000080031f0                HAL_RCCEx_PeriphCLKConfig
 .text.HAL_TIM_Base_Start_IT
                0x0000000008003568       0x94 build/stm32g4xx_hal_tim.o
                0x0000000008003568                HAL_TIM_Base_Start_IT
 .text.HAL_TIM_OC_DelayElapsedCallback
                0x00000000080035fc        0x2 build/stm32g4xx_hal_tim.o
                0x00000000080035fc                HAL_TIM_OC_DelayElapsedCallback
 .text.HAL_TIM_IC_CaptureCallback
                0x00000000080035fe        0x2 build/stm32g4xx_hal_tim.o
                0x00000000080035fe                HAL_TIM_IC_CaptureCallback
 .text.HAL_TIM_PWM_PulseFinishedCallback
                0x0000000008003600        0x2 build/stm32g4xx_hal_tim.o
                0x0000000008003600                HAL_TIM_PWM_PulseFinishedCallback
 .text.HAL_TIM_TriggerCallback
                0x0000000008003602        0x2 build/stm32g4xx_hal_tim.o
                0x0000000008003602                HAL_TIM_TriggerCallback
 .text.HAL_TIM_IRQHandler
                0x0000000008003604      0x21e build/stm32g4xx_hal_tim.o
                0x0000000008003604                HAL_TIM_IRQHandler
 *fill*         0x0000000008003822        0x2 
 .text.TIM_Base_SetConfig
                0x0000000008003824       0xe0 build/stm32g4xx_hal_tim.o
                0x0000000008003824                TIM_Base_SetConfig
 .text.HAL_TIM_Base_Init
                0x0000000008003904       0x60 build/stm32g4xx_hal_tim.o
                0x0000000008003904                HAL_TIM_Base_Init
 .text.HAL_TIMEx_MasterConfigSynchronization
                0x0000000008003964       0xac build/stm32g4xx_hal_tim_ex.o
                0x0000000008003964                HAL_TIMEx_MasterConfigSynchronization
 .text.HAL_TIMEx_CommutCallback
                0x0000000008003a10        0x2 build/stm32g4xx_hal_tim_ex.o
                0x0000000008003a10                HAL_TIMEx_CommutCallback
 .text.HAL_TIMEx_BreakCallback
                0x0000000008003a12        0x2 build/stm32g4xx_hal_tim_ex.o
                0x0000000008003a12                HAL_TIMEx_BreakCallback
 .text.HAL_TIMEx_Break2Callback
                0x0000000008003a14        0x2 build/stm32g4xx_hal_tim_ex.o
                0x0000000008003a14                HAL_TIMEx_Break2Callback
 .text.HAL_TIMEx_EncoderIndexCallback
                0x0000000008003a16        0x2 build/stm32g4xx_hal_tim_ex.o
                0x0000000008003a16                HAL_TIMEx_EncoderIndexCallback
 .text.HAL_TIMEx_DirectionChangeCallback
                0x0000000008003a18        0x2 build/stm32g4xx_hal_tim_ex.o
                0x0000000008003a18                HAL_TIMEx_DirectionChangeCallback
 .text.HAL_TIMEx_IndexErrorCallback
                0x0000000008003a1a        0x2 build/stm32g4xx_hal_tim_ex.o
                0x0000000008003a1a                HAL_TIMEx_IndexErrorCallback
 .text.HAL_TIMEx_TransitionErrorCallback
                0x0000000008003a1c        0x2 build/stm32g4xx_hal_tim_ex.o
                0x0000000008003a1c                HAL_TIMEx_TransitionErrorCallback
 *fill*         0x0000000008003a1e        0x2 
 .text.UART_SetConfig
                0x0000000008003a20      0x388 build/stm32g4xx_hal_uart.o
                0x0000000008003a20                UART_SetConfig
 .text.UART_AdvFeatureConfig
                0x0000000008003da8       0xca build/stm32g4xx_hal_uart.o
                0x0000000008003da8                UART_AdvFeatureConfig
 .text.UART_WaitOnFlagUntilTimeout
                0x0000000008003e72       0xd8 build/stm32g4xx_hal_uart.o
                0x0000000008003e72                UART_WaitOnFlagUntilTimeout
 .text.HAL_UART_Transmit
                0x0000000008003f4a       0xde build/stm32g4xx_hal_uart.o
                0x0000000008003f4a                HAL_UART_Transmit
 .text.UART_CheckIdleState
                0x0000000008004028       0x74 build/stm32g4xx_hal_uart.o
                0x0000000008004028                UART_CheckIdleState
 .text.HAL_UART_Init
                0x000000000800409c       0x66 build/stm32g4xx_hal_uart.o
                0x000000000800409c                HAL_UART_Init
 *fill*         0x0000000008004102        0x2 
 .text.UARTEx_SetNbDataToProcess
                0x0000000008004104       0x4c build/stm32g4xx_hal_uart_ex.o
 .text.HAL_UARTEx_DisableFifoMode
                0x0000000008004150       0x3e build/stm32g4xx_hal_uart_ex.o
                0x0000000008004150                HAL_UARTEx_DisableFifoMode
 .text.HAL_UARTEx_SetTxFifoThreshold
                0x000000000800418e       0x4a build/stm32g4xx_hal_uart_ex.o
                0x000000000800418e                HAL_UARTEx_SetTxFifoThreshold
 .text.HAL_UARTEx_SetRxFifoThreshold
                0x00000000080041d8       0x4a build/stm32g4xx_hal_uart_ex.o
                0x00000000080041d8                HAL_UARTEx_SetRxFifoThreshold
 *fill*         0x0000000008004222        0x2 
 .text.Reset_Handler
                0x0000000008004224       0x50 build/startup_stm32g474xx.o
                0x0000000008004224                Reset_Handler
 .text.Default_Handler
                0x0000000008004274        0x2 build/startup_stm32g474xx.o
                0x0000000008004274                TIM1_BRK_TIM15_IRQHandler
                0x0000000008004274                EXTI2_IRQHandler
                0x0000000008004274                TIM8_TRG_COM_IRQHandler
                0x0000000008004274                TIM8_CC_IRQHandler
                0x0000000008004274                HRTIM1_Master_IRQHandler
                0x0000000008004274                SPI4_IRQHandler
                0x0000000008004274                FDCAN3_IT0_IRQHandler
                0x0000000008004274                TIM1_CC_IRQHandler
                0x0000000008004274                HRTIM1_FLT_IRQHandler
                0x0000000008004274                HRTIM1_TIMF_IRQHandler
                0x0000000008004274                USB_HP_IRQHandler
                0x0000000008004274                CORDIC_IRQHandler
                0x0000000008004274                HRTIM1_TIMD_IRQHandler
                0x0000000008004274                DMA2_Channel8_IRQHandler
                0x0000000008004274                EXTI3_IRQHandler
                0x0000000008004274                I2C3_ER_IRQHandler
                0x0000000008004274                EXTI0_IRQHandler
                0x0000000008004274                I2C2_EV_IRQHandler
                0x0000000008004274                FPU_IRQHandler
                0x0000000008004274                FDCAN1_IT1_IRQHandler
                0x0000000008004274                TIM1_UP_TIM16_IRQHandler
                0x0000000008004274                ADC1_2_IRQHandler
                0x0000000008004274                HRTIM1_TIME_IRQHandler
                0x0000000008004274                SPI1_IRQHandler
                0x0000000008004274                HRTIM1_TIMC_IRQHandler
                0x0000000008004274                TIM8_UP_IRQHandler
                0x0000000008004274                DMA2_Channel2_IRQHandler
                0x0000000008004274                DMA1_Channel4_IRQHandler
                0x0000000008004274                TIM20_TRG_COM_IRQHandler
                0x0000000008004274                USART3_IRQHandler
                0x0000000008004274                DMA1_Channel7_IRQHandler
                0x0000000008004274                UART5_IRQHandler
                0x0000000008004274                ADC3_IRQHandler
                0x0000000008004274                TIM4_IRQHandler
                0x0000000008004274                DMA2_Channel1_IRQHandler
                0x0000000008004274                QUADSPI_IRQHandler
                0x0000000008004274                I2C1_EV_IRQHandler
                0x0000000008004274                DMA1_Channel6_IRQHandler
                0x0000000008004274                UART4_IRQHandler
                0x0000000008004274                DMA2_Channel4_IRQHandler
                0x0000000008004274                TIM3_IRQHandler
                0x0000000008004274                RCC_IRQHandler
                0x0000000008004274                TIM20_UP_IRQHandler
                0x0000000008004274                DMA1_Channel1_IRQHandler
                0x0000000008004274                Default_Handler
                0x0000000008004274                DMA2_Channel7_IRQHandler
                0x0000000008004274                RTC_TAMP_LSECSS_IRQHandler
                0x0000000008004274                FMAC_IRQHandler
                0x0000000008004274                DMA1_Channel8_IRQHandler
                0x0000000008004274                HRTIM1_TIMA_IRQHandler
                0x0000000008004274                TIM7_DAC_IRQHandler
                0x0000000008004274                FDCAN3_IT1_IRQHandler
                0x0000000008004274                TIM5_IRQHandler
                0x0000000008004274                UCPD1_IRQHandler
                0x0000000008004274                I2C3_EV_IRQHandler
                0x0000000008004274                EXTI9_5_IRQHandler
                0x0000000008004274                RTC_WKUP_IRQHandler
                0x0000000008004274                PVD_PVM_IRQHandler
                0x0000000008004274                SPI2_IRQHandler
                0x0000000008004274                ADC5_IRQHandler
                0x0000000008004274                DMA2_Channel5_IRQHandler
                0x0000000008004274                CRS_IRQHandler
                0x0000000008004274                DMA1_Channel5_IRQHandler
                0x0000000008004274                USB_LP_IRQHandler
                0x0000000008004274                EXTI4_IRQHandler
                0x0000000008004274                RNG_IRQHandler
                0x0000000008004274                HRTIM1_TIMB_IRQHandler
                0x0000000008004274                TIM1_TRG_COM_TIM17_IRQHandler
                0x0000000008004274                FDCAN2_IT1_IRQHandler
                0x0000000008004274                DMA1_Channel3_IRQHandler
                0x0000000008004274                ADC4_IRQHandler
                0x0000000008004274                WWDG_IRQHandler
                0x0000000008004274                I2C4_EV_IRQHandler
                0x0000000008004274                FDCAN2_IT0_IRQHandler
                0x0000000008004274                LPUART1_IRQHandler
                0x0000000008004274                DMA2_Channel6_IRQHandler
                0x0000000008004274                FDCAN1_IT0_IRQHandler
                0x0000000008004274                TIM2_IRQHandler
                0x0000000008004274                COMP7_IRQHandler
                0x0000000008004274                COMP1_2_3_IRQHandler
                0x0000000008004274                EXTI1_IRQHandler
                0x0000000008004274                USART2_IRQHandler
                0x0000000008004274                COMP4_5_6_IRQHandler
                0x0000000008004274                TIM20_BRK_IRQHandler
                0x0000000008004274                I2C2_ER_IRQHandler
                0x0000000008004274                DMA1_Channel2_IRQHandler
                0x0000000008004274                TIM8_BRK_IRQHandler
                0x0000000008004274                FLASH_IRQHandler
                0x0000000008004274                TIM20_CC_IRQHandler
                0x0000000008004274                USART1_IRQHandler
                0x0000000008004274                SPI3_IRQHandler
                0x0000000008004274                I2C1_ER_IRQHandler
                0x0000000008004274                FMC_IRQHandler
                0x0000000008004274                LPTIM1_IRQHandler
                0x0000000008004274                DMAMUX_OVR_IRQHandler
                0x0000000008004274                I2C4_ER_IRQHandler
                0x0000000008004274                USBWakeUp_IRQHandler
                0x0000000008004274                SAI1_IRQHandler
                0x0000000008004274                DMA2_Channel3_IRQHandler
                0x0000000008004274                RTC_Alarm_IRQHandler
 .text.__cvt    0x0000000008004276       0xc4 /Users/riccardobenevelli/Library/Application Support/Code/User/globalStorage/bmd.stm32-for-vscode/@xpack-dev-tools/arm-none-eabi-gcc/11.3.1-1.1.2/.content/bin/../lib/gcc/arm-none-eabi/11.3.1/../../../../arm-none-eabi/lib/thumb/v7e-m+fp/hard/libc_nano.a(libc_a-nano-vfprintf_float.o)
                0x0000000008004276                __cvt
 .text.__exponent
                0x000000000800433a       0x7c /Users/riccardobenevelli/Library/Application Support/Code/User/globalStorage/bmd.stm32-for-vscode/@xpack-dev-tools/arm-none-eabi-gcc/11.3.1-1.1.2/.content/bin/../lib/gcc/arm-none-eabi/11.3.1/../../../../arm-none-eabi/lib/thumb/v7e-m+fp/hard/libc_nano.a(libc_a-nano-vfprintf_float.o)
                0x000000000800433a                __exponent
 *fill*         0x00000000080043b6        0x2 
 .text._printf_float
                0x00000000080043b8      0x46c /Users/riccardobenevelli/Library/Application Support/Code/User/globalStorage/bmd.stm32-for-vscode/@xpack-dev-tools/arm-none-eabi-gcc/11.3.1-1.1.2/.content/bin/../lib/gcc/arm-none-eabi/11.3.1/../../../../arm-none-eabi/lib/thumb/v7e-m+fp/hard/libc_nano.a(libc_a-nano-vfprintf_float.o)
                0x00000000080043b8                _printf_float
 .text._printf_common
                0x0000000008004824       0xda /Users/riccardobenevelli/Library/Application Support/Code/User/globalStorage/bmd.stm32-for-vscode/@xpack-dev-tools/arm-none-eabi-gcc/11.3.1-1.1.2/.content/bin/../lib/gcc/arm-none-eabi/11.3.1/../../../../arm-none-eabi/lib/thumb/v7e-m+fp/hard/libc_nano.a(libc_a-nano-vfprintf_i.o)
                0x0000000008004824                _printf_common
 *fill*         0x00000000080048fe        0x2 
 .text._printf_i
                0x0000000008004900      0x244 /Users/riccardobenevelli/Library/Application Support/Code/User/globalStorage/bmd.stm32-for-vscode/@xpack-dev-tools/arm-none-eabi-gcc/11.3.1-1.1.2/.content/bin/../lib/gcc/arm-none-eabi/11.3.1/../../../../arm-none-eabi/lib/thumb/v7e-m+fp/hard/libc_nano.a(libc_a-nano-vfprintf_i.o)
                0x0000000008004900                _printf_i
 .text.std      0x0000000008004b44       0x48 /Users/riccardobenevelli/Library/Application Support/Code/User/globalStorage/bmd.stm32-for-vscode/@xpack-dev-tools/arm-none-eabi-gcc/11.3.1-1.1.2/.content/bin/../lib/gcc/arm-none-eabi/11.3.1/../../../../arm-none-eabi/lib/thumb/v7e-m+fp/hard/libc_nano.a(libc_a-findfp.o)
 .text.stdio_exit_handler
                0x0000000008004b8c       0x18 /Users/riccardobenevelli/Library/Application Support/Code/User/globalStorage/bmd.stm32-for-vscode/@xpack-dev-tools/arm-none-eabi-gcc/11.3.1-1.1.2/.content/bin/../lib/gcc/arm-none-eabi/11.3.1/../../../../arm-none-eabi/lib/thumb/v7e-m+fp/hard/libc_nano.a(libc_a-findfp.o)
 .text.cleanup_stdio
                0x0000000008004ba4       0x40 /Users/riccardobenevelli/Library/Application Support/Code/User/globalStorage/bmd.stm32-for-vscode/@xpack-dev-tools/arm-none-eabi-gcc/11.3.1-1.1.2/.content/bin/../lib/gcc/arm-none-eabi/11.3.1/../../../../arm-none-eabi/lib/thumb/v7e-m+fp/hard/libc_nano.a(libc_a-findfp.o)
 .text.global_stdio_init.part.0
                0x0000000008004be4       0x3c /Users/riccardobenevelli/Library/Application Support/Code/User/globalStorage/bmd.stm32-for-vscode/@xpack-dev-tools/arm-none-eabi-gcc/11.3.1-1.1.2/.content/bin/../lib/gcc/arm-none-eabi/11.3.1/../../../../arm-none-eabi/lib/thumb/v7e-m+fp/hard/libc_nano.a(libc_a-findfp.o)
 .text.__sfp_lock_acquire
                0x0000000008004c20        0xc /Users/riccardobenevelli/Library/Application Support/Code/User/globalStorage/bmd.stm32-for-vscode/@xpack-dev-tools/arm-none-eabi-gcc/11.3.1-1.1.2/.content/bin/../lib/gcc/arm-none-eabi/11.3.1/../../../../arm-none-eabi/lib/thumb/v7e-m+fp/hard/libc_nano.a(libc_a-findfp.o)
                0x0000000008004c20                __sfp_lock_acquire
 .text.__sfp_lock_release
                0x0000000008004c2c        0xc /Users/riccardobenevelli/Library/Application Support/Code/User/globalStorage/bmd.stm32-for-vscode/@xpack-dev-tools/arm-none-eabi-gcc/11.3.1-1.1.2/.content/bin/../lib/gcc/arm-none-eabi/11.3.1/../../../../arm-none-eabi/lib/thumb/v7e-m+fp/hard/libc_nano.a(libc_a-findfp.o)
                0x0000000008004c2c                __sfp_lock_release
 .text.__sinit  0x0000000008004c38       0x30 /Users/riccardobenevelli/Library/Application Support/Code/User/globalStorage/bmd.stm32-for-vscode/@xpack-dev-tools/arm-none-eabi-gcc/11.3.1-1.1.2/.content/bin/../lib/gcc/arm-none-eabi/11.3.1/../../../../arm-none-eabi/lib/thumb/v7e-m+fp/hard/libc_nano.a(libc_a-findfp.o)
                0x0000000008004c38                __sinit
 .text._fwalk_sglue
                0x0000000008004c68       0x3c /Users/riccardobenevelli/Library/Application Support/Code/User/globalStorage/bmd.stm32-for-vscode/@xpack-dev-tools/arm-none-eabi-gcc/11.3.1-1.1.2/.content/bin/../lib/gcc/arm-none-eabi/11.3.1/../../../../arm-none-eabi/lib/thumb/v7e-m+fp/hard/libc_nano.a(libc_a-fwalk.o)
                0x0000000008004c68                _fwalk_sglue
 .text.sprintf  0x0000000008004ca4       0x40 /Users/riccardobenevelli/Library/Application Support/Code/User/globalStorage/bmd.stm32-for-vscode/@xpack-dev-tools/arm-none-eabi-gcc/11.3.1-1.1.2/.content/bin/../lib/gcc/arm-none-eabi/11.3.1/../../../../arm-none-eabi/lib/thumb/v7e-m+fp/hard/libc_nano.a(libc_a-sprintf.o)
                0x0000000008004ca4                sprintf
                0x0000000008004ca4                siprintf
 .text.__sread  0x0000000008004ce4       0x22 /Users/riccardobenevelli/Library/Application Support/Code/User/globalStorage/bmd.stm32-for-vscode/@xpack-dev-tools/arm-none-eabi-gcc/11.3.1-1.1.2/.content/bin/../lib/gcc/arm-none-eabi/11.3.1/../../../../arm-none-eabi/lib/thumb/v7e-m+fp/hard/libc_nano.a(libc_a-stdio.o)
                0x0000000008004ce4                __sread
 .text.__swrite
                0x0000000008004d06       0x38 /Users/riccardobenevelli/Library/Application Support/Code/User/globalStorage/bmd.stm32-for-vscode/@xpack-dev-tools/arm-none-eabi-gcc/11.3.1-1.1.2/.content/bin/../lib/gcc/arm-none-eabi/11.3.1/../../../../arm-none-eabi/lib/thumb/v7e-m+fp/hard/libc_nano.a(libc_a-stdio.o)
                0x0000000008004d06                __swrite
 .text.__sseek  0x0000000008004d3e       0x24 /Users/riccardobenevelli/Library/Application Support/Code/User/globalStorage/bmd.stm32-for-vscode/@xpack-dev-tools/arm-none-eabi-gcc/11.3.1-1.1.2/.content/bin/../lib/gcc/arm-none-eabi/11.3.1/../../../../arm-none-eabi/lib/thumb/v7e-m+fp/hard/libc_nano.a(libc_a-stdio.o)
                0x0000000008004d3e                __sseek
 .text.__sclose
                0x0000000008004d62        0x8 /Users/riccardobenevelli/Library/Application Support/Code/User/globalStorage/bmd.stm32-for-vscode/@xpack-dev-tools/arm-none-eabi-gcc/11.3.1-1.1.2/.content/bin/../lib/gcc/arm-none-eabi/11.3.1/../../../../arm-none-eabi/lib/thumb/v7e-m+fp/hard/libc_nano.a(libc_a-stdio.o)
                0x0000000008004d62                __sclose
 .text.memset   0x0000000008004d6a       0x10 /Users/riccardobenevelli/Library/Application Support/Code/User/globalStorage/bmd.stm32-for-vscode/@xpack-dev-tools/arm-none-eabi-gcc/11.3.1-1.1.2/.content/bin/../lib/gcc/arm-none-eabi/11.3.1/../../../../arm-none-eabi/lib/thumb/v7e-m+fp/hard/libc_nano.a(libc_a-memset.o)
                0x0000000008004d6a                memset
 *fill*         0x0000000008004d7a        0x2 
 .text._localeconv_r
                0x0000000008004d7c        0x8 /Users/riccardobenevelli/Library/Application Support/Code/User/globalStorage/bmd.stm32-for-vscode/@xpack-dev-tools/arm-none-eabi-gcc/11.3.1-1.1.2/.content/bin/../lib/gcc/arm-none-eabi/11.3.1/../../../../arm-none-eabi/lib/thumb/v7e-m+fp/hard/libc_nano.a(libc_a-localeconv.o)
                0x0000000008004d7c                _localeconv_r
 .text._close_r
                0x0000000008004d84       0x20 /Users/riccardobenevelli/Library/Application Support/Code/User/globalStorage/bmd.stm32-for-vscode/@xpack-dev-tools/arm-none-eabi-gcc/11.3.1-1.1.2/.content/bin/../lib/gcc/arm-none-eabi/11.3.1/../../../../arm-none-eabi/lib/thumb/v7e-m+fp/hard/libc_nano.a(libc_a-closer.o)
                0x0000000008004d84                _close_r
 .text._lseek_r
                0x0000000008004da4       0x24 /Users/riccardobenevelli/Library/Application Support/Code/User/globalStorage/bmd.stm32-for-vscode/@xpack-dev-tools/arm-none-eabi-gcc/11.3.1-1.1.2/.content/bin/../lib/gcc/arm-none-eabi/11.3.1/../../../../arm-none-eabi/lib/thumb/v7e-m+fp/hard/libc_nano.a(libc_a-lseekr.o)
                0x0000000008004da4                _lseek_r
 .text._read_r  0x0000000008004dc8       0x24 /Users/riccardobenevelli/Library/Application Support/Code/User/globalStorage/bmd.stm32-for-vscode/@xpack-dev-tools/arm-none-eabi-gcc/11.3.1-1.1.2/.content/bin/../lib/gcc/arm-none-eabi/11.3.1/../../../../arm-none-eabi/lib/thumb/v7e-m+fp/hard/libc_nano.a(libc_a-readr.o)
                0x0000000008004dc8                _read_r
 .text._write_r
                0x0000000008004dec       0x24 /Users/riccardobenevelli/Library/Application Support/Code/User/globalStorage/bmd.stm32-for-vscode/@xpack-dev-tools/arm-none-eabi-gcc/11.3.1-1.1.2/.content/bin/../lib/gcc/arm-none-eabi/11.3.1/../../../../arm-none-eabi/lib/thumb/v7e-m+fp/hard/libc_nano.a(libc_a-writer.o)
                0x0000000008004dec                _write_r
 .text.__libc_init_array
                0x0000000008004e10       0x48 /Users/riccardobenevelli/Library/Application Support/Code/User/globalStorage/bmd.stm32-for-vscode/@xpack-dev-tools/arm-none-eabi-gcc/11.3.1-1.1.2/.content/bin/../lib/gcc/arm-none-eabi/11.3.1/../../../../arm-none-eabi/lib/thumb/v7e-m+fp/hard/libc_nano.a(libc_a-init.o)
                0x0000000008004e10                __libc_init_array
 .text.__retarget_lock_acquire_recursive
                0x0000000008004e58        0x2 /Users/riccardobenevelli/Library/Application Support/Code/User/globalStorage/bmd.stm32-for-vscode/@xpack-dev-tools/arm-none-eabi-gcc/11.3.1-1.1.2/.content/bin/../lib/gcc/arm-none-eabi/11.3.1/../../../../arm-none-eabi/lib/thumb/v7e-m+fp/hard/libc_nano.a(libc_a-lock.o)
                0x0000000008004e58                __retarget_lock_acquire_recursive
 .text.__retarget_lock_release_recursive
                0x0000000008004e5a        0x2 /Users/riccardobenevelli/Library/Application Support/Code/User/globalStorage/bmd.stm32-for-vscode/@xpack-dev-tools/arm-none-eabi-gcc/11.3.1-1.1.2/.content/bin/../lib/gcc/arm-none-eabi/11.3.1/../../../../arm-none-eabi/lib/thumb/v7e-m+fp/hard/libc_nano.a(libc_a-lock.o)
                0x0000000008004e5a                __retarget_lock_release_recursive
 .text.quorem   0x0000000008004e5c      0x110 /Users/riccardobenevelli/Library/Application Support/Code/User/globalStorage/bmd.stm32-for-vscode/@xpack-dev-tools/arm-none-eabi-gcc/11.3.1-1.1.2/.content/bin/../lib/gcc/arm-none-eabi/11.3.1/../../../../arm-none-eabi/lib/thumb/v7e-m+fp/hard/libc_nano.a(libc_a-dtoa.o)
 *fill*         0x0000000008004f6c        0x4 
 .text._dtoa_r  0x0000000008004f70      0xbe4 /Users/riccardobenevelli/Library/Application Support/Code/User/globalStorage/bmd.stm32-for-vscode/@xpack-dev-tools/arm-none-eabi-gcc/11.3.1-1.1.2/.content/bin/../lib/gcc/arm-none-eabi/11.3.1/../../../../arm-none-eabi/lib/thumb/v7e-m+fp/hard/libc_nano.a(libc_a-dtoa.o)
                0x0000000008004f70                _dtoa_r
 .text._free_r  0x0000000008005b54       0x98 /Users/riccardobenevelli/Library/Application Support/Code/User/globalStorage/bmd.stm32-for-vscode/@xpack-dev-tools/arm-none-eabi-gcc/11.3.1-1.1.2/.content/bin/../lib/gcc/arm-none-eabi/11.3.1/../../../../arm-none-eabi/lib/thumb/v7e-m+fp/hard/libc_nano.a(libc_a-freer.o)
                0x0000000008005b54                _free_r
 .text.malloc   0x0000000008005bec       0x10 /Users/riccardobenevelli/Library/Application Support/Code/User/globalStorage/bmd.stm32-for-vscode/@xpack-dev-tools/arm-none-eabi-gcc/11.3.1-1.1.2/.content/bin/../lib/gcc/arm-none-eabi/11.3.1/../../../../arm-none-eabi/lib/thumb/v7e-m+fp/hard/libc_nano.a(libc_a-malloc.o)
                0x0000000008005bec                malloc
 .text.sbrk_aligned
                0x0000000008005bfc       0x40 /Users/riccardobenevelli/Library/Application Support/Code/User/globalStorage/bmd.stm32-for-vscode/@xpack-dev-tools/arm-none-eabi-gcc/11.3.1-1.1.2/.content/bin/../lib/gcc/arm-none-eabi/11.3.1/../../../../arm-none-eabi/lib/thumb/v7e-m+fp/hard/libc_nano.a(libc_a-mallocr.o)
 .text._malloc_r
                0x0000000008005c3c       0xec /Users/riccardobenevelli/Library/Application Support/Code/User/globalStorage/bmd.stm32-for-vscode/@xpack-dev-tools/arm-none-eabi-gcc/11.3.1-1.1.2/.content/bin/../lib/gcc/arm-none-eabi/11.3.1/../../../../arm-none-eabi/lib/thumb/v7e-m+fp/hard/libc_nano.a(libc_a-mallocr.o)
                0x0000000008005c3c                _malloc_r
 .text.__malloc_lock
                0x0000000008005d28        0xc /Users/riccardobenevelli/Library/Application Support/Code/User/globalStorage/bmd.stm32-for-vscode/@xpack-dev-tools/arm-none-eabi-gcc/11.3.1-1.1.2/.content/bin/../lib/gcc/arm-none-eabi/11.3.1/../../../../arm-none-eabi/lib/thumb/v7e-m+fp/hard/libc_nano.a(libc_a-mlock.o)
                0x0000000008005d28                __malloc_lock
 .text.__malloc_unlock
                0x0000000008005d34        0xc /Users/riccardobenevelli/Library/Application Support/Code/User/globalStorage/bmd.stm32-for-vscode/@xpack-dev-tools/arm-none-eabi-gcc/11.3.1-1.1.2/.content/bin/../lib/gcc/arm-none-eabi/11.3.1/../../../../arm-none-eabi/lib/thumb/v7e-m+fp/hard/libc_nano.a(libc_a-mlock.o)
                0x0000000008005d34                __malloc_unlock
 .text._Balloc  0x0000000008005d40       0x80 /Users/riccardobenevelli/Library/Application Support/Code/User/globalStorage/bmd.stm32-for-vscode/@xpack-dev-tools/arm-none-eabi-gcc/11.3.1-1.1.2/.content/bin/../lib/gcc/arm-none-eabi/11.3.1/../../../../arm-none-eabi/lib/thumb/v7e-m+fp/hard/libc_nano.a(libc_a-mprec.o)
                0x0000000008005d40                _Balloc
 .text._Bfree   0x0000000008005dc0       0x44 /Users/riccardobenevelli/Library/Application Support/Code/User/globalStorage/bmd.stm32-for-vscode/@xpack-dev-tools/arm-none-eabi-gcc/11.3.1-1.1.2/.content/bin/../lib/gcc/arm-none-eabi/11.3.1/../../../../arm-none-eabi/lib/thumb/v7e-m+fp/hard/libc_nano.a(libc_a-mprec.o)
                0x0000000008005dc0                _Bfree
 .text.__multadd
                0x0000000008005e04       0x8c /Users/riccardobenevelli/Library/Application Support/Code/User/globalStorage/bmd.stm32-for-vscode/@xpack-dev-tools/arm-none-eabi-gcc/11.3.1-1.1.2/.content/bin/../lib/gcc/arm-none-eabi/11.3.1/../../../../arm-none-eabi/lib/thumb/v7e-m+fp/hard/libc_nano.a(libc_a-mprec.o)
                0x0000000008005e04                __multadd
 .text.__hi0bits
                0x0000000008005e90       0x40 /Users/riccardobenevelli/Library/Application Support/Code/User/globalStorage/bmd.stm32-for-vscode/@xpack-dev-tools/arm-none-eabi-gcc/11.3.1-1.1.2/.content/bin/../lib/gcc/arm-none-eabi/11.3.1/../../../../arm-none-eabi/lib/thumb/v7e-m+fp/hard/libc_nano.a(libc_a-mprec.o)
                0x0000000008005e90                __hi0bits
 .text.__lo0bits
                0x0000000008005ed0       0x5a /Users/riccardobenevelli/Library/Application Support/Code/User/globalStorage/bmd.stm32-for-vscode/@xpack-dev-tools/arm-none-eabi-gcc/11.3.1-1.1.2/.content/bin/../lib/gcc/arm-none-eabi/11.3.1/../../../../arm-none-eabi/lib/thumb/v7e-m+fp/hard/libc_nano.a(libc_a-mprec.o)
                0x0000000008005ed0                __lo0bits
 *fill*         0x0000000008005f2a        0x2 
 .text.__i2b    0x0000000008005f2c       0x2c /Users/riccardobenevelli/Library/Application Support/Code/User/globalStorage/bmd.stm32-for-vscode/@xpack-dev-tools/arm-none-eabi-gcc/11.3.1-1.1.2/.content/bin/../lib/gcc/arm-none-eabi/11.3.1/../../../../arm-none-eabi/lib/thumb/v7e-m+fp/hard/libc_nano.a(libc_a-mprec.o)
                0x0000000008005f2c                __i2b
 .text.__multiply
                0x0000000008005f58      0x154 /Users/riccardobenevelli/Library/Application Support/Code/User/globalStorage/bmd.stm32-for-vscode/@xpack-dev-tools/arm-none-eabi-gcc/11.3.1-1.1.2/.content/bin/../lib/gcc/arm-none-eabi/11.3.1/../../../../arm-none-eabi/lib/thumb/v7e-m+fp/hard/libc_nano.a(libc_a-mprec.o)
                0x0000000008005f58                __multiply
 .text.__pow5mult
                0x00000000080060ac       0xb4 /Users/riccardobenevelli/Library/Application Support/Code/User/globalStorage/bmd.stm32-for-vscode/@xpack-dev-tools/arm-none-eabi-gcc/11.3.1-1.1.2/.content/bin/../lib/gcc/arm-none-eabi/11.3.1/../../../../arm-none-eabi/lib/thumb/v7e-m+fp/hard/libc_nano.a(libc_a-mprec.o)
                0x00000000080060ac                __pow5mult
 .text.__lshift
                0x0000000008006160       0xd8 /Users/riccardobenevelli/Library/Application Support/Code/User/globalStorage/bmd.stm32-for-vscode/@xpack-dev-tools/arm-none-eabi-gcc/11.3.1-1.1.2/.content/bin/../lib/gcc/arm-none-eabi/11.3.1/../../../../arm-none-eabi/lib/thumb/v7e-m+fp/hard/libc_nano.a(libc_a-mprec.o)
                0x0000000008006160                __lshift
 .text.__mcmp   0x0000000008006238       0x38 /Users/riccardobenevelli/Library/Application Support/Code/User/globalStorage/bmd.stm32-for-vscode/@xpack-dev-tools/arm-none-eabi-gcc/11.3.1-1.1.2/.content/bin/../lib/gcc/arm-none-eabi/11.3.1/../../../../arm-none-eabi/lib/thumb/v7e-m+fp/hard/libc_nano.a(libc_a-mprec.o)
                0x0000000008006238                __mcmp
 .text.__mdiff  0x0000000008006270      0x114 /Users/riccardobenevelli/Library/Application Support/Code/User/globalStorage/bmd.stm32-for-vscode/@xpack-dev-tools/arm-none-eabi-gcc/11.3.1-1.1.2/.content/bin/../lib/gcc/arm-none-eabi/11.3.1/../../../../arm-none-eabi/lib/thumb/v7e-m+fp/hard/libc_nano.a(libc_a-mprec.o)
                0x0000000008006270                __mdiff
 .text.__d2b    0x0000000008006384       0xb4 /Users/riccardobenevelli/Library/Application Support/Code/User/globalStorage/bmd.stm32-for-vscode/@xpack-dev-tools/arm-none-eabi-gcc/11.3.1-1.1.2/.content/bin/../lib/gcc/arm-none-eabi/11.3.1/../../../../arm-none-eabi/lib/thumb/v7e-m+fp/hard/libc_nano.a(libc_a-mprec.o)
                0x0000000008006384                __d2b
 .text.__ssputs_r
                0x0000000008006438       0xb4 /Users/riccardobenevelli/Library/Application Support/Code/User/globalStorage/bmd.stm32-for-vscode/@xpack-dev-tools/arm-none-eabi-gcc/11.3.1-1.1.2/.content/bin/../lib/gcc/arm-none-eabi/11.3.1/../../../../arm-none-eabi/lib/thumb/v7e-m+fp/hard/libc_nano.a(libc_a-nano-svfprintf.o)
                0x0000000008006438                __ssputs_r
 .text._svfprintf_r
                0x00000000080064ec      0x1fc /Users/riccardobenevelli/Library/Application Support/Code/User/globalStorage/bmd.stm32-for-vscode/@xpack-dev-tools/arm-none-eabi-gcc/11.3.1-1.1.2/.content/bin/../lib/gcc/arm-none-eabi/11.3.1/../../../../arm-none-eabi/lib/thumb/v7e-m+fp/hard/libc_nano.a(libc_a-nano-svfprintf.o)
                0x00000000080064ec                _svfprintf_r
                0x00000000080064ec                _svfiprintf_r
 .text.__sflush_r
                0x00000000080066e8      0x10c /Users/riccardobenevelli/Library/Application Support/Code/User/globalStorage/bmd.stm32-for-vscode/@xpack-dev-tools/arm-none-eabi-gcc/11.3.1-1.1.2/.content/bin/../lib/gcc/arm-none-eabi/11.3.1/../../../../arm-none-eabi/lib/thumb/v7e-m+fp/hard/libc_nano.a(libc_a-fflush.o)
                0x00000000080066e8                __sflush_r
 .text._fflush_r
                0x00000000080067f4       0x50 /Users/riccardobenevelli/Library/Application Support/Code/User/globalStorage/bmd.stm32-for-vscode/@xpack-dev-tools/arm-none-eabi-gcc/11.3.1-1.1.2/.content/bin/../lib/gcc/arm-none-eabi/11.3.1/../../../../arm-none-eabi/lib/thumb/v7e-m+fp/hard/libc_nano.a(libc_a-fflush.o)
                0x00000000080067f4                _fflush_r
 .text.memmove  0x0000000008006844       0x34 /Users/riccardobenevelli/Library/Application Support/Code/User/globalStorage/bmd.stm32-for-vscode/@xpack-dev-tools/arm-none-eabi-gcc/11.3.1-1.1.2/.content/bin/../lib/gcc/arm-none-eabi/11.3.1/../../../../arm-none-eabi/lib/thumb/v7e-m+fp/hard/libc_nano.a(libc_a-memmove.o)
                0x0000000008006844                memmove
 .text._sbrk_r  0x0000000008006878       0x20 /Users/riccardobenevelli/Library/Application Support/Code/User/globalStorage/bmd.stm32-for-vscode/@xpack-dev-tools/arm-none-eabi-gcc/11.3.1-1.1.2/.content/bin/../lib/gcc/arm-none-eabi/11.3.1/../../../../arm-none-eabi/lib/thumb/v7e-m+fp/hard/libc_nano.a(libc_a-sbrkr.o)
                0x0000000008006878                _sbrk_r
 .text.memcpy   0x0000000008006898       0x1c /Users/riccardobenevelli/Library/Application Support/Code/User/globalStorage/bmd.stm32-for-vscode/@xpack-dev-tools/arm-none-eabi-gcc/11.3.1-1.1.2/.content/bin/../lib/gcc/arm-none-eabi/11.3.1/../../../../arm-none-eabi/lib/thumb/v7e-m+fp/hard/libc_nano.a(libc_a-memcpy-stub.o)
                0x0000000008006898                memcpy
 .text.__assert_func
                0x00000000080068b4       0x3c /Users/riccardobenevelli/Library/Application Support/Code/User/globalStorage/bmd.stm32-for-vscode/@xpack-dev-tools/arm-none-eabi-gcc/11.3.1-1.1.2/.content/bin/../lib/gcc/arm-none-eabi/11.3.1/../../../../arm-none-eabi/lib/thumb/v7e-m+fp/hard/libc_nano.a(libc_a-assert.o)
                0x00000000080068b4                __assert_func
 .text._calloc_r
                0x00000000080068f0       0x2c /Users/riccardobenevelli/Library/Application Support/Code/User/globalStorage/bmd.stm32-for-vscode/@xpack-dev-tools/arm-none-eabi-gcc/11.3.1-1.1.2/.content/bin/../lib/gcc/arm-none-eabi/11.3.1/../../../../arm-none-eabi/lib/thumb/v7e-m+fp/hard/libc_nano.a(libc_a-callocr.o)
                0x00000000080068f0                _calloc_r
 .text.__ascii_mbtowc
                0x000000000800691c       0x24 /Users/riccardobenevelli/Library/Application Support/Code/User/globalStorage/bmd.stm32-for-vscode/@xpack-dev-tools/arm-none-eabi-gcc/11.3.1-1.1.2/.content/bin/../lib/gcc/arm-none-eabi/11.3.1/../../../../arm-none-eabi/lib/thumb/v7e-m+fp/hard/libc_nano.a(libc_a-mbtowc_r.o)
                0x000000000800691c                __ascii_mbtowc
 .text._realloc_r
                0x0000000008006940       0x5e /Users/riccardobenevelli/Library/Application Support/Code/User/globalStorage/bmd.stm32-for-vscode/@xpack-dev-tools/arm-none-eabi-gcc/11.3.1-1.1.2/.content/bin/../lib/gcc/arm-none-eabi/11.3.1/../../../../arm-none-eabi/lib/thumb/v7e-m+fp/hard/libc_nano.a(libc_a-reallocr.o)
                0x0000000008006940                _realloc_r
 .text.__ascii_wctomb
                0x000000000800699e       0x1a /Users/riccardobenevelli/Library/Application Support/Code/User/globalStorage/bmd.stm32-for-vscode/@xpack-dev-tools/arm-none-eabi-gcc/11.3.1-1.1.2/.content/bin/../lib/gcc/arm-none-eabi/11.3.1/../../../../arm-none-eabi/lib/thumb/v7e-m+fp/hard/libc_nano.a(libc_a-wctomb_r.o)
                0x000000000800699e                __ascii_wctomb
 .text.fprintf  0x00000000080069b8       0x24 /Users/riccardobenevelli/Library/Application Support/Code/User/globalStorage/bmd.stm32-for-vscode/@xpack-dev-tools/arm-none-eabi-gcc/11.3.1-1.1.2/.content/bin/../lib/gcc/arm-none-eabi/11.3.1/../../../../arm-none-eabi/lib/thumb/v7e-m+fp/hard/libc_nano.a(libc_a-fprintf.o)
                0x00000000080069b8                fprintf
                0x00000000080069b8                fiprintf
 .text.abort    0x00000000080069dc        0xe /Users/riccardobenevelli/Library/Application Support/Code/User/globalStorage/bmd.stm32-for-vscode/@xpack-dev-tools/arm-none-eabi-gcc/11.3.1-1.1.2/.content/bin/../lib/gcc/arm-none-eabi/11.3.1/../../../../arm-none-eabi/lib/thumb/v7e-m+fp/hard/libc_nano.a(libc_a-abort.o)
                0x00000000080069dc                abort
 .text._malloc_usable_size_r
                0x00000000080069ea       0x10 /Users/riccardobenevelli/Library/Application Support/Code/User/globalStorage/bmd.stm32-for-vscode/@xpack-dev-tools/arm-none-eabi-gcc/11.3.1-1.1.2/.content/bin/../lib/gcc/arm-none-eabi/11.3.1/../../../../arm-none-eabi/lib/thumb/v7e-m+fp/hard/libc_nano.a(libc_a-msizer.o)
                0x00000000080069ea                _malloc_usable_size_r
 .text.__sfputc_r
                0x00000000080069fa       0x2e /Users/riccardobenevelli/Library/Application Support/Code/User/globalStorage/bmd.stm32-for-vscode/@xpack-dev-tools/arm-none-eabi-gcc/11.3.1-1.1.2/.content/bin/../lib/gcc/arm-none-eabi/11.3.1/../../../../arm-none-eabi/lib/thumb/v7e-m+fp/hard/libc_nano.a(libc_a-nano-vfprintf.o)
 .text.__sfputs_r
                0x0000000008006a28       0x24 /Users/riccardobenevelli/Library/Application Support/Code/User/globalStorage/bmd.stm32-for-vscode/@xpack-dev-tools/arm-none-eabi-gcc/11.3.1-1.1.2/.content/bin/../lib/gcc/arm-none-eabi/11.3.1/../../../../arm-none-eabi/lib/thumb/v7e-m+fp/hard/libc_nano.a(libc_a-nano-vfprintf.o)
                0x0000000008006a28                __sfputs_r
 .text._vfprintf_r
                0x0000000008006a4c      0x234 /Users/riccardobenevelli/Library/Application Support/Code/User/globalStorage/bmd.stm32-for-vscode/@xpack-dev-tools/arm-none-eabi-gcc/11.3.1-1.1.2/.content/bin/../lib/gcc/arm-none-eabi/11.3.1/../../../../arm-none-eabi/lib/thumb/v7e-m+fp/hard/libc_nano.a(libc_a-nano-vfprintf.o)
                0x0000000008006a4c                _vfiprintf_r
                0x0000000008006a4c                _vfprintf_r
 .text.__swbuf_r
                0x0000000008006c80       0x7a /Users/riccardobenevelli/Library/Application Support/Code/User/globalStorage/bmd.stm32-for-vscode/@xpack-dev-tools/arm-none-eabi-gcc/11.3.1-1.1.2/.content/bin/../lib/gcc/arm-none-eabi/11.3.1/../../../../arm-none-eabi/lib/thumb/v7e-m+fp/hard/libc_nano.a(libc_a-wbuf.o)
                0x0000000008006c80                __swbuf_r
 *fill*         0x0000000008006cfa        0x2 
 .text.__swsetup_r
                0x0000000008006cfc       0xb0 /Users/riccardobenevelli/Library/Application Support/Code/User/globalStorage/bmd.stm32-for-vscode/@xpack-dev-tools/arm-none-eabi-gcc/11.3.1-1.1.2/.content/bin/../lib/gcc/arm-none-eabi/11.3.1/../../../../arm-none-eabi/lib/thumb/v7e-m+fp/hard/libc_nano.a(libc_a-wsetup.o)
                0x0000000008006cfc                __swsetup_r
 .text._raise_r
                0x0000000008006dac       0x50 /Users/riccardobenevelli/Library/Application Support/Code/User/globalStorage/bmd.stm32-for-vscode/@xpack-dev-tools/arm-none-eabi-gcc/11.3.1-1.1.2/.content/bin/../lib/gcc/arm-none-eabi/11.3.1/../../../../arm-none-eabi/lib/thumb/v7e-m+fp/hard/libc_nano.a(libc_a-signal.o)
                0x0000000008006dac                _raise_r
 .text.raise    0x0000000008006dfc       0x10 /Users/riccardobenevelli/Library/Application Support/Code/User/globalStorage/bmd.stm32-for-vscode/@xpack-dev-tools/arm-none-eabi-gcc/11.3.1-1.1.2/.content/bin/../lib/gcc/arm-none-eabi/11.3.1/../../../../arm-none-eabi/lib/thumb/v7e-m+fp/hard/libc_nano.a(libc_a-signal.o)
                0x0000000008006dfc                raise
 .text._kill_r  0x0000000008006e0c       0x24 /Users/riccardobenevelli/Library/Application Support/Code/User/globalStorage/bmd.stm32-for-vscode/@xpack-dev-tools/arm-none-eabi-gcc/11.3.1-1.1.2/.content/bin/../lib/gcc/arm-none-eabi/11.3.1/../../../../arm-none-eabi/lib/thumb/v7e-m+fp/hard/libc_nano.a(libc_a-signalr.o)
                0x0000000008006e0c                _kill_r
 .text._getpid_r
                0x0000000008006e30        0x4 /Users/riccardobenevelli/Library/Application Support/Code/User/globalStorage/bmd.stm32-for-vscode/@xpack-dev-tools/arm-none-eabi-gcc/11.3.1-1.1.2/.content/bin/../lib/gcc/arm-none-eabi/11.3.1/../../../../arm-none-eabi/lib/thumb/v7e-m+fp/hard/libc_nano.a(libc_a-signalr.o)
                0x0000000008006e30                _getpid_r
 .text.__swhatbuf_r
                0x0000000008006e34       0x4c /Users/riccardobenevelli/Library/Application Support/Code/User/globalStorage/bmd.stm32-for-vscode/@xpack-dev-tools/arm-none-eabi-gcc/11.3.1-1.1.2/.content/bin/../lib/gcc/arm-none-eabi/11.3.1/../../../../arm-none-eabi/lib/thumb/v7e-m+fp/hard/libc_nano.a(libc_a-makebuf.o)
                0x0000000008006e34                __swhatbuf_r
 .text.__smakebuf_r
                0x0000000008006e80       0x78 /Users/riccardobenevelli/Library/Application Support/Code/User/globalStorage/bmd.stm32-for-vscode/@xpack-dev-tools/arm-none-eabi-gcc/11.3.1-1.1.2/.content/bin/../lib/gcc/arm-none-eabi/11.3.1/../../../../arm-none-eabi/lib/thumb/v7e-m+fp/hard/libc_nano.a(libc_a-makebuf.o)
                0x0000000008006e80                __smakebuf_r
 .text._fstat_r
                0x0000000008006ef8       0x24 /Users/riccardobenevelli/Library/Application Support/Code/User/globalStorage/bmd.stm32-for-vscode/@xpack-dev-tools/arm-none-eabi-gcc/11.3.1-1.1.2/.content/bin/../lib/gcc/arm-none-eabi/11.3.1/../../../../arm-none-eabi/lib/thumb/v7e-m+fp/hard/libc_nano.a(libc_a-fstatr.o)
                0x0000000008006ef8                _fstat_r
 .text._isatty_r
                0x0000000008006f1c       0x20 /Users/riccardobenevelli/Library/Application Support/Code/User/globalStorage/bmd.stm32-for-vscode/@xpack-dev-tools/arm-none-eabi-gcc/11.3.1-1.1.2/.content/bin/../lib/gcc/arm-none-eabi/11.3.1/../../../../arm-none-eabi/lib/thumb/v7e-m+fp/hard/libc_nano.a(libc_a-isattyr.o)
                0x0000000008006f1c                _isatty_r
 .text._close   0x0000000008006f3c       0x10 /Users/riccardobenevelli/Library/Application Support/Code/User/globalStorage/bmd.stm32-for-vscode/@xpack-dev-tools/arm-none-eabi-gcc/11.3.1-1.1.2/.content/bin/../lib/gcc/arm-none-eabi/11.3.1/../../../../arm-none-eabi/lib/thumb/v7e-m+fp/hard/libnosys.a(close.o)
                0x0000000008006f3c                _close
 .text._fstat   0x0000000008006f4c       0x10 /Users/riccardobenevelli/Library/Application Support/Code/User/globalStorage/bmd.stm32-for-vscode/@xpack-dev-tools/arm-none-eabi-gcc/11.3.1-1.1.2/.content/bin/../lib/gcc/arm-none-eabi/11.3.1/../../../../arm-none-eabi/lib/thumb/v7e-m+fp/hard/libnosys.a(fstat.o)
                0x0000000008006f4c                _fstat
 .text._getpid  0x0000000008006f5c       0x10 /Users/riccardobenevelli/Library/Application Support/Code/User/globalStorage/bmd.stm32-for-vscode/@xpack-dev-tools/arm-none-eabi-gcc/11.3.1-1.1.2/.content/bin/../lib/gcc/arm-none-eabi/11.3.1/../../../../arm-none-eabi/lib/thumb/v7e-m+fp/hard/libnosys.a(getpid.o)
                0x0000000008006f5c                _getpid
 .text._isatty  0x0000000008006f6c       0x10 /Users/riccardobenevelli/Library/Application Support/Code/User/globalStorage/bmd.stm32-for-vscode/@xpack-dev-tools/arm-none-eabi-gcc/11.3.1-1.1.2/.content/bin/../lib/gcc/arm-none-eabi/11.3.1/../../../../arm-none-eabi/lib/thumb/v7e-m+fp/hard/libnosys.a(isatty.o)
                0x0000000008006f6c                _isatty
 .text._kill    0x0000000008006f7c       0x10 /Users/riccardobenevelli/Library/Application Support/Code/User/globalStorage/bmd.stm32-for-vscode/@xpack-dev-tools/arm-none-eabi-gcc/11.3.1-1.1.2/.content/bin/../lib/gcc/arm-none-eabi/11.3.1/../../../../arm-none-eabi/lib/thumb/v7e-m+fp/hard/libnosys.a(kill.o)
                0x0000000008006f7c                _kill
 .text._lseek   0x0000000008006f8c       0x10 /Users/riccardobenevelli/Library/Application Support/Code/User/globalStorage/bmd.stm32-for-vscode/@xpack-dev-tools/arm-none-eabi-gcc/11.3.1-1.1.2/.content/bin/../lib/gcc/arm-none-eabi/11.3.1/../../../../arm-none-eabi/lib/thumb/v7e-m+fp/hard/libnosys.a(lseek.o)
                0x0000000008006f8c                _lseek
 .text._read    0x0000000008006f9c       0x10 /Users/riccardobenevelli/Library/Application Support/Code/User/globalStorage/bmd.stm32-for-vscode/@xpack-dev-tools/arm-none-eabi-gcc/11.3.1-1.1.2/.content/bin/../lib/gcc/arm-none-eabi/11.3.1/../../../../arm-none-eabi/lib/thumb/v7e-m+fp/hard/libnosys.a(read.o)
                0x0000000008006f9c                _read
 .text._sbrk    0x0000000008006fac       0x1c /Users/riccardobenevelli/Library/Application Support/Code/User/globalStorage/bmd.stm32-for-vscode/@xpack-dev-tools/arm-none-eabi-gcc/11.3.1-1.1.2/.content/bin/../lib/gcc/arm-none-eabi/11.3.1/../../../../arm-none-eabi/lib/thumb/v7e-m+fp/hard/libnosys.a(sbrk.o)
                0x0000000008006fac                _sbrk
 .text._write   0x0000000008006fc8       0x10 /Users/riccardobenevelli/Library/Application Support/Code/User/globalStorage/bmd.stm32-for-vscode/@xpack-dev-tools/arm-none-eabi-gcc/11.3.1-1.1.2/.content/bin/../lib/gcc/arm-none-eabi/11.3.1/../../../../arm-none-eabi/lib/thumb/v7e-m+fp/hard/libnosys.a(write.o)
                0x0000000008006fc8                _write
 .text._exit    0x0000000008006fd8        0x4 /Users/riccardobenevelli/Library/Application Support/Code/User/globalStorage/bmd.stm32-for-vscode/@xpack-dev-tools/arm-none-eabi-gcc/11.3.1-1.1.2/.content/bin/../lib/gcc/arm-none-eabi/11.3.1/../../../../arm-none-eabi/lib/thumb/v7e-m+fp/hard/libnosys.a(_exit.o)
                0x0000000008006fd8                _exit
 .text.__udivmoddi4
                0x0000000008006fdc      0x2c8 /Users/riccardobenevelli/Library/Application Support/Code/User/globalStorage/bmd.stm32-for-vscode/@xpack-dev-tools/arm-none-eabi-gcc/11.3.1-1.1.2/.content/bin/../lib/gcc/arm-none-eabi/11.3.1/thumb/v7e-m+fp/hard/libgcc.a(_udivmoddi4.o)
                0x0000000008006fdc                __udivmoddi4
 *(.glue_7)
 .glue_7        0x00000000080072a4        0x0 linker stubs
 *(.glue_7t)
 .glue_7t       0x00000000080072a4        0x0 linker stubs
 *(.eh_frame)
 .eh_frame      0x00000000080072a4        0x0 /Users/riccardobenevelli/Library/Application Support/Code/User/globalStorage/bmd.stm32-for-vscode/@xpack-dev-tools/arm-none-eabi-gcc/11.3.1-1.1.2/.content/bin/../lib/gcc/arm-none-eabi/11.3.1/thumb/v7e-m+fp/hard/crtbegin.o
 *(.init)
 .init          0x00000000080072a4        0x4 /Users/riccardobenevelli/Library/Application Support/Code/User/globalStorage/bmd.stm32-for-vscode/@xpack-dev-tools/arm-none-eabi-gcc/11.3.1-1.1.2/.content/bin/../lib/gcc/arm-none-eabi/11.3.1/thumb/v7e-m+fp/hard/crti.o
                0x00000000080072a4                _init
 .init          0x00000000080072a8        0x8 /Users/riccardobenevelli/Library/Application Support/Code/User/globalStorage/bmd.stm32-for-vscode/@xpack-dev-tools/arm-none-eabi-gcc/11.3.1-1.1.2/.content/bin/../lib/gcc/arm-none-eabi/11.3.1/thumb/v7e-m+fp/hard/crtn.o
 *(.fini)
 .fini          0x00000000080072b0        0x4 /Users/riccardobenevelli/Library/Application Support/Code/User/globalStorage/bmd.stm32-for-vscode/@xpack-dev-tools/arm-none-eabi-gcc/11.3.1-1.1.2/.content/bin/../lib/gcc/arm-none-eabi/11.3.1/thumb/v7e-m+fp/hard/crti.o
                0x00000000080072b0                _fini
 .fini          0x00000000080072b4        0x8 /Users/riccardobenevelli/Library/Application Support/Code/User/globalStorage/bmd.stm32-for-vscode/@xpack-dev-tools/arm-none-eabi-gcc/11.3.1-1.1.2/.content/bin/../lib/gcc/arm-none-eabi/11.3.1/thumb/v7e-m+fp/hard/crtn.o
                0x00000000080072bc                . = ALIGN (0x4)
                0x00000000080072bc                _etext = .

.vfp11_veneer   0x00000000080072bc        0x0
 .vfp11_veneer  0x00000000080072bc        0x0 linker stubs

.v4_bx          0x00000000080072bc        0x0
 .v4_bx         0x00000000080072bc        0x0 linker stubs

.iplt           0x00000000080072bc        0x0
 .iplt          0x00000000080072bc        0x0 /Users/riccardobenevelli/Library/Application Support/Code/User/globalStorage/bmd.stm32-for-vscode/@xpack-dev-tools/arm-none-eabi-gcc/11.3.1-1.1.2/.content/bin/../lib/gcc/arm-none-eabi/11.3.1/thumb/v7e-m+fp/hard/crtbegin.o

.rodata         0x00000000080072c0      0x4bc
                0x00000000080072c0                . = ALIGN (0x4)
 *(.rodata)
 *(.rodata*)
 .rodata.main.str1.4
                0x00000000080072c0       0xea build/main.o
 *fill*         0x00000000080073aa        0x2 
 .rodata.AHBPrescTable
                0x00000000080073ac       0x10 build/system_stm32g4xx.o
                0x00000000080073ac                AHBPrescTable
 .rodata.APBPrescTable
                0x00000000080073bc        0x8 build/system_stm32g4xx.o
                0x00000000080073bc                APBPrescTable
 .rodata.UARTPrescTable
                0x00000000080073c4       0x18 build/stm32g4xx_hal_uart.o
                0x00000000080073c4                UARTPrescTable
 .rodata.denominator.0
                0x00000000080073dc        0x8 build/stm32g4xx_hal_uart_ex.o
 .rodata.numerator.1
                0x00000000080073e4        0x8 build/stm32g4xx_hal_uart_ex.o
 .rodata._printf_float.str1.1
                0x00000000080073ec       0x12 /Users/riccardobenevelli/Library/Application Support/Code/User/globalStorage/bmd.stm32-for-vscode/@xpack-dev-tools/arm-none-eabi-gcc/11.3.1-1.1.2/.content/bin/../lib/gcc/arm-none-eabi/11.3.1/../../../../arm-none-eabi/lib/thumb/v7e-m+fp/hard/libc_nano.a(libc_a-nano-vfprintf_float.o)
 .rodata._printf_i.str1.1
                0x00000000080073fe       0x22 /Users/riccardobenevelli/Library/Application Support/Code/User/globalStorage/bmd.stm32-for-vscode/@xpack-dev-tools/arm-none-eabi-gcc/11.3.1-1.1.2/.content/bin/../lib/gcc/arm-none-eabi/11.3.1/../../../../arm-none-eabi/lib/thumb/v7e-m+fp/hard/libc_nano.a(libc_a-nano-vfprintf_i.o)
 .rodata._dtoa_r.str1.1
                0x0000000008007420       0x9d /Users/riccardobenevelli/Library/Application Support/Code/User/globalStorage/bmd.stm32-for-vscode/@xpack-dev-tools/arm-none-eabi-gcc/11.3.1-1.1.2/.content/bin/../lib/gcc/arm-none-eabi/11.3.1/../../../../arm-none-eabi/lib/thumb/v7e-m+fp/hard/libc_nano.a(libc_a-dtoa.o)
                                         0x9f (size before relaxing)
 .rodata._Balloc.str1.1
                0x00000000080074bd       0x69 /Users/riccardobenevelli/Library/Application Support/Code/User/globalStorage/bmd.stm32-for-vscode/@xpack-dev-tools/arm-none-eabi-gcc/11.3.1-1.1.2/.content/bin/../lib/gcc/arm-none-eabi/11.3.1/../../../../arm-none-eabi/lib/thumb/v7e-m+fp/hard/libc_nano.a(libc_a-mprec.o)
                                         0x80 (size before relaxing)
 .rodata.__multadd.str1.1
                0x0000000008007526       0x11 /Users/riccardobenevelli/Library/Application Support/Code/User/globalStorage/bmd.stm32-for-vscode/@xpack-dev-tools/arm-none-eabi-gcc/11.3.1-1.1.2/.content/bin/../lib/gcc/arm-none-eabi/11.3.1/../../../../arm-none-eabi/lib/thumb/v7e-m+fp/hard/libc_nano.a(libc_a-mprec.o)
 *fill*         0x0000000008007526        0x2 
 .rodata.__mprec_bigtens
                0x0000000008007528       0x28 /Users/riccardobenevelli/Library/Application Support/Code/User/globalStorage/bmd.stm32-for-vscode/@xpack-dev-tools/arm-none-eabi-gcc/11.3.1-1.1.2/.content/bin/../lib/gcc/arm-none-eabi/11.3.1/../../../../arm-none-eabi/lib/thumb/v7e-m+fp/hard/libc_nano.a(libc_a-mprec.o)
                0x0000000008007528                __mprec_bigtens
 .rodata.__mprec_tens
                0x0000000008007550       0xc8 /Users/riccardobenevelli/Library/Application Support/Code/User/globalStorage/bmd.stm32-for-vscode/@xpack-dev-tools/arm-none-eabi-gcc/11.3.1-1.1.2/.content/bin/../lib/gcc/arm-none-eabi/11.3.1/../../../../arm-none-eabi/lib/thumb/v7e-m+fp/hard/libc_nano.a(libc_a-mprec.o)
                0x0000000008007550                __mprec_tens
 .rodata.p05.0  0x0000000008007618        0xc /Users/riccardobenevelli/Library/Application Support/Code/User/globalStorage/bmd.stm32-for-vscode/@xpack-dev-tools/arm-none-eabi-gcc/11.3.1-1.1.2/.content/bin/../lib/gcc/arm-none-eabi/11.3.1/../../../../arm-none-eabi/lib/thumb/v7e-m+fp/hard/libc_nano.a(libc_a-mprec.o)
 .rodata._svfprintf_r.str1.1
                0x0000000008007624       0x11 /Users/riccardobenevelli/Library/Application Support/Code/User/globalStorage/bmd.stm32-for-vscode/@xpack-dev-tools/arm-none-eabi-gcc/11.3.1-1.1.2/.content/bin/../lib/gcc/arm-none-eabi/11.3.1/../../../../arm-none-eabi/lib/thumb/v7e-m+fp/hard/libc_nano.a(libc_a-nano-svfprintf.o)
 .rodata._setlocale_r.str1.1
                0x0000000008007635        0x8 /Users/riccardobenevelli/Library/Application Support/Code/User/globalStorage/bmd.stm32-for-vscode/@xpack-dev-tools/arm-none-eabi-gcc/11.3.1-1.1.2/.content/bin/../lib/gcc/arm-none-eabi/11.3.1/../../../../arm-none-eabi/lib/thumb/v7e-m+fp/hard/libc_nano.a(libc_a-locale.o)
                                          0x9 (size before relaxing)
 .rodata.str1.1
                0x000000000800763d        0x2 /Users/riccardobenevelli/Library/Application Support/Code/User/globalStorage/bmd.stm32-for-vscode/@xpack-dev-tools/arm-none-eabi-gcc/11.3.1-1.1.2/.content/bin/../lib/gcc/arm-none-eabi/11.3.1/../../../../arm-none-eabi/lib/thumb/v7e-m+fp/hard/libc_nano.a(libc_a-locale.o)
 .rodata.__assert_func.str1.1
                0x000000000800763f       0x3c /Users/riccardobenevelli/Library/Application Support/Code/User/globalStorage/bmd.stm32-for-vscode/@xpack-dev-tools/arm-none-eabi-gcc/11.3.1-1.1.2/.content/bin/../lib/gcc/arm-none-eabi/11.3.1/../../../../arm-none-eabi/lib/thumb/v7e-m+fp/hard/libc_nano.a(libc_a-assert.o)
                                         0x3d (size before relaxing)
 .rodata._ctype_
                0x000000000800767b      0x101 /Users/riccardobenevelli/Library/Application Support/Code/User/globalStorage/bmd.stm32-for-vscode/@xpack-dev-tools/arm-none-eabi-gcc/11.3.1-1.1.2/.content/bin/../lib/gcc/arm-none-eabi/11.3.1/../../../../arm-none-eabi/lib/thumb/v7e-m+fp/hard/libc_nano.a(libc_a-ctype_.o)
                0x000000000800767b                _ctype_
 .rodata._vfprintf_r.str1.1
                0x000000000800777c       0x11 /Users/riccardobenevelli/Library/Application Support/Code/User/globalStorage/bmd.stm32-for-vscode/@xpack-dev-tools/arm-none-eabi-gcc/11.3.1-1.1.2/.content/bin/../lib/gcc/arm-none-eabi/11.3.1/../../../../arm-none-eabi/lib/thumb/v7e-m+fp/hard/libc_nano.a(libc_a-nano-vfprintf.o)
                0x0000000008007790                . = ALIGN (0x4)

.ARM.extab
 *(.ARM.extab* .gnu.linkonce.armextab.*)

.ARM            0x000000000800777c        0x8
                0x000000000800777c                __exidx_start = .
 *(.ARM.exidx*)
 .ARM.exidx.text.__udivmoddi4
                0x000000000800777c        0x8 /Users/riccardobenevelli/Library/Application Support/Code/User/globalStorage/bmd.stm32-for-vscode/@xpack-dev-tools/arm-none-eabi-gcc/11.3.1-1.1.2/.content/bin/../lib/gcc/arm-none-eabi/11.3.1/thumb/v7e-m+fp/hard/libgcc.a(_udivmoddi4.o)
                0x0000000008007784                __exidx_end = .

.rel.dyn        0x0000000008007784        0x0
 .rel.iplt      0x0000000008007784        0x0 /Users/riccardobenevelli/Library/Application Support/Code/User/globalStorage/bmd.stm32-for-vscode/@xpack-dev-tools/arm-none-eabi-gcc/11.3.1-1.1.2/.content/bin/../lib/gcc/arm-none-eabi/11.3.1/thumb/v7e-m+fp/hard/crtbegin.o

.preinit_array  0x0000000008007784        0x0
                0x0000000008007784                PROVIDE (__preinit_array_start = .)
 *(.preinit_array*)
                0x0000000008007784                PROVIDE (__preinit_array_end = .)

.init_array     0x0000000008007784        0x4
                0x0000000008007784                PROVIDE (__init_array_start = .)
 *(SORT_BY_NAME(.init_array.*))
 *(.init_array*)
 .init_array    0x0000000008007784        0x4 /Users/riccardobenevelli/Library/Application Support/Code/User/globalStorage/bmd.stm32-for-vscode/@xpack-dev-tools/arm-none-eabi-gcc/11.3.1-1.1.2/.content/bin/../lib/gcc/arm-none-eabi/11.3.1/thumb/v7e-m+fp/hard/crtbegin.o
                0x0000000008007788                PROVIDE (__init_array_end = .)

.fini_array     0x0000000008007788        0x4
                0x0000000008007788                PROVIDE (__fini_array_start = .)
 *(SORT_BY_NAME(.fini_array.*))
 *(.fini_array*)
 .fini_array    0x0000000008007788        0x4 /Users/riccardobenevelli/Library/Application Support/Code/User/globalStorage/bmd.stm32-for-vscode/@xpack-dev-tools/arm-none-eabi-gcc/11.3.1-1.1.2/.content/bin/../lib/gcc/arm-none-eabi/11.3.1/thumb/v7e-m+fp/hard/crtbegin.o
                0x000000000800778c                PROVIDE (__fini_array_end = .)
                0x000000000800778c                _sidata = LOADADDR (.data)

.data           0x0000000020000000      0x1d4 load address 0x000000000800778c
                0x0000000020000000                . = ALIGN (0x4)
                0x0000000020000000                _sdata = .
 *(.data)
 *(.data*)
 .data.SystemCoreClock
                0x0000000020000000        0x4 build/system_stm32g4xx.o
                0x0000000020000000                SystemCoreClock
 .data.uwTickFreq
                0x0000000020000004        0x4 build/stm32g4xx_hal.o
                0x0000000020000004                uwTickFreq
 .data.uwTickPrio
                0x0000000020000008        0x4 build/stm32g4xx_hal.o
                0x0000000020000008                uwTickPrio
 .data.__sglue  0x000000002000000c        0xc /Users/riccardobenevelli/Library/Application Support/Code/User/globalStorage/bmd.stm32-for-vscode/@xpack-dev-tools/arm-none-eabi-gcc/11.3.1-1.1.2/.content/bin/../lib/gcc/arm-none-eabi/11.3.1/../../../../arm-none-eabi/lib/thumb/v7e-m+fp/hard/libc_nano.a(libc_a-findfp.o)
                0x000000002000000c                __sglue
 .data._impure_data
                0x0000000020000018       0x4c /Users/riccardobenevelli/Library/Application Support/Code/User/globalStorage/bmd.stm32-for-vscode/@xpack-dev-tools/arm-none-eabi-gcc/11.3.1-1.1.2/.content/bin/../lib/gcc/arm-none-eabi/11.3.1/../../../../arm-none-eabi/lib/thumb/v7e-m+fp/hard/libc_nano.a(libc_a-impure.o)
                0x0000000020000018                _impure_data
 .data._impure_ptr
                0x0000000020000064        0x4 /Users/riccardobenevelli/Library/Application Support/Code/User/globalStorage/bmd.stm32-for-vscode/@xpack-dev-tools/arm-none-eabi-gcc/11.3.1-1.1.2/.content/bin/../lib/gcc/arm-none-eabi/11.3.1/../../../../arm-none-eabi/lib/thumb/v7e-m+fp/hard/libc_nano.a(libc_a-impure.o)
                0x0000000020000064                _impure_ptr
 .data.__global_locale
                0x0000000020000068      0x16c /Users/riccardobenevelli/Library/Application Support/Code/User/globalStorage/bmd.stm32-for-vscode/@xpack-dev-tools/arm-none-eabi-gcc/11.3.1-1.1.2/.content/bin/../lib/gcc/arm-none-eabi/11.3.1/../../../../arm-none-eabi/lib/thumb/v7e-m+fp/hard/libc_nano.a(libc_a-locale.o)
                0x0000000020000068                __global_locale
                0x00000000200001d4                . = ALIGN (0x4)
                0x00000000200001d4                _edata = .

.igot.plt       0x00000000200001d4        0x0 load address 0x0000000008007960
 .igot.plt      0x00000000200001d4        0x0 /Users/riccardobenevelli/Library/Application Support/Code/User/globalStorage/bmd.stm32-for-vscode/@xpack-dev-tools/arm-none-eabi-gcc/11.3.1-1.1.2/.content/bin/../lib/gcc/arm-none-eabi/11.3.1/thumb/v7e-m+fp/hard/crtbegin.o
                0x00000000200001d4                . = ALIGN (0x4)

.bss            0x00000000200001d4      0x35c load address 0x0000000008007960
                0x00000000200001d4                _sbss = .
                0x00000000200001d4                __bss_start__ = _sbss
 *(.bss)
 *(.bss*)
 .bss.completed.1
                0x00000000200001d4        0x1 /Users/riccardobenevelli/Library/Application Support/Code/User/globalStorage/bmd.stm32-for-vscode/@xpack-dev-tools/arm-none-eabi-gcc/11.3.1-1.1.2/.content/bin/../lib/gcc/arm-none-eabi/11.3.1/thumb/v7e-m+fp/hard/crtbegin.o
 *fill*         0x00000000200001d5        0x3 
 .bss.object.0  0x00000000200001d8       0x18 /Users/riccardobenevelli/Library/Application Support/Code/User/globalStorage/bmd.stm32-for-vscode/@xpack-dev-tools/arm-none-eabi-gcc/11.3.1-1.1.2/.content/bin/../lib/gcc/arm-none-eabi/11.3.1/thumb/v7e-m+fp/hard/crtbegin.o
 .bss.flag_button
                0x00000000200001f0        0x4 build/main.o
                0x00000000200001f0                flag_button
 .bss.flag_overvoltage
                0x00000000200001f4        0x4 build/main.o
                0x00000000200001f4                flag_overvoltage
 .bss.flag_sensor
                0x00000000200001f8        0x4 build/main.o
                0x00000000200001f8                flag_sensor
 .bss.flag_undervoltage
                0x00000000200001fc        0x4 build/main.o
                0x00000000200001fc                flag_undervoltage
 .bss.flag_voltage
                0x0000000020000200        0x4 build/main.o
                0x0000000020000200                flag_voltage
 .bss.flag_waiting_message
                0x0000000020000204        0x4 build/main.o
                0x0000000020000204                flag_waiting_message
 .bss.hadc1     0x0000000020000208       0x6c build/main.o
                0x0000000020000208                hadc1
 .bss.hadc2     0x0000000020000274       0x6c build/main.o
                0x0000000020000274                hadc2
 .bss.hlpuart1  0x00000000200002e0       0x90 build/main.o
                0x00000000200002e0                hlpuart1
 .bss.htim6     0x0000000020000370       0x4c build/main.o
                0x0000000020000370                htim6
 .bss.state     0x00000000200003bc        0x1 build/main.o
                0x00000000200003bc                state
 *fill*         0x00000000200003bd        0x3 
 .bss.state_names
                0x00000000200003c0       0x14 build/main.o
                0x00000000200003c0                state_names
 .bss.timer_lap
                0x00000000200003d4        0x4 build/main.o
                0x00000000200003d4                timer_lap
 .bss.HAL_RCC_ADC12_CLK_ENABLED
                0x00000000200003d8        0x4 build/stm32g4xx_hal_msp.o
 .bss.uwTick    0x00000000200003dc        0x4 build/stm32g4xx_hal.o
                0x00000000200003dc                uwTick
 .bss.__sf      0x00000000200003e0      0x138 /Users/riccardobenevelli/Library/Application Support/Code/User/globalStorage/bmd.stm32-for-vscode/@xpack-dev-tools/arm-none-eabi-gcc/11.3.1-1.1.2/.content/bin/../lib/gcc/arm-none-eabi/11.3.1/../../../../arm-none-eabi/lib/thumb/v7e-m+fp/hard/libc_nano.a(libc_a-findfp.o)
                0x00000000200003e0                __sf
 .bss.__stdio_exit_handler
                0x0000000020000518        0x4 /Users/riccardobenevelli/Library/Application Support/Code/User/globalStorage/bmd.stm32-for-vscode/@xpack-dev-tools/arm-none-eabi-gcc/11.3.1-1.1.2/.content/bin/../lib/gcc/arm-none-eabi/11.3.1/../../../../arm-none-eabi/lib/thumb/v7e-m+fp/hard/libc_nano.a(libc_a-findfp.o)
                0x0000000020000518                __stdio_exit_handler
 .bss.errno     0x000000002000051c        0x4 /Users/riccardobenevelli/Library/Application Support/Code/User/globalStorage/bmd.stm32-for-vscode/@xpack-dev-tools/arm-none-eabi-gcc/11.3.1-1.1.2/.content/bin/../lib/gcc/arm-none-eabi/11.3.1/../../../../arm-none-eabi/lib/thumb/v7e-m+fp/hard/libc_nano.a(libc_a-reent.o)
                0x000000002000051c                errno
 .bss.__lock___malloc_recursive_mutex
                0x0000000020000520        0x1 /Users/riccardobenevelli/Library/Application Support/Code/User/globalStorage/bmd.stm32-for-vscode/@xpack-dev-tools/arm-none-eabi-gcc/11.3.1-1.1.2/.content/bin/../lib/gcc/arm-none-eabi/11.3.1/../../../../arm-none-eabi/lib/thumb/v7e-m+fp/hard/libc_nano.a(libc_a-lock.o)
                0x0000000020000520                __lock___malloc_recursive_mutex
 .bss.__lock___sfp_recursive_mutex
                0x0000000020000521        0x1 /Users/riccardobenevelli/Library/Application Support/Code/User/globalStorage/bmd.stm32-for-vscode/@xpack-dev-tools/arm-none-eabi-gcc/11.3.1-1.1.2/.content/bin/../lib/gcc/arm-none-eabi/11.3.1/../../../../arm-none-eabi/lib/thumb/v7e-m+fp/hard/libc_nano.a(libc_a-lock.o)
                0x0000000020000521                __lock___sfp_recursive_mutex
 *fill*         0x0000000020000522        0x2 
 .bss.__malloc_free_list
                0x0000000020000524        0x4 /Users/riccardobenevelli/Library/Application Support/Code/User/globalStorage/bmd.stm32-for-vscode/@xpack-dev-tools/arm-none-eabi-gcc/11.3.1-1.1.2/.content/bin/../lib/gcc/arm-none-eabi/11.3.1/../../../../arm-none-eabi/lib/thumb/v7e-m+fp/hard/libc_nano.a(libc_a-mallocr.o)
                0x0000000020000524                __malloc_free_list
 .bss.__malloc_sbrk_start
                0x0000000020000528        0x4 /Users/riccardobenevelli/Library/Application Support/Code/User/globalStorage/bmd.stm32-for-vscode/@xpack-dev-tools/arm-none-eabi-gcc/11.3.1-1.1.2/.content/bin/../lib/gcc/arm-none-eabi/11.3.1/../../../../arm-none-eabi/lib/thumb/v7e-m+fp/hard/libc_nano.a(libc_a-mallocr.o)
                0x0000000020000528                __malloc_sbrk_start
 .bss.heap_end.0
                0x000000002000052c        0x4 /Users/riccardobenevelli/Library/Application Support/Code/User/globalStorage/bmd.stm32-for-vscode/@xpack-dev-tools/arm-none-eabi-gcc/11.3.1-1.1.2/.content/bin/../lib/gcc/arm-none-eabi/11.3.1/../../../../arm-none-eabi/lib/thumb/v7e-m+fp/hard/libnosys.a(sbrk.o)
 *(COMMON)
                0x0000000020000530                . = ALIGN (0x4)
                0x0000000020000530                _ebss = .
                0x0000000020000530                __bss_end__ = _ebss

._user_heap_stack
                0x0000000020000530      0x600 load address 0x0000000008007960
                0x0000000020000530                . = ALIGN (0x8)
                0x0000000020000530                PROVIDE (end = .)
                [!provide]                        PROVIDE (_end = .)
                0x0000000020000730                . = (. + _Min_Heap_Size)
 *fill*         0x0000000020000530      0x200 
                0x0000000020000b30                . = (. + _Min_Stack_Size)
 *fill*         0x0000000020000730      0x400 
                0x0000000020000b30                . = ALIGN (0x8)

/DISCARD/
 libc.a(*)
 libm.a(*)
 libgcc.a(*)

.ARM.attributes
                0x0000000000000000       0x30
 *(.ARM.attributes)
 .ARM.attributes
                0x0000000000000000       0x1e /Users/riccardobenevelli/Library/Application Support/Code/User/globalStorage/bmd.stm32-for-vscode/@xpack-dev-tools/arm-none-eabi-gcc/11.3.1-1.1.2/.content/bin/../lib/gcc/arm-none-eabi/11.3.1/thumb/v7e-m+fp/hard/crti.o
 .ARM.attributes
                0x000000000000001e       0x34 /Users/riccardobenevelli/Library/Application Support/Code/User/globalStorage/bmd.stm32-for-vscode/@xpack-dev-tools/arm-none-eabi-gcc/11.3.1-1.1.2/.content/bin/../lib/gcc/arm-none-eabi/11.3.1/thumb/v7e-m+fp/hard/crtbegin.o
 .ARM.attributes
                0x0000000000000052       0x34 build/main.o
 .ARM.attributes
                0x0000000000000086       0x34 build/stm32g4xx_hal_msp.o
 .ARM.attributes
                0x00000000000000ba       0x34 build/stm32g4xx_it.o
 .ARM.attributes
                0x00000000000000ee       0x34 build/system_stm32g4xx.o
 .ARM.attributes
                0x0000000000000122       0x34 build/stm32g4xx_hal.o
 .ARM.attributes
                0x0000000000000156       0x34 build/stm32g4xx_hal_adc.o
 .ARM.attributes
                0x000000000000018a       0x34 build/stm32g4xx_hal_adc_ex.o
 .ARM.attributes
                0x00000000000001be       0x34 build/stm32g4xx_hal_cortex.o
 .ARM.attributes
                0x00000000000001f2       0x34 build/stm32g4xx_hal_gpio.o
 .ARM.attributes
                0x0000000000000226       0x34 build/stm32g4xx_hal_pwr_ex.o
 .ARM.attributes
                0x000000000000025a       0x34 build/stm32g4xx_hal_rcc.o
 .ARM.attributes
                0x000000000000028e       0x34 build/stm32g4xx_hal_rcc_ex.o
 .ARM.attributes
                0x00000000000002c2       0x34 build/stm32g4xx_hal_tim.o
 .ARM.attributes
                0x00000000000002f6       0x34 build/stm32g4xx_hal_tim_ex.o
 .ARM.attributes
                0x000000000000032a       0x34 build/stm32g4xx_hal_uart.o
 .ARM.attributes
                0x000000000000035e       0x34 build/stm32g4xx_hal_uart_ex.o
 .ARM.attributes
                0x0000000000000392       0x21 build/startup_stm32g474xx.o
 .ARM.attributes
                0x00000000000003b3       0x34 /Users/riccardobenevelli/Library/Application Support/Code/User/globalStorage/bmd.stm32-for-vscode/@xpack-dev-tools/arm-none-eabi-gcc/11.3.1-1.1.2/.content/bin/../lib/gcc/arm-none-eabi/11.3.1/../../../../arm-none-eabi/lib/thumb/v7e-m+fp/hard/libc_nano.a(libc_a-nano-vfprintf_float.o)
 .ARM.attributes
                0x00000000000003e7       0x34 /Users/riccardobenevelli/Library/Application Support/Code/User/globalStorage/bmd.stm32-for-vscode/@xpack-dev-tools/arm-none-eabi-gcc/11.3.1-1.1.2/.content/bin/../lib/gcc/arm-none-eabi/11.3.1/../../../../arm-none-eabi/lib/thumb/v7e-m+fp/hard/libc_nano.a(libc_a-nano-vfprintf_i.o)
 .ARM.attributes
                0x000000000000041b       0x34 /Users/riccardobenevelli/Library/Application Support/Code/User/globalStorage/bmd.stm32-for-vscode/@xpack-dev-tools/arm-none-eabi-gcc/11.3.1-1.1.2/.content/bin/../lib/gcc/arm-none-eabi/11.3.1/../../../../arm-none-eabi/lib/thumb/v7e-m+fp/hard/libc_nano.a(libc_a-findfp.o)
 .ARM.attributes
                0x000000000000044f       0x34 /Users/riccardobenevelli/Library/Application Support/Code/User/globalStorage/bmd.stm32-for-vscode/@xpack-dev-tools/arm-none-eabi-gcc/11.3.1-1.1.2/.content/bin/../lib/gcc/arm-none-eabi/11.3.1/../../../../arm-none-eabi/lib/thumb/v7e-m+fp/hard/libc_nano.a(libc_a-fwalk.o)
 .ARM.attributes
                0x0000000000000483       0x34 /Users/riccardobenevelli/Library/Application Support/Code/User/globalStorage/bmd.stm32-for-vscode/@xpack-dev-tools/arm-none-eabi-gcc/11.3.1-1.1.2/.content/bin/../lib/gcc/arm-none-eabi/11.3.1/../../../../arm-none-eabi/lib/thumb/v7e-m+fp/hard/libc_nano.a(libc_a-sprintf.o)
 .ARM.attributes
                0x00000000000004b7       0x34 /Users/riccardobenevelli/Library/Application Support/Code/User/globalStorage/bmd.stm32-for-vscode/@xpack-dev-tools/arm-none-eabi-gcc/11.3.1-1.1.2/.content/bin/../lib/gcc/arm-none-eabi/11.3.1/../../../../arm-none-eabi/lib/thumb/v7e-m+fp/hard/libc_nano.a(libc_a-stdio.o)
 .ARM.attributes
                0x00000000000004eb       0x34 /Users/riccardobenevelli/Library/Application Support/Code/User/globalStorage/bmd.stm32-for-vscode/@xpack-dev-tools/arm-none-eabi-gcc/11.3.1-1.1.2/.content/bin/../lib/gcc/arm-none-eabi/11.3.1/../../../../arm-none-eabi/lib/thumb/v7e-m+fp/hard/libc_nano.a(libc_a-memset.o)
 .ARM.attributes
                0x000000000000051f       0x34 /Users/riccardobenevelli/Library/Application Support/Code/User/globalStorage/bmd.stm32-for-vscode/@xpack-dev-tools/arm-none-eabi-gcc/11.3.1-1.1.2/.content/bin/../lib/gcc/arm-none-eabi/11.3.1/../../../../arm-none-eabi/lib/thumb/v7e-m+fp/hard/libc_nano.a(libc_a-localeconv.o)
 .ARM.attributes
                0x0000000000000553       0x34 /Users/riccardobenevelli/Library/Application Support/Code/User/globalStorage/bmd.stm32-for-vscode/@xpack-dev-tools/arm-none-eabi-gcc/11.3.1-1.1.2/.content/bin/../lib/gcc/arm-none-eabi/11.3.1/../../../../arm-none-eabi/lib/thumb/v7e-m+fp/hard/libc_nano.a(libc_a-closer.o)
 .ARM.attributes
                0x0000000000000587       0x34 /Users/riccardobenevelli/Library/Application Support/Code/User/globalStorage/bmd.stm32-for-vscode/@xpack-dev-tools/arm-none-eabi-gcc/11.3.1-1.1.2/.content/bin/../lib/gcc/arm-none-eabi/11.3.1/../../../../arm-none-eabi/lib/thumb/v7e-m+fp/hard/libc_nano.a(libc_a-reent.o)
 .ARM.attributes
                0x00000000000005bb       0x34 /Users/riccardobenevelli/Library/Application Support/Code/User/globalStorage/bmd.stm32-for-vscode/@xpack-dev-tools/arm-none-eabi-gcc/11.3.1-1.1.2/.content/bin/../lib/gcc/arm-none-eabi/11.3.1/../../../../arm-none-eabi/lib/thumb/v7e-m+fp/hard/libc_nano.a(libc_a-impure.o)
 .ARM.attributes
                0x00000000000005ef       0x34 /Users/riccardobenevelli/Library/Application Support/Code/User/globalStorage/bmd.stm32-for-vscode/@xpack-dev-tools/arm-none-eabi-gcc/11.3.1-1.1.2/.content/bin/../lib/gcc/arm-none-eabi/11.3.1/../../../../arm-none-eabi/lib/thumb/v7e-m+fp/hard/libc_nano.a(libc_a-lseekr.o)
 .ARM.attributes
                0x0000000000000623       0x34 /Users/riccardobenevelli/Library/Application Support/Code/User/globalStorage/bmd.stm32-for-vscode/@xpack-dev-tools/arm-none-eabi-gcc/11.3.1-1.1.2/.content/bin/../lib/gcc/arm-none-eabi/11.3.1/../../../../arm-none-eabi/lib/thumb/v7e-m+fp/hard/libc_nano.a(libc_a-readr.o)
 .ARM.attributes
                0x0000000000000657       0x34 /Users/riccardobenevelli/Library/Application Support/Code/User/globalStorage/bmd.stm32-for-vscode/@xpack-dev-tools/arm-none-eabi-gcc/11.3.1-1.1.2/.content/bin/../lib/gcc/arm-none-eabi/11.3.1/../../../../arm-none-eabi/lib/thumb/v7e-m+fp/hard/libc_nano.a(libc_a-writer.o)
 .ARM.attributes
                0x000000000000068b       0x34 /Users/riccardobenevelli/Library/Application Support/Code/User/globalStorage/bmd.stm32-for-vscode/@xpack-dev-tools/arm-none-eabi-gcc/11.3.1-1.1.2/.content/bin/../lib/gcc/arm-none-eabi/11.3.1/../../../../arm-none-eabi/lib/thumb/v7e-m+fp/hard/libc_nano.a(libc_a-init.o)
 .ARM.attributes
                0x00000000000006bf       0x34 /Users/riccardobenevelli/Library/Application Support/Code/User/globalStorage/bmd.stm32-for-vscode/@xpack-dev-tools/arm-none-eabi-gcc/11.3.1-1.1.2/.content/bin/../lib/gcc/arm-none-eabi/11.3.1/../../../../arm-none-eabi/lib/thumb/v7e-m+fp/hard/libc_nano.a(libc_a-lock.o)
 .ARM.attributes
                0x00000000000006f3       0x1c /Users/riccardobenevelli/Library/Application Support/Code/User/globalStorage/bmd.stm32-for-vscode/@xpack-dev-tools/arm-none-eabi-gcc/11.3.1-1.1.2/.content/bin/../lib/gcc/arm-none-eabi/11.3.1/../../../../arm-none-eabi/lib/thumb/v7e-m+fp/hard/libc_nano.a(libc_a-memchr.o)
 .ARM.attributes
                0x000000000000070f       0x17 /Users/riccardobenevelli/Library/Application Support/Code/User/globalStorage/bmd.stm32-for-vscode/@xpack-dev-tools/arm-none-eabi-gcc/11.3.1-1.1.2/.content/bin/../lib/gcc/arm-none-eabi/11.3.1/../../../../arm-none-eabi/lib/thumb/v7e-m+fp/hard/libc_nano.a(libc_a-strlen.o)
 .ARM.attributes
                0x0000000000000726       0x34 /Users/riccardobenevelli/Library/Application Support/Code/User/globalStorage/bmd.stm32-for-vscode/@xpack-dev-tools/arm-none-eabi-gcc/11.3.1-1.1.2/.content/bin/../lib/gcc/arm-none-eabi/11.3.1/../../../../arm-none-eabi/lib/thumb/v7e-m+fp/hard/libc_nano.a(libc_a-dtoa.o)
 .ARM.attributes